Archive member included to satisfy reference by file (symbol)

C:/devkitPro/libctru/lib\libcitro2d.a(base.o)
                              advancedMode.o (C2D_Init)
C:/devkitPro/libctru/lib\libcitro2d.a(render2d.shbin.o)
                              C:/devkitPro/libctru/lib\libcitro2d.a(base.o) (render2d_shbin)
C:/devkitPro/libctru/lib\libcitro3d.a(attribs.o)
                              C:/devkitPro/libctru/lib\libcitro2d.a(base.o) (AttrInfo_Init)
C:/devkitPro/libctru/lib\libcitro3d.a(base.o)
                              C:/devkitPro/libctru/lib\libcitro3d.a(attribs.o) (__C3D_Context)
C:/devkitPro/libctru/lib\libcitro3d.a(buffers.o)
                              C:/devkitPro/libctru/lib\libcitro2d.a(base.o) (BufInfo_Init)
C:/devkitPro/libctru/lib\libcitro3d.a(drawElements.o)
                              C:/devkitPro/libctru/lib\libcitro2d.a(base.o) (C3D_DrawElements)
C:/devkitPro/libctru/lib\libcitro3d.a(effect.o)
                              C:/devkitPro/libctru/lib\libcitro3d.a(base.o) (C3D_DepthMap)
C:/devkitPro/libctru/lib\libcitro3d.a(framebuffer.o)
                              C:/devkitPro/libctru/lib\libcitro3d.a(base.o) (C3Di_FrameBufBind)
C:/devkitPro/libctru/lib\libcitro3d.a(immediate.o)
                              C:/devkitPro/libctru/lib\libcitro3d.a(base.o) (C3D_ImmSendAttrib)
C:/devkitPro/libctru/lib\libcitro3d.a(proctex.o)
                              C:/devkitPro/libctru/lib\libcitro2d.a(base.o) (C3D_ProcTexInit)
C:/devkitPro/libctru/lib\libcitro3d.a(renderqueue.o)
                              C:/devkitPro/libctru/lib\libcitro3d.a(base.o) (C3Di_RenderQueueEnableVBlank)
C:/devkitPro/libctru/lib\libcitro3d.a(texenv.o)
                              C:/devkitPro/libctru/lib\libcitro2d.a(base.o) (C3D_GetTexEnv)
C:/devkitPro/libctru/lib\libcitro3d.a(texture.o)
                              C:/devkitPro/libctru/lib\libcitro2d.a(base.o) (C3D_TexBind)
C:/devkitPro/libctru/lib\libcitro3d.a(uniforms.o)
                              C:/devkitPro/libctru/lib\libcitro3d.a(base.o) (C3D_UpdateUniforms)
C:/devkitPro/libctru/lib\libcitro3d.a(mtx_multiply.o)
                              C:/devkitPro/libctru/lib\libcitro2d.a(base.o) (Mtx_Multiply)
C:/devkitPro/libctru/lib\libcitro3d.a(mtx_ortho.o)
                              C:/devkitPro/libctru/lib\libcitro2d.a(base.o) (Mtx_Ortho)
C:/devkitPro/libctru/lib\libcitro3d.a(mtx_orthotilt.o)
                              C:/devkitPro/libctru/lib\libcitro2d.a(base.o) (Mtx_OrthoTilt)
C:/devkitPro/libctru/lib\libcitro3d.a(mtx_rotatez.o)
                              C:/devkitPro/libctru/lib\libcitro2d.a(base.o) (Mtx_RotateZ)
C:/devkitPro/libctru/lib\libcitro3d.a(mtx_scale.o)
                              C:/devkitPro/libctru/lib\libcitro2d.a(base.o) (Mtx_Scale)
C:/devkitPro/libctru/lib\libcitro3d.a(mtx_translate.o)
                              C:/devkitPro/libctru/lib\libcitro2d.a(base.o) (Mtx_Translate)
C:/devkitPro/libctru/lib\libctru.a(linear.o)
                              C:/devkitPro/libctru/lib\libcitro2d.a(base.o) (linearAlloc)
C:/devkitPro/libctru/lib\libctru.a(mem_pool.o)
                              C:/devkitPro/libctru/lib\libctru.a(linear.o) (MemPool::Allocate(MemChunk&, unsigned long, int))
C:/devkitPro/libctru/lib\libctru.a(vram.o)
                              C:/devkitPro/libctru/lib\libcitro3d.a(renderqueue.o) (vramAlloc)
C:/devkitPro/libctru/lib\libctru.a(console.o)
                              advancedMode.o (consoleSelect)
C:/devkitPro/libctru/lib\libctru.a(gfx.o)
                              C:/devkitPro/libctru/lib\libcitro2d.a(base.o) (gfxIsWide)
C:/devkitPro/libctru/lib\libctru.a(os.o)
                              C:/devkitPro/libctru/lib\libcitro3d.a(buffers.o) (osConvertVirtToPhys)
C:/devkitPro/libctru/lib\libctru.a(gpu.o)
                              C:/devkitPro/libctru/lib\libcitro3d.a(base.o) (gpuCmdBufOffset)
C:/devkitPro/libctru/lib\libctru.a(gx.o)
                              C:/devkitPro/libctru/lib\libcitro3d.a(renderqueue.o) (GX_BindQueue)
C:/devkitPro/libctru/lib\libctru.a(gxqueue.o)
                              C:/devkitPro/libctru/lib\libcitro3d.a(renderqueue.o) (gxCmdQueueClear)
C:/devkitPro/libctru/lib\libctru.a(shaderProgram.o)
                              C:/devkitPro/libctru/lib\libcitro2d.a(base.o) (shaderInstanceGetUniformLocation)
C:/devkitPro/libctru/lib\libctru.a(shbin.o)
                              C:/devkitPro/libctru/lib\libcitro2d.a(base.o) (DVLB_ParseFile)
C:/devkitPro/libctru/lib\libctru.a(apt.o)
                              C:/devkitPro/libctru/lib\libcitro3d.a(base.o) (aptHook)
C:/devkitPro/libctru/lib\libctru.a(gspgpu.o)
                              C:/devkitPro/libctru/lib\libctru.a(gfx.o) (gspInit)
C:/devkitPro/libctru/lib\libctru.a(hid.o)
                              main.o (hidInit)
C:/devkitPro/libctru/lib\libctru.a(irrst.o)
                              C:/devkitPro/libctru/lib\libctru.a(hid.o) (irrstInit)
[...]
Memory Configuration

Name             Origin             Length             Attributes
*default*        0x00000000         0xffffffff

Linker script and memory map

                0x00000000                        __sync_synchronize = __sync_synchronize_dmb
                0x00100000                        PROVIDE (__start__ = 0x100000)
                0x00100000                        . = __start__

.text           0x00100000    0x1d058
 *(.crt0)
 .crt0          0x00100000       0x94 C:/devkitPro/devkitARM/bin/../lib/gcc/arm-none-eabi/14.2.0/../../../../arm-none-eabi/lib/armv6k/fpu/3dsx_crt0.o
                0x00100000                _start
                0x00100008                __service_ptr
                0x0010000c                __apt_appid
                0x00100010                __heap_size
                0x00100014                __linear_heap_size
                0x00100018                __system_arglist
                0x0010001c                __system_runflags
 *(.init)
 .init          0x00100094        0xc C:/devkitPro/devkitARM/bin/../lib/gcc/arm-none-eabi/14.2.0/armv6k/fpu/crti.o
                0x00100094                _init
 .init          0x001000a0        0xc C:/devkitPro/devkitARM/bin/../lib/gcc/arm-none-eabi/14.2.0/armv6k/fpu/crtn.o
                0x001000ac                        . = ALIGN (0x4)
 *(.text)
 .text          0x001000ac      0x240 C:/devkitPro/devkitARM/bin/../lib/gcc/arm-none-eabi/14.2.0/armv6k/fpu\libgcc.a(_divsi3.o)
                0x001000ac                __divsi3
                0x001000ac                __aeabi_idiv
                0x001002cc                __aeabi_idivmod
 .text          0x001002ec        0x4 C:/devkitPro/devkitARM/bin/../lib/gcc/arm-none-eabi/14.2.0/armv6k/fpu\libgcc.a(_dvmd_tls.o)
                0x001002ec                __aeabi_idiv0
                0x001002ec                __aeabi_ldiv0
 .text          0x001002f0       0x3c C:/devkitPro/devkitARM/bin/../lib/gcc/arm-none-eabi/14.2.0/armv6k/fpu\libgcc.a(_aeabi_uldivmod.o)
                0x001002f0                __aeabi_uldivmod
 *fill*         0x0010032c       0x14 
 .text          0x00100340      0x390 C:/devkitPro/devkitARM/bin/../lib/gcc/arm-none-eabi/14.2.0/../../../../arm-none-eabi/lib/armv6k/fpu\libg.a(libc_a-strcmp.o)
                0x00100348                strcmp
 .text          0x001006d0      0x20c C:/devkitPro/devkitARM/bin/../lib/gcc/arm-none-eabi/14.2.0/armv6k/fpu\libgcc.a(_udivsi3.o)
                0x001006d0                __aeabi_uidiv
                0x001006d0                __udivsi3
                0x001008bc                __aeabi_uidivmod
 *(.text.*)
 .text.__do_global_dtors_aux
                0x001008dc       0x40 C:/devkitPro/devkitARM/bin/../lib/gcc/arm-none-eabi/14.2.0/armv6k/fpu/crtbegin.o
 .text.frame_dummy
                0x0010091c       0x2c C:/devkitPro/devkitARM/bin/../lib/gcc/arm-none-eabi/14.2.0/armv6k/fpu/crtbegin.o
 .text.advancedMode
                0x00100948      0x590 advancedMode.o
                0x00100948                advancedMode
 .text.startup.main
                0x00100ed8       0xa0 main.o
                0x00100ed8                main
 .text.drawLine
                0x00100f78       0xc0 simpleMode.o
                0x00100f78                drawLine
 .text.printSimpleControls
                0x00101038       0x38 simpleMode.o
                0x00101038                printSimpleControls
 .text.simpleMode
                0x00101070      0x218 simpleMode.o
                0x00101070                simpleMode
 .text.C2Di_FrameEndHook
                0x00101288       0x44 C:/devkitPro/libctru/lib\libcitro2d.a(base.o)
 *fill*         0x001012cc        0x4 
 .text.C2D_Init
                0x001012d0      0x36c C:/devkitPro/libctru/lib\libcitro2d.a(base.o)
                0x001012d0                C2D_Init
 .text.C2D_Fini
                0x0010163c       0x4c C:/devkitPro/libctru/lib\libcitro2d.a(base.o)
                0x0010163c                C2D_Fini
 .text.C2D_Prepare
                0x00101688       0xb8 C:/devkitPro/libctru/lib\libcitro2d.a(base.o)
                0x00101688                C2D_Prepare
 .text.C2D_Flush
                0x00101740       0x48 C:/devkitPro/libctru/lib\libcitro2d.a(base.o)
                0x00101740                C2D_Flush
 .text.C2D_SceneSize
                0x00101788      0x104 C:/devkitPro/libctru/lib\libcitro2d.a(base.o)
                0x00101788                C2D_SceneSize
 .text.C2D_CreateScreenTarget
                0x0010188c       0x58 C:/devkitPro/libctru/lib\libcitro2d.a(base.o)
                0x0010188c                C2D_CreateScreenTarget
 .text.C2D_TargetClear
                0x001018e4       0x64 C:/devkitPro/libctru/lib\libcitro2d.a(base.o)
                0x001018e4                C2D_TargetClear
 .text.C2Di_AppendQuad
                0x00101948       0x58 C:/devkitPro/libctru/lib\libcitro2d.a(base.o)
                0x00101948                C2Di_AppendQuad
 .text.C2Di_Update
                0x001019a0      0x550 C:/devkitPro/libctru/lib\libcitro2d.a(base.o)
                0x001019a0                C2Di_Update
 .text.C2D_DrawLine
                0x00101ef0      0x1dc C:/devkitPro/libctru/lib\libcitro2d.a(base.o)
                0x00101ef0                C2D_DrawLine
 .text.C2D_DrawEllipse
                0x001020cc      0x16c C:/devkitPro/libctru/lib\libcitro2d.a(base.o)
                0x001020cc                C2D_DrawEllipse
 .text.AttrInfo_Init
                0x00102238       0x28 C:/devkitPro/libctru/lib\libcitro3d.a(attribs.o)
                0x00102238                AttrInfo_Init
 .text.AttrInfo_AddLoader
                0x00102260       0x94 C:/devkitPro/libctru/lib\libcitro3d.a(attribs.o)
                0x00102260                AttrInfo_AddLoader
 .text.C3D_SetAttrInfo
                0x001022f4       0x54 C:/devkitPro/libctru/lib\libcitro3d.a(attribs.o)
                0x001022f4                C3D_SetAttrInfo
 .text.C3Di_AttrInfoBind
                0x00102348       0x80 C:/devkitPro/libctru/lib\libcitro3d.a(attribs.o)
                0x00102348                C3Di_AttrInfoBind
 .text.C3Di_LightEnvUpdate
                0x001023c8        0x4 C:/devkitPro/libctru/lib\libcitro3d.a(base.o)
                0x001023c8                C3Di_LightEnvUpdate
 .text.C3Di_LightEnvDirty
                0x001023cc        0x4 C:/devkitPro/libctru/lib\libcitro3d.a(base.o)
                0x001023cc                C3Di_LightEnvDirty
 .text.C3Di_AptEventHook
                0x001023d0       0xb4 C:/devkitPro/libctru/lib\libcitro3d.a(base.o)
 .text.C3Di_GasUpdate
                0x00102484        0x4 C:/devkitPro/libctru/lib\libcitro3d.a(base.o)
                0x00102484                C3Di_GasUpdate
 .text.C3D_Init
                0x00102488      0x1d0 C:/devkitPro/libctru/lib\libcitro3d.a(base.o)
                0x00102488                C3D_Init
 .text.C3D_SetViewport
                0x00102658       0x98 C:/devkitPro/libctru/lib\libcitro3d.a(base.o)
                0x00102658                C3D_SetViewport
 .text.C3Di_UpdateContext
                0x001026f0      0x4e8 C:/devkitPro/libctru/lib\libcitro3d.a(base.o)
                0x001026f0                C3Di_UpdateContext
 .text.C3Di_SplitFrame
                0x00102bd8       0xe0 C:/devkitPro/libctru/lib\libcitro3d.a(base.o)
                0x00102bd8                C3Di_SplitFrame
 .text.C3D_Fini
                0x00102cb8       0x44 C:/devkitPro/libctru/lib\libcitro3d.a(base.o)
                0x00102cb8                C3D_Fini
 .text.C3D_BindProgram
                0x00102cfc      0x194 C:/devkitPro/libctru/lib\libcitro3d.a(base.o)
                0x00102cfc                C3D_BindProgram
 .text.BufInfo_Init
                0x00102e90       0x24 C:/devkitPro/libctru/lib\libcitro3d.a(buffers.o)
                0x00102e90                BufInfo_Init
 .text.BufInfo_Add
                0x00102eb4       0x80 C:/devkitPro/libctru/lib\libcitro3d.a(buffers.o)
                0x00102eb4                BufInfo_Add
 .text.C3D_SetBufInfo
                0x00102f34       0x3c C:/devkitPro/libctru/lib\libcitro3d.a(buffers.o)
                0x00102f34                C3D_SetBufInfo
 .text.C3Di_BufInfoBind
                0x00102f70       0x48 C:/devkitPro/libctru/lib\libcitro3d.a(buffers.o)
                0x00102f70                C3Di_BufInfoBind
 .text.C3D_DrawElements
                0x00102fb8      0x21c C:/devkitPro/libctru/lib\libcitro3d.a(drawElements.o)
                0x00102fb8                C3D_DrawElements
 .text.C3D_DepthMap
                0x001031d4       0x40 C:/devkitPro/libctru/lib\libcitro3d.a(effect.o)
                0x001031d4                C3D_DepthMap
 .text.C3D_CullFace
                0x00103214       0x1c C:/devkitPro/libctru/lib\libcitro3d.a(effect.o)
                0x00103214                C3D_CullFace
 .text.C3D_StencilTest
                0x00103230       0x40 C:/devkitPro/libctru/lib\libcitro3d.a(effect.o)
                0x00103230                C3D_StencilTest
 .text.C3D_StencilOp
                0x00103270       0x24 C:/devkitPro/libctru/lib\libcitro3d.a(effect.o)
                0x00103270                C3D_StencilOp
 .text.C3D_BlendingColor
                0x00103294       0x1c C:/devkitPro/libctru/lib\libcitro3d.a(effect.o)
                0x00103294                C3D_BlendingColor
 .text.C3D_EarlyDepthTest
                0x001032b0       0x24 C:/devkitPro/libctru/lib\libcitro3d.a(effect.o)
                0x001032b0                C3D_EarlyDepthTest
 .text.C3D_DepthTest
                0x001032d4       0x2c C:/devkitPro/libctru/lib\libcitro3d.a(effect.o)
                0x001032d4                C3D_DepthTest
 .text.C3D_AlphaTest
                0x00103300       0x2c C:/devkitPro/libctru/lib\libcitro3d.a(effect.o)
                0x00103300                C3D_AlphaTest
 .text.C3D_AlphaBlend
                0x0010332c       0x50 C:/devkitPro/libctru/lib\libcitro3d.a(effect.o)
                0x0010332c                C3D_AlphaBlend
 .text.C3D_FragOpMode
                0x0010337c       0x30 C:/devkitPro/libctru/lib\libcitro3d.a(effect.o)
                0x0010337c                C3D_FragOpMode
 .text.C3D_FragOpShadow
                0x001033ac       0x44 C:/devkitPro/libctru/lib\libcitro3d.a(effect.o)
                0x001033ac                C3D_FragOpShadow
 .text.C3Di_EffectBind
                0x001033f0      0x1ac C:/devkitPro/libctru/lib\libcitro3d.a(effect.o)
                0x001033f0                C3Di_EffectBind
 .text.C3D_CalcColorBufSize
                0x0010359c       0x1c C:/devkitPro/libctru/lib\libcitro3d.a(framebuffer.o)
                0x0010359c                C3D_CalcColorBufSize
 .text.C3D_CalcDepthBufSize
                0x001035b8       0x1c C:/devkitPro/libctru/lib\libcitro3d.a(framebuffer.o)
                0x001035b8                C3D_CalcDepthBufSize
 .text.C3D_SetFrameBuf
                0x001035d4       0x44 C:/devkitPro/libctru/lib\libcitro3d.a(framebuffer.o)
                0x001035d4                C3D_SetFrameBuf
 .text.C3Di_FrameBufBind
                0x00103618      0x16c C:/devkitPro/libctru/lib\libcitro3d.a(framebuffer.o)
                0x00103618                C3Di_FrameBufBind
 .text.C3D_FrameBufClear
                0x00103784       0xc8 C:/devkitPro/libctru/lib\libcitro3d.a(framebuffer.o)
                0x00103784                C3D_FrameBufClear
 .text.C3D_FrameBufTransfer
                0x0010384c       0x44 C:/devkitPro/libctru/lib\libcitro3d.a(framebuffer.o)
                0x0010384c                C3D_FrameBufTransfer
 .text.C3D_ImmSendAttrib
                0x00103890       0xa8 C:/devkitPro/libctru/lib\libcitro3d.a(immediate.o)
                0x00103890                C3D_ImmSendAttrib
 .text.C3D_ProcTexInit
                0x00103938       0x70 C:/devkitPro/libctru/lib\libcitro3d.a(proctex.o)
                0x00103938                C3D_ProcTexInit
 .text.C3D_ProcTexBind
                0x001039a8       0x54 C:/devkitPro/libctru/lib\libcitro3d.a(proctex.o)
                0x001039a8                C3D_ProcTexBind
 .text.C3D_ProcTexLutBind
                0x001039fc       0x5c C:/devkitPro/libctru/lib\libcitro3d.a(proctex.o)
                0x001039fc                C3D_ProcTexLutBind
 .text.ProcTexLut_FromArray
                0x00103a58       0xa4 C:/devkitPro/libctru/lib\libcitro3d.a(proctex.o)
                0x00103a58                ProcTexLut_FromArray
 .text.C3Di_ProcTexUpdate
                0x00103afc      0x178 C:/devkitPro/libctru/lib\libcitro3d.a(proctex.o)
                0x00103afc                C3Di_ProcTexUpdate
 .text.C3Di_ProcTexDirty
                0x00103c74       0x68 C:/devkitPro/libctru/lib\libcitro3d.a(proctex.o)
                0x00103c74                C3Di_ProcTexDirty
 .text.onVBlank0
                0x00103cdc       0x4c C:/devkitPro/libctru/lib\libcitro3d.a(renderqueue.o)
 .text.onVBlank1
                0x00103d28       0x4c C:/devkitPro/libctru/lib\libcitro3d.a(renderqueue.o)
 .text.C3Di_RenderTargetDestroy
                0x00103d74       0x80 C:/devkitPro/libctru/lib\libcitro3d.a(renderqueue.o)
 .text.onQueueFinish
                0x00103df4       0xf4 C:/devkitPro/libctru/lib\libcitro3d.a(renderqueue.o)
 .text.C3Di_RenderQueueEnableVBlank
                0x00103ee8       0x38 C:/devkitPro/libctru/lib\libcitro3d.a(renderqueue.o)
                0x00103ee8                C3Di_RenderQueueEnableVBlank
 .text.C3Di_RenderQueueDisableVBlank
                0x00103f20       0x30 C:/devkitPro/libctru/lib\libcitro3d.a(renderqueue.o)
                0x00103f20                C3Di_RenderQueueDisableVBlank
 .text.C3Di_RenderQueueInit
                0x00103f50       0x60 C:/devkitPro/libctru/lib\libcitro3d.a(renderqueue.o)
                0x00103f50                C3Di_RenderQueueInit
 .text.C3Di_RenderQueueExit
                0x00103fb0       0xb4 C:/devkitPro/libctru/lib\libcitro3d.a(renderqueue.o)
                0x00103fb0                C3Di_RenderQueueExit
 .text.C3Di_RenderQueueWaitDone
                0x00104064       0x34 C:/devkitPro/libctru/lib\libcitro3d.a(renderqueue.o)
                0x00104064                C3Di_RenderQueueWaitDone
 .text.C3D_FrameBegin
                0x00104098       0xe8 C:/devkitPro/libctru/lib\libcitro3d.a(renderqueue.o)
                0x00104098                C3D_FrameBegin
 .text.C3D_FrameDrawOn
                0x00104180       0x48 C:/devkitPro/libctru/lib\libcitro3d.a(renderqueue.o)
                0x00104180                C3D_FrameDrawOn
 .text.C3D_FrameSplit
                0x001041c8       0x58 C:/devkitPro/libctru/lib\libcitro3d.a(renderqueue.o)
                0x001041c8                C3D_FrameSplit
 .text.C3D_FrameEnd
                0x00104220      0x1d0 C:/devkitPro/libctru/lib\libcitro3d.a(renderqueue.o)
                0x00104220                C3D_FrameEnd
 .text.C3D_FrameEndHook
                0x001043f0       0x1c C:/devkitPro/libctru/lib\libcitro3d.a(renderqueue.o)
                0x001043f0                C3D_FrameEndHook
 .text.C3D_RenderTargetCreate
                0x0010440c      0x170 C:/devkitPro/libctru/lib\libcitro3d.a(renderqueue.o)
                0x0010440c                C3D_RenderTargetCreate
 .text.C3D_RenderTargetSetOutput
                0x0010457c       0xa8 C:/devkitPro/libctru/lib\libcitro3d.a(renderqueue.o)
                0x0010457c                C3D_RenderTargetSetOutput
 .text.C3D_GetTexEnv
                0x00104624       0x34 C:/devkitPro/libctru/lib\libcitro3d.a(texenv.o)
                0x00104624                C3D_GetTexEnv
 .text.C3Di_TexEnvBind
                0x00104658       0x24 C:/devkitPro/libctru/lib\libcitro3d.a(texenv.o)
                0x00104658                C3Di_TexEnvBind
 .text.C3D_TexBind
                0x0010467c       0x44 C:/devkitPro/libctru/lib\libcitro3d.a(texture.o)
                0x0010467c                C3D_TexBind
 .text.C3Di_SetTex
                0x001046c0      0x14c C:/devkitPro/libctru/lib\libcitro3d.a(texture.o)
                0x001046c0                C3Di_SetTex
 .text.C3D_UpdateUniforms
                0x0010480c      0x290 C:/devkitPro/libctru/lib\libcitro3d.a(uniforms.o)
                0x0010480c                C3D_UpdateUniforms
 .text.C3Di_DirtyUniforms
                0x00104a9c       0xc0 C:/devkitPro/libctru/lib\libcitro3d.a(uniforms.o)
                0x00104a9c                C3Di_DirtyUniforms
 .text.C3Di_LoadShaderUniforms
                0x00104b5c       0xd8 C:/devkitPro/libctru/lib\libcitro3d.a(uniforms.o)
                0x00104b5c                C3Di_LoadShaderUniforms
 .text.C3Di_ClearShaderUniforms
                0x00104c34       0x28 C:/devkitPro/libctru/lib\libcitro3d.a(uniforms.o)
                0x00104c34                C3Di_ClearShaderUniforms
 .text.Mtx_Ortho
                0x00104c5c       0xcc C:/devkitPro/libctru/lib\libcitro3d.a(mtx_ortho.o)
                0x00104c5c                Mtx_Ortho
 .text.Mtx_OrthoTilt
                0x00104d28       0xcc C:/devkitPro/libctru/lib\libcitro3d.a(mtx_orthotilt.o)
                0x00104d28                Mtx_OrthoTilt
 .text._ZL21addrMapNodeComparatorPK11rbtree_nodeS1_
                0x00104df4       0x24 C:/devkitPro/libctru/lib\libctru.a(linear.o)
 .text._ZL21addrMapNodeDestructorP11rbtree_node
                0x00104e18        0x4 C:/devkitPro/libctru/lib\libctru.a(linear.o)
 .text.linearMemAlign
                0x00104e1c      0x120 C:/devkitPro/libctru/lib\libctru.a(linear.o)
                0x00104e1c                linearMemAlign
 .text.linearAlloc
                0x00104f3c        0x8 C:/devkitPro/libctru/lib\libctru.a(linear.o)
                0x00104f3c                linearAlloc
 .text.linearFree
                0x00104f44       0x5c C:/devkitPro/libctru/lib\libctru.a(linear.o)
                0x00104f44                linearFree
 .text._ZN7MemPool13CoalesceRightEP8MemBlock
                0x00104fa0       0x80 C:/devkitPro/libctru/lib\libctru.a(mem_pool.o)
                0x00104fa0                MemPool::CoalesceRight(MemBlock*)
 .text._ZN7MemPool8AllocateER8MemChunkmi
                0x00105020      0x16c C:/devkitPro/libctru/lib\libctru.a(mem_pool.o)
                0x00105020                MemPool::Allocate(MemChunk&, unsigned long, int)
 .text._ZN7MemPool10DeallocateERK8MemChunk
                0x0010518c       0xfc C:/devkitPro/libctru/lib\libctru.a(mem_pool.o)
                0x0010518c                MemPool::Deallocate(MemChunk const&)
 .text._ZN7MemPool12GetFreeSpaceEv
                0x00105288       0x30 C:/devkitPro/libctru/lib\libctru.a(mem_pool.o)
                0x00105288                MemPool::GetFreeSpace()
 .text._ZL21addrMapNodeComparatorPK11rbtree_nodeS1_
                0x001052b8       0x24 C:/devkitPro/libctru/lib\libctru.a(vram.o)
 .text._ZL21addrMapNodeDestructorP11rbtree_node
                0x001052dc        0x4 C:/devkitPro/libctru/lib\libctru.a(vram.o)
 .text.vramMemAlignAt
                0x001052e0      0x24c C:/devkitPro/libctru/lib\libctru.a(vram.o)
                0x001052e0                vramMemAlignAt
 .text.vramAlloc
                0x0010552c        0xc C:/devkitPro/libctru/lib\libctru.a(vram.o)
                0x0010552c                vramAlloc
 .text.vramAllocAt
                0x00105538        0xc C:/devkitPro/libctru/lib\libctru.a(vram.o)
                0x00105538                vramAllocAt
 .text.vramFree
                0x00105544       0x90 C:/devkitPro/libctru/lib\libctru.a(vram.o)
                0x00105544                vramFree
 .text.consoleHandleColorEsc
                0x001055d4      0x51c C:/devkitPro/libctru/lib\libctru.a(console.o)
 .text.consoleColorStateShift
                0x00105af0       0xb8 C:/devkitPro/libctru/lib\libctru.a(console.o)
 .text.consoleSelect
                0x00105ba8       0x18 C:/devkitPro/libctru/lib\libctru.a(console.o)
                0x00105ba8                consoleSelect
 .text.consoleDrawChar
                0x00105bc0      0x1ac C:/devkitPro/libctru/lib\libctru.a(console.o)
                0x00105bc0                consoleDrawChar
 .text.consolePrintChar
                0x00105d6c      0x124 C:/devkitPro/libctru/lib\libctru.a(console.o)
                0x00105d6c                consolePrintChar
 .text.con_write
                0x00105e90      0x6f4 C:/devkitPro/libctru/lib\libctru.a(console.o)
                0x00105e90                con_write
 .text.newRow   0x00106584       0xfc C:/devkitPro/libctru/lib\libctru.a(console.o)
 .text.consoleInit
                0x00106680      0x18c C:/devkitPro/libctru/lib\libctru.a(console.o)
                0x00106680                consoleInit
 .text.consoleClear
                0x0010680c       0xb8 C:/devkitPro/libctru/lib\libctru.a(console.o)
                0x0010680c                consoleClear
 .text.gfxPresentFramebuffer
                0x001068c4       0xd0 C:/devkitPro/libctru/lib\libctru.a(gfx.o)
 .text.gfxIsWide
                0x00106994       0x1c C:/devkitPro/libctru/lib\libctru.a(gfx.o)
                0x00106994                gfxIsWide
 .text.gfxSetScreenFormat
                0x001069b0       0xec C:/devkitPro/libctru/lib\libctru.a(gfx.o)
                0x001069b0                gfxSetScreenFormat
 .text.gfxSetDoubleBuffering
                0x00106a9c       0x10 C:/devkitPro/libctru/lib\libctru.a(gfx.o)
                0x00106a9c                gfxSetDoubleBuffering
 .text.gfxInit  0x00106aac       0xe0 C:/devkitPro/libctru/lib\libctru.a(gfx.o)
                0x00106aac                gfxInit
 .text.gfxInitDefault
                0x00106b8c       0x10 C:/devkitPro/libctru/lib\libctru.a(gfx.o)
                0x00106b8c                gfxInitDefault
 .text.gfxExit  0x00106b9c       0xb4 C:/devkitPro/libctru/lib\libctru.a(gfx.o)
                0x00106b9c                gfxExit
 .text.gfxGetFramebuffer
                0x00106c50       0xa0 C:/devkitPro/libctru/lib\libctru.a(gfx.o)
                0x00106c50                gfxGetFramebuffer
 .text.gfxFlushBuffers
                0x00106cf0      0x104 C:/devkitPro/libctru/lib\libctru.a(gfx.o)
                0x00106cf0                gfxFlushBuffers
 .text.gfxScreenSwapBuffers
                0x00106df4       0x30 C:/devkitPro/libctru/lib\libctru.a(gfx.o)
                0x00106df4                gfxScreenSwapBuffers
 .text.gfxSwapBuffers
                0x00106e24       0x50 C:/devkitPro/libctru/lib\libctru.a(gfx.o)
                0x00106e24                gfxSwapBuffers
 .text.gfxSwapBuffersGpu
                0x00106e74       0x50 C:/devkitPro/libctru/lib\libctru.a(gfx.o)
                0x00106e74                gfxSwapBuffersGpu
 .text.osConvertVirtToPhys
                0x00106ec4       0x74 C:/devkitPro/libctru/lib\libctru.a(os.o)
                0x00106ec4                osConvertVirtToPhys
 .text.__ctru_speedup_config
                0x00106f38       0x34 C:/devkitPro/libctru/lib\libctru.a(os.o)
                0x00106f38                __ctru_speedup_config
 .text.GPUCMD_Add
                0x00106f6c      0x13c C:/devkitPro/libctru/lib\libctru.a(gpu.o)
                0x00106f6c                GPUCMD_Add
 .text.GPUCMD_Split
                0x001070a8       0xb0 C:/devkitPro/libctru/lib\libctru.a(gpu.o)
                0x001070a8                GPUCMD_Split
 .text.f32tof16
                0x00107158       0x34 C:/devkitPro/libctru/lib\libctru.a(gpu.o)
                0x00107158                f32tof16
 .text.f32tof24
                0x0010718c       0x34 C:/devkitPro/libctru/lib\libctru.a(gpu.o)
                0x0010718c                f32tof24
 .text.f32tof31
                0x001071c0       0x38 C:/devkitPro/libctru/lib\libctru.a(gpu.o)
                0x001071c0                f32tof31
 .text.GX_BindQueue
                0x001071f8       0x10 C:/devkitPro/libctru/lib\libctru.a(gx.o)
                0x001071f8                GX_BindQueue
 .text.GX_ProcessCommandList
                0x00107208       0x78 C:/devkitPro/libctru/lib\libctru.a(gx.o)
                0x00107208                GX_ProcessCommandList
 .text.GX_MemoryFill
                0x00107280       0x74 C:/devkitPro/libctru/lib\libctru.a(gx.o)
                0x00107280                GX_MemoryFill
 .text.GX_DisplayTransfer
                0x001072f4       0x70 C:/devkitPro/libctru/lib\libctru.a(gx.o)
                0x001072f4                GX_DisplayTransfer
 .text.gxCmdQueueDoCommands.part.0
                0x00107364       0x68 C:/devkitPro/libctru/lib\libctru.a(gxqueue.o)
 .text.gxCmdQueueInterrupt
                0x001073cc       0xc8 C:/devkitPro/libctru/lib\libctru.a(gxqueue.o)
                0x001073cc                gxCmdQueueInterrupt
 .text.gxCmdQueueClear
                0x00107494       0x4c C:/devkitPro/libctru/lib\libctru.a(gxqueue.o)
                0x00107494                gxCmdQueueClear
 .text.gxCmdQueueAdd
                0x001074e0       0xf8 C:/devkitPro/libctru/lib\libctru.a(gxqueue.o)
                0x001074e0                gxCmdQueueAdd
 .text.gxCmdQueueRun
                0x001075d8       0x80 C:/devkitPro/libctru/lib\libctru.a(gxqueue.o)
                0x001075d8                gxCmdQueueRun
 .text.gxCmdQueueStop
                0x00107658       0x60 C:/devkitPro/libctru/lib\libctru.a(gxqueue.o)
                0x00107658                gxCmdQueueStop
 .text.gxCmdQueueWait
                0x001076b8       0x8c C:/devkitPro/libctru/lib\libctru.a(gxqueue.o)
                0x001076b8                gxCmdQueueWait
 .text.shaderInstanceInit
                0x00107744      0x1d0 C:/devkitPro/libctru/lib\libctru.a(shaderProgram.o)
                0x00107744                shaderInstanceInit
 .text.shaderInstanceGetUniformLocation
                0x00107914       0x18 C:/devkitPro/libctru/lib\libctru.a(shaderProgram.o)
                0x00107914                shaderInstanceGetUniformLocation
 .text.shaderProgramInit
                0x0010792c       0x1c C:/devkitPro/libctru/lib\libctru.a(shaderProgram.o)
                0x0010792c                shaderProgramInit
 .text.shaderProgramFree
                0x00107948       0x64 C:/devkitPro/libctru/lib\libctru.a(shaderProgram.o)
                0x00107948                shaderProgramFree
 .text.shaderProgramSetVsh
                0x001079ac       0x80 C:/devkitPro/libctru/lib\libctru.a(shaderProgram.o)
                0x001079ac                shaderProgramSetVsh
 .text.shaderProgramConfigure
                0x00107a2c      0x8e0 C:/devkitPro/libctru/lib\libctru.a(shaderProgram.o)
                0x00107a2c                shaderProgramConfigure
 .text.DVLE_GenerateOutmap.part.0
                0x0010830c      0x1cc C:/devkitPro/libctru/lib\libctru.a(shbin.o)
 .text.DVLB_ParseFile
                0x001084d8      0x1b4 C:/devkitPro/libctru/lib\libctru.a(shbin.o)
                0x001084d8                DVLB_ParseFile
 .text.DVLB_Free
                0x0010868c       0x38 C:/devkitPro/libctru/lib\libctru.a(shbin.o)
                0x0010868c                DVLB_Free
 .text.DVLE_GetUniformRegister
                0x001086c4       0x74 C:/devkitPro/libctru/lib\libctru.a(shbin.o)
                0x001086c4                DVLE_GetUniformRegister
 .text.aptConvertScreenForCapture
                0x00108738      0x1ac C:/devkitPro/libctru/lib\libctru.a(apt.o)
 .text.aptDspSleep
                0x001088e4        0x8 C:/devkitPro/libctru/lib\libctru.a(apt.o)
                0x001088e4                aptDspSleep
 .text.aptDspWakeup
                0x001088ec        0x4 C:/devkitPro/libctru/lib\libctru.a(apt.o)
                0x001088ec                aptDspWakeup
 .text.aptDspCancel
                0x001088f0        0x4 C:/devkitPro/libctru/lib\libctru.a(apt.o)
                0x001088f0                aptDspCancel
 .text.aptSendCommand
                0x001088f4      0x158 C:/devkitPro/libctru/lib\libctru.a(apt.o)
                0x001088f4                aptSendCommand
 *fill*         0x00108a4c        0x4 
 .text.aptExitProcess
                0x00108a50       0x44 C:/devkitPro/libctru/lib\libctru.a(apt.o)
 .text.aptExit  0x00108a94      0x38c C:/devkitPro/libctru/lib\libctru.a(apt.o)
                0x00108a94                aptExit
 .text.aptHandleSleep
                0x00108e20       0xe0 C:/devkitPro/libctru/lib\libctru.a(apt.o)
                0x00108e20                aptHandleSleep
 .text.aptHook  0x00108f00       0x30 C:/devkitPro/libctru/lib\libctru.a(apt.o)
                0x00108f00                aptHook
 .text.aptUnhook
                0x00108f30       0x30 C:/devkitPro/libctru/lib\libctru.a(apt.o)
                0x00108f30                aptUnhook
 .text.APT_SleepIfShellClosed
                0x00108f60       0x84 C:/devkitPro/libctru/lib\libctru.a(apt.o)
                0x00108f60                APT_SleepIfShellClosed
 .text.aptSetSleepAllowed
                0x00108fe4       0x84 C:/devkitPro/libctru/lib\libctru.a(apt.o)
                0x00108fe4                aptSetSleepAllowed
 .text.APT_UnlockTransition
                0x00109068       0x84 C:/devkitPro/libctru/lib\libctru.a(apt.o)
                0x00109068                APT_UnlockTransition
 *fill*         0x001090ec        0x4 
 .text.aptEventHandler
                0x001090f0      0x4a4 C:/devkitPro/libctru/lib\libctru.a(apt.o)
 .text.APT_ReceiveParameter
                0x00109594       0xb0 C:/devkitPro/libctru/lib\libctru.a(apt.o)
                0x00109594                APT_ReceiveParameter
 .text.aptReceiveParameter.constprop.0
                0x00109644       0xac C:/devkitPro/libctru/lib\libctru.a(apt.o)
 .text.aptScreenTransfer
                0x001096f0      0x2ac C:/devkitPro/libctru/lib\libctru.a(apt.o)
 .text.aptWaitForWakeUp.isra.0
                0x0010999c      0x320 C:/devkitPro/libctru/lib\libctru.a(apt.o)
 .text.aptJumpToHomeMenu
                0x00109cbc       0xf8 C:/devkitPro/libctru/lib\libctru.a(apt.o)
                0x00109cbc                aptJumpToHomeMenu
 .text.aptMainLoop
                0x00109db4       0x48 C:/devkitPro/libctru/lib\libctru.a(apt.o)
                0x00109db4                aptMainLoop
 .text.aptInit  0x00109dfc      0x22c C:/devkitPro/libctru/lib\libctru.a(apt.o)
                0x00109dfc                aptInit
 .text.APT_CheckNew3DS
                0x0010a028       0x7c C:/devkitPro/libctru/lib\libctru.a(apt.o)
                0x0010a028                APT_CheckNew3DS
 .text.gspHardwareInit
                0x0010a0a4      0xc64 C:/devkitPro/libctru/lib\libctru.a(gspgpu.o)
 .text.gspInit  0x0010ad08      0x248 C:/devkitPro/libctru/lib\libctru.a(gspgpu.o)
                0x0010ad08                gspInit
 .text.gspExit  0x0010af50       0xf0 C:/devkitPro/libctru/lib\libctru.a(gspgpu.o)
                0x0010af50                gspExit
 .text.gspHasGpuRight
                0x0010b040       0x10 C:/devkitPro/libctru/lib\libctru.a(gspgpu.o)
                0x0010b040                gspHasGpuRight
 .text.gspPresentBuffer
                0x0010b050       0xa0 C:/devkitPro/libctru/lib\libctru.a(gspgpu.o)
                0x0010b050                gspPresentBuffer
 .text.gspSetEventCallback
                0x0010b0f0       0x30 C:/devkitPro/libctru/lib\libctru.a(gspgpu.o)
                0x0010b0f0                gspSetEventCallback
 .text.gspWaitForEvent
                0x0010b120       0x44 C:/devkitPro/libctru/lib\libctru.a(gspgpu.o)
                0x0010b120                gspWaitForEvent
 .text.gspWaitForAnyEvent
                0x0010b164       0x4c C:/devkitPro/libctru/lib\libctru.a(gspgpu.o)
                0x0010b164                gspWaitForAnyEvent
 .text.gspEventThreadMain
                0x0010b1b0      0x158 C:/devkitPro/libctru/lib\libctru.a(gspgpu.o)
 .text.gspSubmitGxCommand
                0x0010b308      0x130 C:/devkitPro/libctru/lib\libctru.a(gspgpu.o)
                0x0010b308                gspSubmitGxCommand
 .text.GSPGPU_FlushDataCache
                0x0010b438       0x50 C:/devkitPro/libctru/lib\libctru.a(gspgpu.o)
                0x0010b438                GSPGPU_FlushDataCache
 .text.GSPGPU_SetLcdForceBlack
                0x0010b488       0x34 C:/devkitPro/libctru/lib\libctru.a(gspgpu.o)
                0x0010b488                GSPGPU_SetLcdForceBlack
 .text.GSPGPU_AcquireRight
                0x0010b4bc       0x68 C:/devkitPro/libctru/lib\libctru.a(gspgpu.o)
                0x0010b4bc                GSPGPU_AcquireRight
 .text.GSPGPU_ReleaseRight
                0x0010b524       0x48 C:/devkitPro/libctru/lib\libctru.a(gspgpu.o)
                0x0010b524                GSPGPU_ReleaseRight
 .text.GSPGPU_ImportDisplayCaptureInfo
                0x0010b56c       0x7c C:/devkitPro/libctru/lib\libctru.a(gspgpu.o)
                0x0010b56c                GSPGPU_ImportDisplayCaptureInfo
 .text.GSPGPU_SaveVramSysArea
                0x0010b5e8       0x2c C:/devkitPro/libctru/lib\libctru.a(gspgpu.o)
                0x0010b5e8                GSPGPU_SaveVramSysArea
 .text.GSPGPU_RestoreVramSysArea
                0x0010b614       0x2c C:/devkitPro/libctru/lib\libctru.a(gspgpu.o)
                0x0010b614                GSPGPU_RestoreVramSysArea
 .text.hidShouldUseIrrst
                0x0010b640       0x24 C:/devkitPro/libctru/lib\libctru.a(hid.o)
                0x0010b640                hidShouldUseIrrst
 .text.hidInit  0x0010b664      0x18c C:/devkitPro/libctru/lib\libctru.a(hid.o)
                0x0010b664                hidInit
 .text.hidExit  0x0010b7f0       0xe8 C:/devkitPro/libctru/lib\libctru.a(hid.o)
                0x0010b7f0                hidExit
 .text.hidScanInput
                0x0010b8d8      0x2a4 C:/devkitPro/libctru/lib\libctru.a(hid.o)
                0x0010b8d8                hidScanInput
 .text.hidKeysHeld
                0x0010bb7c       0x10 C:/devkitPro/libctru/lib\libctru.a(hid.o)
                0x0010bb7c                hidKeysHeld
 .text.hidKeysDown
                0x0010bb8c       0x10 C:/devkitPro/libctru/lib\libctru.a(hid.o)
                0x0010bb8c                hidKeysDown
 .text.hidTouchRead
                0x0010bb9c       0x18 C:/devkitPro/libctru/lib\libctru.a(hid.o)
                0x0010bb9c                hidTouchRead
 .text.irrstInit
                0x0010bbb4      0x160 C:/devkitPro/libctru/lib\libctru.a(irrst.o)
                0x0010bbb4                irrstInit
 .text.irrstExit
                0x0010bd14       0xcc C:/devkitPro/libctru/lib\libctru.a(irrst.o)
                0x0010bd14                irrstExit
 .text.irrstScanInput
                0x0010bde0       0xb4 C:/devkitPro/libctru/lib\libctru.a(irrst.o)
                0x0010bde0                irrstScanInput
 .text.irrstKeysHeld
                0x0010be94       0x24 C:/devkitPro/libctru/lib\libctru.a(irrst.o)
                0x0010be94                irrstKeysHeld
 .text.mcuHwcInit
                0x0010beb8       0x74 C:/devkitPro/libctru/lib\libctru.a(mcuhwc.o)
                0x0010beb8                mcuHwcInit
 .text.mcuHwcExit
                0x0010bf2c       0x3c C:/devkitPro/libctru/lib\libctru.a(mcuhwc.o)
                0x0010bf2c                mcuHwcExit
 .text.MCUHWC_GetSoundSliderLevel
                0x0010bf68       0x38 C:/devkitPro/libctru/lib\libctru.a(mcuhwc.o)
                0x0010bf68                MCUHWC_GetSoundSliderLevel
 .text.ptmSysmInit
                0x0010bfa0       0x74 C:/devkitPro/libctru/lib\libctru.a(ptmsysm.o)
                0x0010bfa0                ptmSysmInit
 .text.ptmSysmExit
                0x0010c014       0x3c C:/devkitPro/libctru/lib\libctru.a(ptmsysm.o)
                0x0010c014                ptmSysmExit
 .text.PTMSYSM_ConfigureNew3DSCPU
                0x0010c050       0x34 C:/devkitPro/libctru/lib\libctru.a(ptmsysm.o)
                0x0010c050                PTMSYSM_ConfigureNew3DSCPU
 .text.rbtree_find
                0x0010c084       0x74 C:/devkitPro/libctru/lib\libctru.a(rbtree_find.o)
                0x0010c084                rbtree_find
 .text.rbtree_init
                0x0010c0f8       0x10 C:/devkitPro/libctru/lib\libctru.a(rbtree_init.o)
                0x0010c0f8                rbtree_init
 .text.do_insert
                0x0010c108      0x1b0 C:/devkitPro/libctru/lib\libctru.a(rbtree_insert.o)
 .text.rbtree_insert
                0x0010c2b8        0x8 C:/devkitPro/libctru/lib\libctru.a(rbtree_insert.o)
                0x0010c2b8                rbtree_insert
 .text.rbtree_remove
                0x0010c2c0      0x318 C:/devkitPro/libctru/lib\libctru.a(rbtree_remove.o)
                0x0010c2c0                rbtree_remove
 .text.rbtree_rotate
                0x0010c5d8       0x90 C:/devkitPro/libctru/lib\libctru.a(rbtree_rotate.o)
                0x0010c5d8                rbtree_rotate
 .text.__system_allocateHeaps
                0x0010c668      0x1e0 C:/devkitPro/libctru/lib\libctru.a(allocateHeaps.o)
                0x0010c668                __system_allocateHeaps
 .text.__libctru_init
                0x0010c848       0x38 C:/devkitPro/libctru/lib\libctru.a(ctru_init.o)
                0x0010c848                __libctru_init
 .text.__system_initArgv
                0x0010c880      0x170 C:/devkitPro/libctru/lib\libctru.a(initArgv.o)
                0x0010c880                __system_initArgv
 .text.__syscall_getreent
                0x0010c9f0       0x30 C:/devkitPro/libctru/lib\libctru.a(syscalls.o)
                0x0010c9f0                __syscall_getreent
 .text.__syscall_lock_acquire
                0x0010ca20        0x4 C:/devkitPro/libctru/lib\libctru.a(syscalls.o)
                0x0010ca20                __syscall_lock_acquire
 .text.__syscall_lock_release
                0x0010ca24        0x4 C:/devkitPro/libctru/lib\libctru.a(syscalls.o)
                0x0010ca24                __syscall_lock_release
 .text.__syscall_lock_acquire_recursive
                0x0010ca28        0x4 C:/devkitPro/libctru/lib\libctru.a(syscalls.o)
                0x0010ca28                __syscall_lock_acquire_recursive
 .text.__syscall_lock_release_recursive
                0x0010ca2c        0x4 C:/devkitPro/libctru/lib\libctru.a(syscalls.o)
                0x0010ca2c                __syscall_lock_release_recursive
 .text.__syscall_exit
                0x0010ca30        0x4 C:/devkitPro/libctru/lib\libctru.a(syscalls.o)
                0x0010ca30                __syscall_exit
 .text.initThreadVars
                0x0010ca34       0x50 C:/devkitPro/libctru/lib\libctru.a(syscalls.o)
                0x0010ca34                initThreadVars
 .text.__system_initSyscalls
                0x0010ca84       0x80 C:/devkitPro/libctru/lib\libctru.a(syscalls.o)
                0x0010ca84                __system_initSyscalls
 .text.svcControlMemory
                0x0010cb04       0x20 C:/devkitPro/libctru/lib\libctru.a(svc.o)
                0x0010cb04                svcControlMemory
 .text.svcQueryMemory
                0x0010cb24       0x30 C:/devkitPro/libctru/lib\libctru.a(svc.o)
                0x0010cb24                svcQueryMemory
 .text.svcExitProcess
                0x0010cb54        0x8 C:/devkitPro/libctru/lib\libctru.a(svc.o)
                0x0010cb54                svcExitProcess
 .text.svcCreateThread
                0x0010cb5c       0x20 C:/devkitPro/libctru/lib\libctru.a(svc.o)
                0x0010cb5c                svcCreateThread
 .text.svcExitThread
                0x0010cb7c        0x8 C:/devkitPro/libctru/lib\libctru.a(svc.o)
                0x0010cb7c                svcExitThread
 .text.svcSleepThread
                0x0010cb84        0x8 C:/devkitPro/libctru/lib\libctru.a(svc.o)
                0x0010cb84                svcSleepThread
 .text.svcReleaseMutex
                0x0010cb8c        0x8 C:/devkitPro/libctru/lib\libctru.a(svc.o)
                0x0010cb8c                svcReleaseMutex
 .text.svcCreateEvent
                0x0010cb94       0x14 C:/devkitPro/libctru/lib\libctru.a(svc.o)
                0x0010cb94                svcCreateEvent
 .text.svcSignalEvent
                0x0010cba8        0x8 C:/devkitPro/libctru/lib\libctru.a(svc.o)
                0x0010cba8                svcSignalEvent
 .text.svcClearEvent
                0x0010cbb0        0x8 C:/devkitPro/libctru/lib\libctru.a(svc.o)
                0x0010cbb0                svcClearEvent
 .text.svcMapMemoryBlock
                0x0010cbb8        0x8 C:/devkitPro/libctru/lib\libctru.a(svc.o)
                0x0010cbb8                svcMapMemoryBlock
 .text.svcUnmapMemoryBlock
                0x0010cbc0        0x8 C:/devkitPro/libctru/lib\libctru.a(svc.o)
                0x0010cbc0                svcUnmapMemoryBlock
 .text.svcCreateAddressArbiter
                0x0010cbc8       0x14 C:/devkitPro/libctru/lib\libctru.a(svc.o)
                0x0010cbc8                svcCreateAddressArbiter
 .text.svcArbitrateAddressNoTimeout
                0x0010cbdc        0x8 C:/devkitPro/libctru/lib\libctru.a(svc.o)
                0x0010cbdc                svcArbitrateAddressNoTimeout
 .text.svcCloseHandle
                0x0010cbe4        0x8 C:/devkitPro/libctru/lib\libctru.a(svc.o)
                0x0010cbe4                svcCloseHandle
 .text.svcWaitSynchronization
                0x0010cbec        0x8 C:/devkitPro/libctru/lib\libctru.a(svc.o)
                0x0010cbec                svcWaitSynchronization
 .text.svcWaitSynchronizationN
                0x0010cbf4       0x28 C:/devkitPro/libctru/lib\libctru.a(svc.o)
                0x0010cbf4                svcWaitSynchronizationN
 .text.svcDuplicateHandle
                0x0010cc1c       0x14 C:/devkitPro/libctru/lib\libctru.a(svc.o)
                0x0010cc1c                svcDuplicateHandle
 .text.svcGetSystemTick
                0x0010cc30        0x8 C:/devkitPro/libctru/lib\libctru.a(svc.o)
                0x0010cc30                svcGetSystemTick
 .text.svcConnectToPort
                0x0010cc38       0x14 C:/devkitPro/libctru/lib\libctru.a(svc.o)
                0x0010cc38                svcConnectToPort
 .text.svcSendSyncRequest
                0x0010cc4c        0x8 C:/devkitPro/libctru/lib\libctru.a(svc.o)
                0x0010cc4c                svcSendSyncRequest
 .text.svcGetResourceLimit
                0x0010cc54       0x14 C:/devkitPro/libctru/lib\libctru.a(svc.o)
                0x0010cc54                svcGetResourceLimit
 .text.svcGetResourceLimitLimitValues
                0x0010cc68        0x8 C:/devkitPro/libctru/lib\libctru.a(svc.o)
                0x0010cc68                svcGetResourceLimitLimitValues
 .text.svcGetResourceLimitCurrentValues
                0x0010cc70        0x8 C:/devkitPro/libctru/lib\libctru.a(svc.o)
                0x0010cc70                svcGetResourceLimitCurrentValues
 .text.svcBreak
                0x0010cc78        0x8 C:/devkitPro/libctru/lib\libctru.a(svc.o)
                0x0010cc78                svcBreak
 .text.initSystem
                0x0010cc80       0x50 C:/devkitPro/libctru/lib\libctru.a(stack_adjust.o)
                0x0010cc80                initSystem
 .text.__ctru_exit
                0x0010ccd0       0x14 C:/devkitPro/libctru/lib\libctru.a(stack_adjust.o)
                0x0010ccd0                __ctru_exit
 .text.envGetHandle
                0x0010cce4       0x84 C:/devkitPro/libctru/lib\libctru.a(env.o)
                0x0010cce4                envGetHandle
 .text.envDestroyHandles
                0x0010cd68       0x50 C:/devkitPro/libctru/lib\libctru.a(env.o)
                0x0010cd68                envDestroyHandles
 .text.srvInit  0x0010cdb8      0x12c C:/devkitPro/libctru/lib\libctru.a(srv.o)
                0x0010cdb8                srvInit
 .text.srvExit  0x0010cee4       0x58 C:/devkitPro/libctru/lib\libctru.a(srv.o)
                0x0010cee4                srvExit
 .text.srvEnableNotification
                0x0010cf3c       0x60 C:/devkitPro/libctru/lib\libctru.a(srv.o)
                0x0010cf3c                srvEnableNotification
 .text.srvGetServiceHandleDirect
                0x0010cf9c       0xa0 C:/devkitPro/libctru/lib\libctru.a(srv.o)
                0x0010cf9c                srvGetServiceHandleDirect
 .text.srvGetServiceHandle
                0x0010d03c       0x38 C:/devkitPro/libctru/lib\libctru.a(srv.o)
                0x0010d03c                srvGetServiceHandle
 .text.srvSubscribe
                0x0010d074       0x34 C:/devkitPro/libctru/lib\libctru.a(srv.o)
                0x0010d074                srvSubscribe
 .text.srvReceiveNotification
                0x0010d0a8       0x60 C:/devkitPro/libctru/lib\libctru.a(srv.o)
                0x0010d0a8                srvReceiveNotification
 .text.srvPublishToSubscriber
                0x0010d108       0x38 C:/devkitPro/libctru/lib\libctru.a(srv.o)
                0x0010d108                srvPublishToSubscriber
 .text.__sync_init
                0x0010d140        0xc C:/devkitPro/libctru/lib\libctru.a(synchronization.o)
                0x0010d140                __sync_init
 .text.__sync_fini
                0x0010d14c       0x18 C:/devkitPro/libctru/lib\libctru.a(synchronization.o)
                0x0010d14c                __sync_fini
 .text.syncArbitrateAddress
                0x0010d164       0x2c C:/devkitPro/libctru/lib\libctru.a(synchronization.o)
                0x0010d164                syncArbitrateAddress
 .text.LightLock_Lock
                0x0010d190       0xac C:/devkitPro/libctru/lib\libctru.a(synchronization.o)
                0x0010d190                LightLock_Lock
 .text.LightLock_Unlock
                0x0010d23c       0x40 C:/devkitPro/libctru/lib\libctru.a(synchronization.o)
                0x0010d23c                LightLock_Unlock
 .text.RecursiveLock_Lock
                0x0010d27c       0x30 C:/devkitPro/libctru/lib\libctru.a(synchronization.o)
                0x0010d27c                RecursiveLock_Lock
 .text.RecursiveLock_Unlock
                0x0010d2ac       0x54 C:/devkitPro/libctru/lib\libctru.a(synchronization.o)
                0x0010d2ac                RecursiveLock_Unlock
 .text.LightEvent_Init
                0x0010d300       0x40 C:/devkitPro/libctru/lib\libctru.a(synchronization.o)
                0x0010d300                LightEvent_Init
 .text.LightEvent_Clear
                0x0010d340       0xa4 C:/devkitPro/libctru/lib\libctru.a(synchronization.o)
                0x0010d340                LightEvent_Clear
 .text.LightEvent_Signal
                0x0010d3e4       0xc8 C:/devkitPro/libctru/lib\libctru.a(synchronization.o)
                0x0010d3e4                LightEvent_Signal
 .text.LightEvent_TryWait
                0x0010d4ac       0x50 C:/devkitPro/libctru/lib\libctru.a(synchronization.o)
                0x0010d4ac                LightEvent_TryWait
 .text.LightEvent_Wait
                0x0010d4fc       0xa0 C:/devkitPro/libctru/lib\libctru.a(synchronization.o)
                0x0010d4fc                LightEvent_Wait
 .text.threadCreate
                0x0010d59c      0x1d8 C:/devkitPro/libctru/lib\libctru.a(thread.o)
                0x0010d59c                threadCreate
 .text.threadFree
                0x0010d774       0x2c C:/devkitPro/libctru/lib\libctru.a(thread.o)
                0x0010d774                threadFree
 .text.threadJoin
                0x0010d7a0       0x24 C:/devkitPro/libctru/lib\libctru.a(thread.o)
                0x0010d7a0                threadJoin
 .text.threadGetCurrent
                0x0010d7c4       0x30 C:/devkitPro/libctru/lib\libctru.a(thread.o)
                0x0010d7c4                threadGetCurrent
 .text.threadExit
                0x0010d7f4       0x40 C:/devkitPro/libctru/lib\libctru.a(thread.o)
                0x0010d7f4                threadExit
 .text._thread_begin
                0x0010d834       0x20 C:/devkitPro/libctru/lib\libctru.a(thread.o)
 .text.mappableFindAddressWithin
                0x0010d854       0xb4 C:/devkitPro/libctru/lib\libctru.a(mappable.o)
 .text.mappableInit
                0x0010d908       0x28 C:/devkitPro/libctru/lib\libctru.a(mappable.o)
                0x0010d908                mappableInit
 .text.mappableAlloc
                0x0010d930       0x80 C:/devkitPro/libctru/lib\libctru.a(mappable.o)
                0x0010d930                mappableAlloc
 .text.mappableFree
                0x0010d9b0        0x4 C:/devkitPro/libctru/lib\libctru.a(mappable.o)
                0x0010d9b0                mappableFree
 .text.srvPmGetSessionHandle
                0x0010d9b4        0xc C:/devkitPro/libctru/lib\libctru.a(srvpm.o)
                0x0010d9b4                srvPmGetSessionHandle
 .text.rbtree_node_next
                0x0010d9c0       0x5c C:/devkitPro/libctru/lib\libctru.a(rbtree_iterator.o)
                0x0010d9c0                rbtree_node_next
 .text.__appExit
                0x0010da1c       0x30 C:/devkitPro/libctru/lib\libctru.a(appExit.o)
                0x0010da1c                __appExit
 .text.__appInit
                0x0010da4c       0x30 C:/devkitPro/libctru/lib\libctru.a(appInit.o)
                0x0010da4c                __appInit
 .text.__libctru_exit
                0x0010da7c       0x90 C:/devkitPro/libctru/lib\libctru.a(ctru_exit.o)
                0x0010da7c                __libctru_exit
 .text.archive_link
                0x0010db0c       0x14 C:/devkitPro/libctru/lib\libctru.a(archive_dev.o)
 .text.archive_dirreset
                0x0010db20       0x14 C:/devkitPro/libctru/lib\libctru.a(archive_dev.o)
 .text.archive_chmod
                0x0010db34       0x14 C:/devkitPro/libctru/lib\libctru.a(archive_dev.o)
 .text.error_cmp
                0x0010db48       0x24 C:/devkitPro/libctru/lib\libctru.a(archive_dev.o)
 .text.archive_translate_error
                0x0010db6c       0x50 C:/devkitPro/libctru/lib\libctru.a(archive_dev.o)
 .text.archive_seek
                0x0010dbbc       0xc8 C:/devkitPro/libctru/lib\libctru.a(archive_dev.o)
 .text._archiveInit.part.0
                0x0010dc84       0x7c C:/devkitPro/libctru/lib\libctru.a(archive_dev.o)
 .text.archiveFindDevice.part.0
                0x0010dd00       0xc4 C:/devkitPro/libctru/lib\libctru.a(archive_dev.o)
 .text.archive_utf16path
                0x0010ddc4      0x280 C:/devkitPro/libctru/lib\libctru.a(archive_dev.o)
 .text._archiveUnmountDeviceStruct.part.0
                0x0010e044       0x9c C:/devkitPro/libctru/lib\libctru.a(archive_dev.o)
 .text.archive_fchmod
                0x0010e0e0       0x14 C:/devkitPro/libctru/lib\libctru.a(archive_dev.o)
 .text.archive_statvfs
                0x0010e0f4       0x14 C:/devkitPro/libctru/lib\libctru.a(archive_dev.o)
 .text._archiveMountDevice
                0x0010e108      0x164 C:/devkitPro/libctru/lib\libctru.a(archive_dev.o)
 .text.archive_diropen
                0x0010e26c       0xe8 C:/devkitPro/libctru/lib\libctru.a(archive_dev.o)
 .text.archive_fstat
                0x0010e354       0xa4 C:/devkitPro/libctru/lib\libctru.a(archive_dev.o)
 .text.archive_fsync
                0x0010e3f8       0x6c C:/devkitPro/libctru/lib\libctru.a(archive_dev.o)
 .text.archive_close
                0x0010e464       0x6c C:/devkitPro/libctru/lib\libctru.a(archive_dev.o)
 .text.archive_dirclose
                0x0010e4d0       0x70 C:/devkitPro/libctru/lib\libctru.a(archive_dev.o)
 .text.sdmc_statvfs
                0x0010e540       0xe8 C:/devkitPro/libctru/lib\libctru.a(archive_dev.o)
 .text.archive_chdir
                0x0010e628       0xec C:/devkitPro/libctru/lib\libctru.a(archive_dev.o)
 .text.archive_ftruncate
                0x0010e714       0x7c C:/devkitPro/libctru/lib\libctru.a(archive_dev.o)
 .text.archive_read
                0x0010e790       0xac C:/devkitPro/libctru/lib\libctru.a(archive_dev.o)
 .text.archive_unlink
                0x0010e83c       0xa4 C:/devkitPro/libctru/lib\libctru.a(archive_dev.o)
 .text.archive_rmdir
                0x0010e8e0       0xbc C:/devkitPro/libctru/lib\libctru.a(archive_dev.o)
 .text.archive_mkdir
                0x0010e99c       0xdc C:/devkitPro/libctru/lib\libctru.a(archive_dev.o)
 .text.archive_stat
                0x0010ea78      0x194 C:/devkitPro/libctru/lib\libctru.a(archive_dev.o)
 .text.archive_dirnext
                0x0010ec0c      0x160 C:/devkitPro/libctru/lib\libctru.a(archive_dev.o)
 .text.archive_write
                0x0010ed6c      0x124 C:/devkitPro/libctru/lib\libctru.a(archive_dev.o)
 .text.archive_open
                0x0010ee90      0x20c C:/devkitPro/libctru/lib\libctru.a(archive_dev.o)
 .text.archive_rename
                0x0010f09c      0x278 C:/devkitPro/libctru/lib\libctru.a(archive_dev.o)
 .text.archiveMountSdmc
                0x0010f314      0x19c C:/devkitPro/libctru/lib\libctru.a(archive_dev.o)
                0x0010f314                archiveMountSdmc
 .text.archiveUnmountAll
                0x0010f4b0       0x54 C:/devkitPro/libctru/lib\libctru.a(archive_dev.o)
                0x0010f4b0                archiveUnmountAll
 .text.fsInit   0x0010f504       0xcc C:/devkitPro/libctru/lib\libctru.a(fs.o)
                0x0010f504                fsInit
 .text.fsExit   0x0010f5d0       0x3c C:/devkitPro/libctru/lib\libctru.a(fs.o)
                0x0010f5d0                fsExit
 .text.fsExemptFromSession
                0x0010f60c       0x60 C:/devkitPro/libctru/lib\libctru.a(fs.o)
                0x0010f60c                fsExemptFromSession
 .text.fsUnexemptFromSession
                0x0010f66c       0x50 C:/devkitPro/libctru/lib\libctru.a(fs.o)
                0x0010f66c                fsUnexemptFromSession
 .text.FSUSER_OpenFile
                0x0010f6bc       0xcc C:/devkitPro/libctru/lib\libctru.a(fs.o)
                0x0010f6bc                FSUSER_OpenFile
 .text.FSUSER_DeleteFile
                0x0010f788       0xbc C:/devkitPro/libctru/lib\libctru.a(fs.o)
                0x0010f788                FSUSER_DeleteFile
 .text.FSUSER_RenameFile
                0x0010f844       0xf8 C:/devkitPro/libctru/lib\libctru.a(fs.o)
                0x0010f844                FSUSER_RenameFile
 .text.FSUSER_DeleteDirectory
                0x0010f93c       0xbc C:/devkitPro/libctru/lib\libctru.a(fs.o)
                0x0010f93c                FSUSER_DeleteDirectory
 .text.FSUSER_CreateFile
                0x0010f9f8       0xd4 C:/devkitPro/libctru/lib\libctru.a(fs.o)
                0x0010f9f8                FSUSER_CreateFile
 .text.FSUSER_CreateDirectory
                0x0010facc       0xc4 C:/devkitPro/libctru/lib\libctru.a(fs.o)
                0x0010facc                FSUSER_CreateDirectory
 .text.FSUSER_RenameDirectory
                0x0010fb90       0xf8 C:/devkitPro/libctru/lib\libctru.a(fs.o)
                0x0010fb90                FSUSER_RenameDirectory
 .text.FSUSER_OpenDirectory
                0x0010fc88       0xb4 C:/devkitPro/libctru/lib\libctru.a(fs.o)
                0x0010fc88                FSUSER_OpenDirectory
 .text.FSUSER_OpenArchive
                0x0010fd3c       0x94 C:/devkitPro/libctru/lib\libctru.a(fs.o)
                0x0010fd3c                FSUSER_OpenArchive
 .text.FSUSER_CloseArchive
                0x0010fdd0       0x8c C:/devkitPro/libctru/lib\libctru.a(fs.o)
                0x0010fdd0                FSUSER_CloseArchive
 .text.FSUSER_GetSdmcArchiveResource
                0x0010fe5c       0x74 C:/devkitPro/libctru/lib\libctru.a(fs.o)
                0x0010fe5c                FSUSER_GetSdmcArchiveResource
 .text.FSUSER_IsSdmcWritable
                0x0010fed0       0x64 C:/devkitPro/libctru/lib\libctru.a(fs.o)
                0x0010fed0                FSUSER_IsSdmcWritable
 .text.FSFILE_Read
                0x0010ff34       0x58 C:/devkitPro/libctru/lib\libctru.a(fs.o)
                0x0010ff34                FSFILE_Read
 .text.FSFILE_Write
                0x0010ff8c       0x60 C:/devkitPro/libctru/lib\libctru.a(fs.o)
                0x0010ff8c                FSFILE_Write
 .text.FSFILE_GetSize
                0x0010ffec       0x38 C:/devkitPro/libctru/lib\libctru.a(fs.o)
                0x0010ffec                FSFILE_GetSize
 .text.FSFILE_SetSize
                0x00110024       0x28 C:/devkitPro/libctru/lib\libctru.a(fs.o)
                0x00110024                FSFILE_SetSize
 .text.FSFILE_Close
                0x0011004c       0x3c C:/devkitPro/libctru/lib\libctru.a(fs.o)
                0x0011004c                FSFILE_Close
 .text.FSFILE_Flush
                0x00110088       0x24 C:/devkitPro/libctru/lib\libctru.a(fs.o)
                0x00110088                FSFILE_Flush
 .text.FSDIR_Read
                0x001100ac       0x50 C:/devkitPro/libctru/lib\libctru.a(fs.o)
                0x001100ac                FSDIR_Read
 .text.FSDIR_Close
                0x001100fc       0x3c C:/devkitPro/libctru/lib\libctru.a(fs.o)
                0x001100fc                FSDIR_Close
 .text.decode_utf8
                0x00110138      0x13c C:/devkitPro/libctru/lib\libctru.a(decode_utf8.o)
                0x00110138                decode_utf8
 .text.utf16_to_utf8
                0x00110274       0xe8 C:/devkitPro/libctru/lib\libctru.a(utf16_to_utf8.o)
                0x00110274                utf16_to_utf8
 .text.utf8_to_utf16
                0x0011035c       0xc0 C:/devkitPro/libctru/lib\libctru.a(utf8_to_utf16.o)
                0x0011035c                utf8_to_utf16
 .text.__aeabi_read_tp
                0x0011041c        0xc C:/devkitPro/libctru/lib\libctru.a(readtp.o)
                0x0011041c                __aeabi_read_tp
 .text.decode_utf16
                0x00110428       0x64 C:/devkitPro/libctru/lib\libctru.a(decode_utf16.o)
                0x00110428                decode_utf16
 .text.encode_utf16
                0x0011048c       0x54 C:/devkitPro/libctru/lib\libctru.a(encode_utf16.o)
                0x0011048c                encode_utf16
 .text.encode_utf8
                0x001104e0       0xe0 C:/devkitPro/libctru/lib\libctru.a(encode_utf8.o)
                0x001104e0                encode_utf8
 .text.sqrtf    0x001105c0       0x50 C:/devkitPro/devkitARM/bin/../lib/gcc/arm-none-eabi/14.2.0/../../../../arm-none-eabi/lib/armv6k/fpu\libm.a(libm_a-wf_sqrt.o)
                0x001105c0                sqrtf
 .text.__ieee754_sqrtf
                0x00110610        0x8 C:/devkitPro/devkitARM/bin/../lib/gcc/arm-none-eabi/14.2.0/../../../../arm-none-eabi/lib/armv6k/fpu\libm.a(libm_a-ef_sqrt.o)
                0x00110610                __ieee754_sqrtf
 .text.__udivmoddi4
                0x00110618      0x120 C:/devkitPro/devkitARM/bin/../lib/gcc/arm-none-eabi/14.2.0/armv6k/fpu\libgcc.a(_udivmoddi4.o)
                0x00110618                __udivmoddi4
 .text.strncmp  0x00110738       0xd8 C:/devkitPro/devkitARM/bin/../lib/gcc/arm-none-eabi/14.2.0/../../../../arm-none-eabi/lib/armv6k/fpu\libg.a(libc_a-strncmp.o)
                0x00110738                strncmp
 .text.strlen   0x00110810       0x5c C:/devkitPro/devkitARM/bin/../lib/gcc/arm-none-eabi/14.2.0/../../../../arm-none-eabi/lib/armv6k/fpu\libg.a(libc_a-strlen-stub.o)
                0x00110810                strlen
 .text._strtoul_l.isra.0
                0x0011086c      0x1e4 C:/devkitPro/devkitARM/bin/../lib/gcc/arm-none-eabi/14.2.0/../../../../arm-none-eabi/lib/armv6k/fpu\libg.a(libc_a-strtoul.o)
 .text.strtoul  0x00110a50       0x34 C:/devkitPro/devkitARM/bin/../lib/gcc/arm-none-eabi/14.2.0/../../../../arm-none-eabi/lib/armv6k/fpu\libg.a(libc_a-strtoul.o)
                0x00110a50                strtoul
 .text.strncat  0x00110a84       0xe4 C:/devkitPro/devkitARM/bin/../lib/gcc/arm-none-eabi/14.2.0/../../../../arm-none-eabi/lib/armv6k/fpu\libg.a(libc_a-strncat.o)
                0x00110a84                strncat
 .text.bsearch  0x00110b68       0x78 C:/devkitPro/devkitARM/bin/../lib/gcc/arm-none-eabi/14.2.0/../../../../arm-none-eabi/lib/armv6k/fpu\libg.a(libc_a-bsearch.o)
                0x00110b68                bsearch
 .text.calloc   0x00110be0       0x20 C:/devkitPro/devkitARM/bin/../lib/gcc/arm-none-eabi/14.2.0/../../../../arm-none-eabi/lib/armv6k/fpu\libg.a(libc_a-calloc.o)
                0x00110be0                calloc
 .text._calloc_r
                0x00110c00       0xc0 C:/devkitPro/devkitARM/bin/../lib/gcc/arm-none-eabi/14.2.0/../../../../arm-none-eabi/lib/armv6k/fpu\libg.a(libc_a-callocr.o)
                0x00110c00                _calloc_r
 .text.memalign
                0x00110cc0       0x20 C:/devkitPro/devkitARM/bin/../lib/gcc/arm-none-eabi/14.2.0/../../../../arm-none-eabi/lib/armv6k/fpu\libg.a(libc_a-malign.o)
                0x00110cc0                memalign
 .text.stdio_exit_handler
                0x00110ce0       0x1c C:/devkitPro/devkitARM/bin/../lib/gcc/arm-none-eabi/14.2.0/../../../../arm-none-eabi/lib/armv6k/fpu\libg.a(libc_a-findfp.o)
 .text.cleanup_stdio
                0x00110cfc       0x5c C:/devkitPro/devkitARM/bin/../lib/gcc/arm-none-eabi/14.2.0/../../../../arm-none-eabi/lib/armv6k/fpu\libg.a(libc_a-findfp.o)
 .text.global_stdio_init.part.0
                0x00110d58      0x154 C:/devkitPro/devkitARM/bin/../lib/gcc/arm-none-eabi/14.2.0/../../../../arm-none-eabi/lib/armv6k/fpu\libg.a(libc_a-findfp.o)
 .text.__sinit  0x00110eac       0x5c C:/devkitPro/devkitARM/bin/../lib/gcc/arm-none-eabi/14.2.0/../../../../arm-none-eabi/lib/armv6k/fpu\libg.a(libc_a-findfp.o)
                0x00110eac                __sinit
 .text.__sfp_lock_acquire
                0x00110f08        0xc C:/devkitPro/devkitARM/bin/../lib/gcc/arm-none-eabi/14.2.0/../../../../arm-none-eabi/lib/armv6k/fpu\libg.a(libc_a-findfp.o)
                0x00110f08                __sfp_lock_acquire
 .text.__sfp_lock_release
                0x00110f14        0xc C:/devkitPro/devkitARM/bin/../lib/gcc/arm-none-eabi/14.2.0/../../../../arm-none-eabi/lib/armv6k/fpu\libg.a(libc_a-findfp.o)
                0x00110f14                __sfp_lock_release
 .text._malloc_r
                0x00110f20      0x7e8 C:/devkitPro/devkitARM/bin/../lib/gcc/arm-none-eabi/14.2.0/../../../../arm-none-eabi/lib/armv6k/fpu\libg.a(libc_a-mallocr.o)
                0x00110f20                _malloc_r
 .text._malloc_trim_r
                0x00111708       0xf8 C:/devkitPro/devkitARM/bin/../lib/gcc/arm-none-eabi/14.2.0/../../../../arm-none-eabi/lib/armv6k/fpu\libg.a(libc_a-freer.o)
                0x00111708                _malloc_trim_r
 .text._free_r  0x00111800      0x300 C:/devkitPro/devkitARM/bin/../lib/gcc/arm-none-eabi/14.2.0/../../../../arm-none-eabi/lib/armv6k/fpu\libg.a(libc_a-freer.o)
                0x00111800                _free_r
 .text.setvbuf  0x00111b00      0x294 C:/devkitPro/devkitARM/bin/../lib/gcc/arm-none-eabi/14.2.0/../../../../arm-none-eabi/lib/armv6k/fpu\libg.a(libc_a-setvbuf.o)
                0x00111b00                setvbuf
 .text.strnlen  0x00111d94       0x4c C:/devkitPro/devkitARM/bin/../lib/gcc/arm-none-eabi/14.2.0/../../../../arm-none-eabi/lib/armv6k/fpu\libg.a(libc_a-strnlen.o)
                0x00111d94                strnlen
 .text.__errno  0x00111de0        0xc C:/devkitPro/devkitARM/bin/../lib/gcc/arm-none-eabi/14.2.0/../../../../arm-none-eabi/lib/armv6k/fpu\libg.a(libc_a-errno.o)
                0x00111de0                __errno
 .text.malloc   0x00111dec       0x34 C:/devkitPro/devkitARM/bin/../lib/gcc/arm-none-eabi/14.2.0/../../../../arm-none-eabi/lib/armv6k/fpu\libg.a(libc_a-malloc.o)
                0x00111dec                malloc
 .text.free     0x00111e20       0x18 C:/devkitPro/devkitARM/bin/../lib/gcc/arm-none-eabi/14.2.0/../../../../arm-none-eabi/lib/armv6k/fpu\libg.a(libc_a-malloc.o)
                0x00111e20                free
 .text.memcpy   0x00111e38      0x130 C:/devkitPro/devkitARM/bin/../lib/gcc/arm-none-eabi/14.2.0/../../../../arm-none-eabi/lib/armv6k/fpu\libg.a(libc_a-memcpy-stub.o)
                0x00111e38                memcpy
 .text.printf   0x00111f68       0x34 C:/devkitPro/devkitARM/bin/../lib/gcc/arm-none-eabi/14.2.0/../../../../arm-none-eabi/lib/armv6k/fpu\libg.a(libc_a-printf.o)
                0x00111f68                printf
 .text.memset   0x00111f9c       0xe8 C:/devkitPro/devkitARM/bin/../lib/gcc/arm-none-eabi/14.2.0/../../../../arm-none-eabi/lib/armv6k/fpu\libg.a(libc_a-memset.o)
                0x00111f9c                memset
 .text._fwalk_sglue
                0x00112084       0x70 C:/devkitPro/devkitARM/bin/../lib/gcc/arm-none-eabi/14.2.0/../../../../arm-none-eabi/lib/armv6k/fpu\libg.a(libc_a-fwalk.o)
                0x00112084                _fwalk_sglue
 .text.__malloc_lock
                0x001120f4        0xc C:/devkitPro/devkitARM/bin/../lib/gcc/arm-none-eabi/14.2.0/../../../../arm-none-eabi/lib/armv6k/fpu\libg.a(libc_a-mlock.o)
                0x001120f4                __malloc_lock
 .text.__malloc_unlock
                0x00112100        0xc C:/devkitPro/devkitARM/bin/../lib/gcc/arm-none-eabi/14.2.0/../../../../arm-none-eabi/lib/armv6k/fpu\libg.a(libc_a-mlock.o)
                0x00112100                __malloc_unlock
 .text.__call_exitprocs
                0x0011210c        0x4 C:/devkitPro/devkitARM/bin/../lib/gcc/arm-none-eabi/14.2.0/../../../../arm-none-eabi/lib/armv6k/fpu\libg.a(libc_a-exit.o)
                0x0011210c                __call_exitprocs
 .text.exit     0x00112110       0x30 C:/devkitPro/devkitARM/bin/../lib/gcc/arm-none-eabi/14.2.0/../../../../arm-none-eabi/lib/armv6k/fpu\libg.a(libc_a-exit.o)
                0x00112110                exit
 .text.strncpy  0x00112140       0xc4 C:/devkitPro/devkitARM/bin/../lib/gcc/arm-none-eabi/14.2.0/../../../../arm-none-eabi/lib/armv6k/fpu\libg.a(libc_a-strncpy.o)
                0x00112140                strncpy
 .text.__libc_init_array
                0x00112204       0x84 C:/devkitPro/devkitARM/bin/../lib/gcc/arm-none-eabi/14.2.0/../../../../arm-none-eabi/lib/armv6k/fpu\libg.a(libc_a-init.o)
                0x00112204                __libc_init_array
 .text.__sflush_r
                0x00112288      0x228 C:/devkitPro/devkitARM/bin/../lib/gcc/arm-none-eabi/14.2.0/../../../../arm-none-eabi/lib/armv6k/fpu\libg.a(libc_a-fflush.o)
                0x00112288                __sflush_r
 .text._fflush_r
                0x001124b0       0x94 C:/devkitPro/devkitARM/bin/../lib/gcc/arm-none-eabi/14.2.0/../../../../arm-none-eabi/lib/armv6k/fpu\libg.a(libc_a-fflush.o)
                0x001124b0                _fflush_r
 .text._memalign_r
                0x00112544      0x150 C:/devkitPro/devkitARM/bin/../lib/gcc/arm-none-eabi/14.2.0/../../../../arm-none-eabi/lib/armv6k/fpu\libg.a(libc_a-malignr.o)
                0x00112544                _memalign_r
 .text.__libc_fini_array
                0x00112694       0x3c C:/devkitPro/devkitARM/bin/../lib/gcc/arm-none-eabi/14.2.0/../../../../arm-none-eabi/lib/armv6k/fpu\libg.a(libc_a-fini.o)
                0x00112694                __libc_fini_array
 .text.__sread  0x001126d0       0x44 C:/devkitPro/devkitARM/bin/../lib/gcc/arm-none-eabi/14.2.0/../../../../arm-none-eabi/lib/armv6k/fpu\libg.a(libc_a-stdio.o)
                0x001126d0                __sread
 .text.__swrite
                0x00112714       0x68 C:/devkitPro/devkitARM/bin/../lib/gcc/arm-none-eabi/14.2.0/../../../../arm-none-eabi/lib/armv6k/fpu\libg.a(libc_a-stdio.o)
                0x00112714                __swrite
 .text.__sseek  0x0011277c       0x40 C:/devkitPro/devkitARM/bin/../lib/gcc/arm-none-eabi/14.2.0/../../../../arm-none-eabi/lib/armv6k/fpu\libg.a(libc_a-stdio.o)
                0x0011277c                __sseek
 .text.__sclose
                0x001127bc        0x8 C:/devkitPro/devkitARM/bin/../lib/gcc/arm-none-eabi/14.2.0/../../../../arm-none-eabi/lib/armv6k/fpu\libg.a(libc_a-stdio.o)
                0x001127bc                __sclose
 .text._fclose_r
                0x001127c4      0x148 C:/devkitPro/devkitARM/bin/../lib/gcc/arm-none-eabi/14.2.0/../../../../arm-none-eabi/lib/armv6k/fpu\libg.a(libc_a-fclose.o)
                0x001127c4                _fclose_r
 .text.get_arg  0x0011290c      0x5e4 C:/devkitPro/devkitARM/bin/../lib/gcc/arm-none-eabi/14.2.0/../../../../arm-none-eabi/lib/armv6k/fpu\libg.a(libc_a-vfprintf.o)
 .text._vfprintf_r
                0x00112ef0     0x342c C:/devkitPro/devkitARM/bin/../lib/gcc/arm-none-eabi/14.2.0/../../../../arm-none-eabi/lib/armv6k/fpu\libg.a(libc_a-vfprintf.o)
                0x00112ef0                _vfprintf_r
 .text.__sbprintf
                0x0011631c       0xb8 C:/devkitPro/devkitARM/bin/../lib/gcc/arm-none-eabi/14.2.0/../../../../arm-none-eabi/lib/armv6k/fpu\libg.a(libc_a-vfprintf.o)
 .text.__smakebuf_r
                0x001163d4      0x144 C:/devkitPro/devkitARM/bin/../lib/gcc/arm-none-eabi/14.2.0/../../../../arm-none-eabi/lib/armv6k/fpu\libg.a(libc_a-makebuf.o)
                0x001163d4                __smakebuf_r
 .text.__swhatbuf_r
                0x00116518       0x8c C:/devkitPro/devkitARM/bin/../lib/gcc/arm-none-eabi/14.2.0/../../../../arm-none-eabi/lib/armv6k/fpu\libg.a(libc_a-makebuf.o)
                0x00116518                __swhatbuf_r
 .text.quorem   0x001165a4      0x1b4 C:/devkitPro/devkitARM/bin/../lib/gcc/arm-none-eabi/14.2.0/../../../../arm-none-eabi/lib/armv6k/fpu\libg.a(libc_a-dtoa.o)
 .text._dtoa_r  0x00116758     0x1370 C:/devkitPro/devkitARM/bin/../lib/gcc/arm-none-eabi/14.2.0/../../../../arm-none-eabi/lib/armv6k/fpu\libg.a(libc_a-dtoa.o)
                0x00116758                _dtoa_r
 .text._wcrtomb_r
                0x00117ac8       0xa0 C:/devkitPro/devkitARM/bin/../lib/gcc/arm-none-eabi/14.2.0/../../../../arm-none-eabi/lib/armv6k/fpu\libg.a(libc_a-wcrtomb.o)
                0x00117ac8                _wcrtomb_r
 .text._wcsrtombs_r
                0x00117b68       0x28 C:/devkitPro/devkitARM/bin/../lib/gcc/arm-none-eabi/14.2.0/../../../../arm-none-eabi/lib/armv6k/fpu\libg.a(libc_a-wcsrtombs.o)
                0x00117b68                _wcsrtombs_r
 .text.__swsetup_r
                0x00117b90      0x194 C:/devkitPro/devkitARM/bin/../lib/gcc/arm-none-eabi/14.2.0/../../../../arm-none-eabi/lib/armv6k/fpu\libg.a(libc_a-wsetup.o)
                0x00117b90                __swsetup_r
 *fill*         0x00117d24        0x4 
 .text.frexp    0x00117d28       0x88 C:/devkitPro/devkitARM/bin/../lib/gcc/arm-none-eabi/14.2.0/../../../../arm-none-eabi/lib/armv6k/fpu\libg.a(libm_a-s_frexp.o)
                0x00117d28                frexp
 .text.__assert_func
                0x00117db0       0x5c C:/devkitPro/devkitARM/bin/../lib/gcc/arm-none-eabi/14.2.0/../../../../arm-none-eabi/lib/armv6k/fpu\libg.a(libc_a-assert.o)
                0x00117db0                __assert_func
 .text._Balloc  0x00117e0c       0x88 C:/devkitPro/devkitARM/bin/../lib/gcc/arm-none-eabi/14.2.0/../../../../arm-none-eabi/lib/armv6k/fpu\libg.a(libc_a-mprec.o)
                0x00117e0c                _Balloc
 .text._Bfree   0x00117e94       0x1c C:/devkitPro/devkitARM/bin/../lib/gcc/arm-none-eabi/14.2.0/../../../../arm-none-eabi/lib/armv6k/fpu\libg.a(libc_a-mprec.o)
                0x00117e94                _Bfree
 .text.__multadd
                0x00117eb0       0xf4 C:/devkitPro/devkitARM/bin/../lib/gcc/arm-none-eabi/14.2.0/../../../../arm-none-eabi/lib/armv6k/fpu\libg.a(libc_a-mprec.o)
                0x00117eb0                __multadd
 .text.__hi0bits
                0x00117fa4       0x80 C:/devkitPro/devkitARM/bin/../lib/gcc/arm-none-eabi/14.2.0/../../../../arm-none-eabi/lib/armv6k/fpu\libg.a(libc_a-mprec.o)
                0x00117fa4                __hi0bits
 .text.__lo0bits
                0x00118024       0xf4 C:/devkitPro/devkitARM/bin/../lib/gcc/arm-none-eabi/14.2.0/../../../../arm-none-eabi/lib/armv6k/fpu\libg.a(libc_a-mprec.o)
                0x00118024                __lo0bits
 .text.__i2b    0x00118118       0xa4 C:/devkitPro/devkitARM/bin/../lib/gcc/arm-none-eabi/14.2.0/../../../../arm-none-eabi/lib/armv6k/fpu\libg.a(libc_a-mprec.o)
                0x00118118                __i2b
 .text.__multiply
                0x001181bc      0x208 C:/devkitPro/devkitARM/bin/../lib/gcc/arm-none-eabi/14.2.0/../../../../arm-none-eabi/lib/armv6k/fpu\libg.a(libc_a-mprec.o)
                0x001181bc                __multiply
 .text.__pow5mult
                0x001183c4      0x130 C:/devkitPro/devkitARM/bin/../lib/gcc/arm-none-eabi/14.2.0/../../../../arm-none-eabi/lib/armv6k/fpu\libg.a(libc_a-mprec.o)
                0x001183c4                __pow5mult
 .text.__lshift
                0x001184f4      0x138 C:/devkitPro/devkitARM/bin/../lib/gcc/arm-none-eabi/14.2.0/../../../../arm-none-eabi/lib/armv6k/fpu\libg.a(libc_a-mprec.o)
                0x001184f4                __lshift
 .text.__mcmp   0x0011862c       0x58 C:/devkitPro/devkitARM/bin/../lib/gcc/arm-none-eabi/14.2.0/../../../../arm-none-eabi/lib/armv6k/fpu\libg.a(libc_a-mprec.o)
                0x0011862c                __mcmp
 .text.__mdiff  0x00118684      0x1f0 C:/devkitPro/devkitARM/bin/../lib/gcc/arm-none-eabi/14.2.0/../../../../arm-none-eabi/lib/armv6k/fpu\libg.a(libc_a-mprec.o)
                0x00118684                __mdiff
 .text.__d2b    0x00118874      0x120 C:/devkitPro/devkitARM/bin/../lib/gcc/arm-none-eabi/14.2.0/../../../../arm-none-eabi/lib/armv6k/fpu\libg.a(libc_a-mprec.o)
                0x00118874                __d2b
 .text.__locale_mb_cur_max
                0x00118994       0x24 C:/devkitPro/devkitARM/bin/../lib/gcc/arm-none-eabi/14.2.0/../../../../arm-none-eabi/lib/armv6k/fpu\libg.a(libc_a-locale.o)
                0x00118994                __locale_mb_cur_max
 .text.fiprintf
                0x001189b8       0x3c C:/devkitPro/devkitARM/bin/../lib/gcc/arm-none-eabi/14.2.0/../../../../arm-none-eabi/lib/armv6k/fpu\libg.a(libc_a-fiprintf.o)
                0x001189b8                fiprintf
 .text.memchr   0x001189f4       0xe0 C:/devkitPro/devkitARM/bin/../lib/gcc/arm-none-eabi/14.2.0/../../../../arm-none-eabi/lib/armv6k/fpu\libg.a(libc_a-memchr-stub.o)
                0x001189f4                memchr
 .text._wcsnrtombs_l
                0x00118ad4      0x160 C:/devkitPro/devkitARM/bin/../lib/gcc/arm-none-eabi/14.2.0/../../../../arm-none-eabi/lib/armv6k/fpu\libg.a(libc_a-wcsnrtombs.o)
                0x00118ad4                _wcsnrtombs_l
 .text._wcsnrtombs_r
                0x00118c34       0x64 C:/devkitPro/devkitARM/bin/../lib/gcc/arm-none-eabi/14.2.0/../../../../arm-none-eabi/lib/armv6k/fpu\libg.a(libc_a-wcsnrtombs.o)
                0x00118c34                _wcsnrtombs_r
 .text.__utf8_mbtowc
                0x00118c98      0x324 C:/devkitPro/devkitARM/bin/../lib/gcc/arm-none-eabi/14.2.0/../../../../arm-none-eabi/lib/armv6k/fpu\libg.a(libc_a-mbtowc_r.o)
                0x00118c98                __utf8_mbtowc
 .text.__sprint_r
                0x00118fbc       0x30 C:/devkitPro/devkitARM/bin/../lib/gcc/arm-none-eabi/14.2.0/../../../../arm-none-eabi/lib/armv6k/fpu\libg.a(libc_a-sprint_r.o)
                0x00118fbc                __sprint_r
 .text.abort    0x00118fec       0x14 C:/devkitPro/devkitARM/bin/../lib/gcc/arm-none-eabi/14.2.0/../../../../arm-none-eabi/lib/armv6k/fpu\libg.a(libc_a-abort.o)
                0x00118fec                abort
 .text._localeconv_r
                0x00119000       0x24 C:/devkitPro/devkitARM/bin/../lib/gcc/arm-none-eabi/14.2.0/../../../../arm-none-eabi/lib/armv6k/fpu\libg.a(libc_a-localeconv.o)
                0x00119000                _localeconv_r
 .text.__utf8_wctomb
                0x00119024       0xf0 C:/devkitPro/devkitARM/bin/../lib/gcc/arm-none-eabi/14.2.0/../../../../arm-none-eabi/lib/armv6k/fpu\libg.a(libc_a-wctomb_r.o)
                0x00119024                __utf8_wctomb
 .text.strchr   0x00119114      0x130 C:/devkitPro/devkitARM/bin/../lib/gcc/arm-none-eabi/14.2.0/../../../../arm-none-eabi/lib/armv6k/fpu\libg.a(libc_a-strchr.o)
                0x00119114                strchr
 .text.memmove  0x00119244      0x160 C:/devkitPro/devkitARM/bin/../lib/gcc/arm-none-eabi/14.2.0/../../../../arm-none-eabi/lib/armv6k/fpu\libg.a(libc_a-memmove.o)
                0x00119244                memmove
 .text._raise_r
                0x001193a4       0x90 C:/devkitPro/devkitARM/bin/../lib/gcc/arm-none-eabi/14.2.0/../../../../arm-none-eabi/lib/armv6k/fpu\libg.a(libc_a-signal.o)
                0x001193a4                _raise_r
 .text.raise    0x00119434       0x18 C:/devkitPro/devkitARM/bin/../lib/gcc/arm-none-eabi/14.2.0/../../../../arm-none-eabi/lib/armv6k/fpu\libg.a(libc_a-signal.o)
                0x00119434                raise
 .text.__sfvwrite_r
                0x0011944c      0x480 C:/devkitPro/devkitARM/bin/../lib/gcc/arm-none-eabi/14.2.0/../../../../arm-none-eabi/lib/armv6k/fpu\libg.a(libc_a-fvwrite.o)
                0x0011944c                __sfvwrite_r
 .text.get_arg  0x001198cc      0x5e4 C:/devkitPro/devkitARM/bin/../lib/gcc/arm-none-eabi/14.2.0/../../../../arm-none-eabi/lib/armv6k/fpu\libg.a(libc_a-vfiprintf.o)
 .text._vfiprintf_r
                0x00119eb0     0x2264 C:/devkitPro/devkitARM/bin/../lib/gcc/arm-none-eabi/14.2.0/../../../../arm-none-eabi/lib/armv6k/fpu\libg.a(libc_a-vfiprintf.o)
                0x00119eb0                _vfiprintf_r
 .text.__sbprintf
                0x0011c114       0xb8 C:/devkitPro/devkitARM/bin/../lib/gcc/arm-none-eabi/14.2.0/../../../../arm-none-eabi/lib/armv6k/fpu\libg.a(libc_a-vfiprintf.o)
 .text._realloc_r
                0x0011c1cc      0x4a4 C:/devkitPro/devkitARM/bin/../lib/gcc/arm-none-eabi/14.2.0/../../../../arm-none-eabi/lib/armv6k/fpu\libg.a(libc_a-reallocr.o)
                0x0011c1cc                _realloc_r
 .text._exit    0x0011c670       0x20 C:/devkitPro/devkitARM/bin/../lib/gcc/arm-none-eabi/14.2.0/../../../../arm-none-eabi/lib/armv6k/fpu\libsysbase.a(libsysbase_libsysbase_a-_exit.o)
                0x0011c670                _exit
 .text.chdir    0x0011c690      0x13c C:/devkitPro/devkitARM/bin/../lib/gcc/arm-none-eabi/14.2.0/../../../../arm-none-eabi/lib/armv6k/fpu\libsysbase.a(libsysbase_libsysbase_a-chdir.o)
                0x0011c690                chdir
 .text._concatenate_path
                0x0011c7cc      0x1cc C:/devkitPro/devkitARM/bin/../lib/gcc/arm-none-eabi/14.2.0/../../../../arm-none-eabi/lib/armv6k/fpu\libsysbase.a(libsysbase_libsysbase_a-concatenate.o)
                0x0011c7cc                _concatenate_path
 .text._fstat_r
                0x0011c998       0x88 C:/devkitPro/devkitARM/bin/../lib/gcc/arm-none-eabi/14.2.0/../../../../arm-none-eabi/lib/armv6k/fpu\libsysbase.a(libsysbase_libsysbase_a-fstat.o)
                0x0011c998                _fstat_r
 .text._getpid_r
                0x0011ca20       0x14 C:/devkitPro/devkitARM/bin/../lib/gcc/arm-none-eabi/14.2.0/../../../../arm-none-eabi/lib/armv6k/fpu\libsysbase.a(libsysbase_libsysbase_a-getpid.o)
                0x0011ca20                _getpid_r
 .text.__getreent
                0x0011ca34       0x2c C:/devkitPro/devkitARM/bin/../lib/gcc/arm-none-eabi/14.2.0/../../../../arm-none-eabi/lib/armv6k/fpu\libsysbase.a(libsysbase_libsysbase_a-getreent.o)
                0x0011ca34                __getreent
 .text.__get_handle
                0x0011ca60       0x3c C:/devkitPro/devkitARM/bin/../lib/gcc/arm-none-eabi/14.2.0/../../../../arm-none-eabi/lib/armv6k/fpu\libsysbase.a(libsysbase_libsysbase_a-handle_manager.o)
                0x0011ca60                __get_handle
 .text._close_r
                0x0011ca9c       0xf4 C:/devkitPro/devkitARM/bin/../lib/gcc/arm-none-eabi/14.2.0/../../../../arm-none-eabi/lib/armv6k/fpu\libsysbase.a(libsysbase_libsysbase_a-handle_manager.o)
                0x0011ca9c                _close_r
 .text.null_write
                0x0011cb90        0x8 C:/devkitPro/devkitARM/bin/../lib/gcc/arm-none-eabi/14.2.0/../../../../arm-none-eabi/lib/armv6k/fpu\libsysbase.a(libsysbase_libsysbase_a-iosupport.o)
 .text.setDefaultDevice
                0x0011cb98       0x18 C:/devkitPro/devkitARM/bin/../lib/gcc/arm-none-eabi/14.2.0/../../../../arm-none-eabi/lib/armv6k/fpu\libsysbase.a(libsysbase_libsysbase_a-iosupport.o)
                0x0011cb98                setDefaultDevice
 .text.FindDevice
                0x0011cbb0       0xc8 C:/devkitPro/devkitARM/bin/../lib/gcc/arm-none-eabi/14.2.0/../../../../arm-none-eabi/lib/armv6k/fpu\libsysbase.a(libsysbase_libsysbase_a-iosupport.o)
                0x0011cbb0                FindDevice
 .text.RemoveDevice
                0x0011cc78       0x28 C:/devkitPro/devkitARM/bin/../lib/gcc/arm-none-eabi/14.2.0/../../../../arm-none-eabi/lib/armv6k/fpu\libsysbase.a(libsysbase_libsysbase_a-iosupport.o)
                0x0011cc78                RemoveDevice
 .text.AddDevice
                0x0011cca0       0x98 C:/devkitPro/devkitARM/bin/../lib/gcc/arm-none-eabi/14.2.0/../../../../arm-none-eabi/lib/armv6k/fpu\libsysbase.a(libsysbase_libsysbase_a-iosupport.o)
                0x0011cca0                AddDevice
 .text.GetDeviceOpTab
                0x0011cd38       0x20 C:/devkitPro/devkitARM/bin/../lib/gcc/arm-none-eabi/14.2.0/../../../../arm-none-eabi/lib/armv6k/fpu\libsysbase.a(libsysbase_libsysbase_a-iosupport.o)
                0x0011cd38                GetDeviceOpTab
 .text._isatty_r
                0x0011cd58        0x8 C:/devkitPro/devkitARM/bin/../lib/gcc/arm-none-eabi/14.2.0/../../../../arm-none-eabi/lib/armv6k/fpu\libsysbase.a(libsysbase_libsysbase_a-isatty.o)
                0x0011cd58                _isatty_r
 .text._kill_r  0x0011cd60       0x14 C:/devkitPro/devkitARM/bin/../lib/gcc/arm-none-eabi/14.2.0/../../../../arm-none-eabi/lib/armv6k/fpu\libsysbase.a(libsysbase_libsysbase_a-kill.o)
                0x0011cd60                _kill_r
 .text._lseek_r
                0x0011cd74       0x8c C:/devkitPro/devkitARM/bin/../lib/gcc/arm-none-eabi/14.2.0/../../../../arm-none-eabi/lib/armv6k/fpu\libsysbase.a(libsysbase_libsysbase_a-lseek.o)
                0x0011cd74                _lseek_r
 .text._read_r  0x0011ce00       0x88 C:/devkitPro/devkitARM/bin/../lib/gcc/arm-none-eabi/14.2.0/../../../../arm-none-eabi/lib/armv6k/fpu\libsysbase.a(libsysbase_libsysbase_a-read.o)
                0x0011ce00                _read_r
 .text._sbrk_r  0x0011ce88       0x78 C:/devkitPro/devkitARM/bin/../lib/gcc/arm-none-eabi/14.2.0/../../../../arm-none-eabi/lib/armv6k/fpu\libsysbase.a(libsysbase_libsysbase_a-sbrk.o)
                0x0011ce88                _sbrk_r
 .text.__libc_lock_acquire
                0x0011cf00       0x1c C:/devkitPro/devkitARM/bin/../lib/gcc/arm-none-eabi/14.2.0/../../../../arm-none-eabi/lib/armv6k/fpu\libsysbase.a(libsysbase_libsysbase_a-syscall_support.o)
                0x0011cf00                __libc_lock_acquire
 .text.__libc_lock_release
                0x0011cf1c       0x1c C:/devkitPro/devkitARM/bin/../lib/gcc/arm-none-eabi/14.2.0/../../../../arm-none-eabi/lib/armv6k/fpu\libsysbase.a(libsysbase_libsysbase_a-syscall_support.o)
                0x0011cf1c                __libc_lock_release
 .text.__libc_lock_acquire_recursive
                0x0011cf38       0x1c C:/devkitPro/devkitARM/bin/../lib/gcc/arm-none-eabi/14.2.0/../../../../arm-none-eabi/lib/armv6k/fpu\libsysbase.a(libsysbase_libsysbase_a-syscall_support.o)
                0x0011cf38                __libc_lock_acquire_recursive
 .text.__libc_lock_release_recursive
                0x0011cf54       0x1c C:/devkitPro/devkitARM/bin/../lib/gcc/arm-none-eabi/14.2.0/../../../../arm-none-eabi/lib/armv6k/fpu\libsysbase.a(libsysbase_libsysbase_a-syscall_support.o)
                0x0011cf54                __libc_lock_release_recursive
 .text._write_r
                0x0011cf70       0x88 C:/devkitPro/devkitARM/bin/../lib/gcc/arm-none-eabi/14.2.0/../../../../arm-none-eabi/lib/armv6k/fpu\libsysbase.a(libsysbase_libsysbase_a-write.o)
                0x0011cf70                _write_r
 .text.strrchr  0x0011cff8       0x48 C:/devkitPro/devkitARM/bin/../lib/gcc/arm-none-eabi/14.2.0/../../../../arm-none-eabi/lib/armv6k/fpu\libg.a(libc_a-strrchr.o)
                0x0011cff8                strrchr
 *(.glue_7)
 .glue_7        0x0011d040        0x0 linker stubs
 *(.glue_7t)
 .glue_7t       0x0011d040        0x0 linker stubs
 *(.stub)
 *(.gnu.warning)
 *(.gnu.linkonce.t*)
                0x0011d040                        . = ALIGN (0x4)
 *(.fini)
 .fini          0x0011d040        0xc C:/devkitPro/devkitARM/bin/../lib/gcc/arm-none-eabi/14.2.0/armv6k/fpu/crti.o
                0x0011d040                _fini
 .fini          0x0011d04c        0xc C:/devkitPro/devkitARM/bin/../lib/gcc/arm-none-eabi/14.2.0/armv6k/fpu/crtn.o
                0x0011d058                        . = ALIGN (0x4)

.vfp11_veneer   0x0011d058        0x0
 .vfp11_veneer  0x0011d058        0x0 linker stubs

.v4_bx          0x0011d058        0x0
 .v4_bx         0x0011d058        0x0 linker stubs

.iplt           0x0011d058        0x0
 .iplt          0x0011d058        0x0 C:/devkitPro/devkitARM/bin/../lib/gcc/arm-none-eabi/14.2.0/../../../../arm-none-eabi/lib/armv6k/fpu/3dsx_crt0.o
                0x0011e000                        . = ALIGN (0x1000)

.rodata         0x0011e000     0x16a0
 *(.rodata)
 .rodata        0x0011e000        0xc C:/devkitPro/libctru/lib\libctru.a(archive_dev.o)
 *(.roda)
 *(.rodata.*)
 .rodata.str1.4
                0x0011e00c      0x49c advancedMode.o
                                0x13d (size before relaxing)
 .rodata.str1.4
                0x0011e4a8       0x60 main.o
 .rodata.str1.4
                0x0011e4a8      0x12c simpleMode.o
 .rodata.C2D_Init.str1.4
                0x0011e4a8       0x10 C:/devkitPro/libctru/lib\libcitro2d.a(base.o)
 .rodata.render2d_shbin
                0x0011e4a8      0x190 C:/devkitPro/libctru/lib\libcitro2d.a(render2d.shbin.o)
                0x0011e4a8                render2d_shbin
                0x0011e634                render2d_shbin_end
                0x0011e634                render2d_shbin_size
 .rodata.depthFmtSizes
                0x0011e638        0x4 C:/devkitPro/libctru/lib\libcitro3d.a(framebuffer.o)
 .rodata.colorFmtSizes
                0x0011e63c        0x5 C:/devkitPro/libctru/lib\libcitro3d.a(framebuffer.o)
 *fill*         0x0011e641        0x3 
 .rodata.CSWTCH.11
                0x0011e644       0x10 C:/devkitPro/libctru/lib\libcitro3d.a(proctex.o)
 .rodata.str1.4
                0x0011e654       0x10 C:/devkitPro/libctru/lib\libctru.a(console.o)
 .rodata.dotab_stdout
                0x0011e654       0x80 C:/devkitPro/libctru/lib\libctru.a(console.o)
 .rodata.grayScale
                0x0011e6d4       0x18 C:/devkitPro/libctru/lib\libctru.a(console.o)
 .rodata.colorCube
                0x0011e6ec        0x6 C:/devkitPro/libctru/lib\libctru.a(console.o)
 *fill*         0x0011e6f2        0x2 
 .rodata.colorTable
                0x0011e6f4       0x30 C:/devkitPro/libctru/lib\libctru.a(console.o)
 .rodata.aptSendCommand.str1.4
                0x0011e724       0x16 C:/devkitPro/libctru/lib\libctru.a(apt.o)
 .rodata.morton_y.2
                0x0011e724        0x8 C:/devkitPro/libctru/lib\libctru.a(apt.o)
 .rodata.morton_x.3
                0x0011e72c        0x8 C:/devkitPro/libctru/lib\libctru.a(apt.o)
 .rodata.s_sleepWakeEvents.4
                0x0011e734        0x8 C:/devkitPro/libctru/lib\libctru.a(apt.o)
 .rodata.gspInit.str1.4
                0x0011e73c        0x9 C:/devkitPro/libctru/lib\libctru.a(gspgpu.o)
 .rodata.hidInit.str1.4
                0x0011e73c       0x15 C:/devkitPro/libctru/lib\libctru.a(hid.o)
 .rodata.irrstInit.str1.4
                0x0011e73c        0x7 C:/devkitPro/libctru/lib\libctru.a(irrst.o)
 .rodata.mcuHwcInit.str1.4
                0x0011e73c        0x9 C:/devkitPro/libctru/lib\libctru.a(mcuhwc.o)
 .rodata.ptmSysmInit.str1.4
                0x0011e73c        0x9 C:/devkitPro/libctru/lib\libctru.a(ptmsysm.o)
 .rodata.__system_initArgv.str1.4
                0x0011e73c        0xa C:/devkitPro/libctru/lib\libctru.a(initArgv.o)
 .rodata.default_font_bin
                0x0011e73c      0x800 C:/devkitPro/libctru/lib\libctru.a(default_font.bin.o)
                0x0011e73c                default_font_bin
                0x0011ef3c                default_font_bin_end
 .rodata.srvInit.str1.4
                0x0011ef3c        0x5 C:/devkitPro/libctru/lib\libctru.a(srv.o)
 .rodata.archive_utf16path.str1.4
                0x0011ef3c        0x2 C:/devkitPro/libctru/lib\libctru.a(archive_dev.o)
 .rodata._archiveUnmountDeviceStruct.part.0.str1.4
                0x0011ef3c        0x2 C:/devkitPro/libctru/lib\libctru.a(archive_dev.o)
 .rodata._archiveMountDevice.str1.4
                0x0011ef3c        0xc C:/devkitPro/libctru/lib\libctru.a(archive_dev.o)
 .rodata.archiveMountSdmc.str1.4
                0x0011ef3c        0x5 C:/devkitPro/libctru/lib\libctru.a(archive_dev.o)
 .rodata.error_table
                0x0011ef3c       0x30 C:/devkitPro/libctru/lib\libctru.a(archive_dev.o)
 .rodata.str1.4
                0x0011ef6c        0x8 C:/devkitPro/libctru/lib\libctru.a(archive_dev.o)
 .rodata.archive_devoptab
                0x0011ef6c       0x80 C:/devkitPro/libctru/lib\libctru.a(archive_dev.o)
 .rodata.fsInit.str1.4
                0x0011efec        0x8 C:/devkitPro/libctru/lib\libctru.a(fs.o)
 .rodata._ctype_
                0x0011efec      0x101 C:/devkitPro/devkitARM/bin/../lib/gcc/arm-none-eabi/14.2.0/../../../../arm-none-eabi/lib/armv6k/fpu\libg.a(libc_a-ctype_.o)
                0x0011efec                _ctype_
 *fill*         0x0011f0ed        0x1 
 .rodata.get_arg
                0x0011f0ee       0x34 C:/devkitPro/devkitARM/bin/../lib/gcc/arm-none-eabi/14.2.0/../../../../arm-none-eabi/lib/armv6k/fpu\libg.a(libc_a-vfprintf.o)
 .rodata._vfprintf_r.str1.1
                0x0011f122       0x3b C:/devkitPro/devkitARM/bin/../lib/gcc/arm-none-eabi/14.2.0/../../../../arm-none-eabi/lib/armv6k/fpu\libg.a(libc_a-vfprintf.o)
 *fill*         0x0011f15d        0x1 
 .rodata._vfprintf_r
                0x0011f15e       0xb6 C:/devkitPro/devkitARM/bin/../lib/gcc/arm-none-eabi/14.2.0/../../../../arm-none-eabi/lib/armv6k/fpu\libg.a(libc_a-vfprintf.o)
 .rodata.zeroes.0
                0x0011f214       0x10 C:/devkitPro/devkitARM/bin/../lib/gcc/arm-none-eabi/14.2.0/../../../../arm-none-eabi/lib/armv6k/fpu\libg.a(libc_a-vfprintf.o)
 .rodata.blanks.1
                0x0011f224       0x10 C:/devkitPro/devkitARM/bin/../lib/gcc/arm-none-eabi/14.2.0/../../../../arm-none-eabi/lib/armv6k/fpu\libg.a(libc_a-vfprintf.o)
 .rodata._dtoa_r.str1.4
                0x0011f234       0x6a C:/devkitPro/devkitARM/bin/../lib/gcc/arm-none-eabi/14.2.0/../../../../arm-none-eabi/lib/armv6k/fpu\libg.a(libc_a-dtoa.o)
 .rodata._dtoa_r
                0x0011f234        0x8 C:/devkitPro/devkitARM/bin/../lib/gcc/arm-none-eabi/14.2.0/../../../../arm-none-eabi/lib/armv6k/fpu\libg.a(libc_a-dtoa.o)
 .rodata.__action_table
                0x0011f23c       0x6c C:/devkitPro/devkitARM/bin/../lib/gcc/arm-none-eabi/14.2.0/../../../../arm-none-eabi/lib/armv6k/fpu\libg.a(libc_a-svfiprintf.o)
                0x0011f23c                __action_table
 .rodata.__state_table
                0x0011f2a8       0x6c C:/devkitPro/devkitARM/bin/../lib/gcc/arm-none-eabi/14.2.0/../../../../arm-none-eabi/lib/armv6k/fpu\libg.a(libc_a-svfiprintf.o)
                0x0011f2a8                __state_table
 .rodata.__chclass
                0x0011f314      0x100 C:/devkitPro/devkitARM/bin/../lib/gcc/arm-none-eabi/14.2.0/../../../../arm-none-eabi/lib/armv6k/fpu\libg.a(libc_a-svfiprintf.o)
                0x0011f314                __chclass
 .rodata.__assert_func.str1.4
                0x0011f414       0x43 C:/devkitPro/devkitARM/bin/../lib/gcc/arm-none-eabi/14.2.0/../../../../arm-none-eabi/lib/armv6k/fpu\libg.a(libc_a-assert.o)
 .rodata.__multadd.str1.4
                0x0011f414       0x57 C:/devkitPro/devkitARM/bin/../lib/gcc/arm-none-eabi/14.2.0/../../../../arm-none-eabi/lib/armv6k/fpu\libg.a(libc_a-mprec.o)
 .rodata.p05.0  0x0011f414        0xc C:/devkitPro/devkitARM/bin/../lib/gcc/arm-none-eabi/14.2.0/../../../../arm-none-eabi/lib/armv6k/fpu\libg.a(libc_a-mprec.o)
 .rodata.__mprec_bigtens
                0x0011f420       0x28 C:/devkitPro/devkitARM/bin/../lib/gcc/arm-none-eabi/14.2.0/../../../../arm-none-eabi/lib/armv6k/fpu\libg.a(libc_a-mprec.o)
                0x0011f420                __mprec_bigtens
 .rodata.__mprec_tens
                0x0011f448       0xc8 C:/devkitPro/devkitARM/bin/../lib/gcc/arm-none-eabi/14.2.0/../../../../arm-none-eabi/lib/armv6k/fpu\libg.a(libc_a-mprec.o)
                0x0011f448                __mprec_tens
 .rodata.str1.4
                0x0011f510       0x4c C:/devkitPro/devkitARM/bin/../lib/gcc/arm-none-eabi/14.2.0/../../../../arm-none-eabi/lib/armv6k/fpu\libg.a(libc_a-locale.o)
 .rodata.get_arg
                0x0011f510       0x34 C:/devkitPro/devkitARM/bin/../lib/gcc/arm-none-eabi/14.2.0/../../../../arm-none-eabi/lib/armv6k/fpu\libg.a(libc_a-vfiprintf.o)
 .rodata._vfiprintf_r.str1.1
                0x0011f544       0x29 C:/devkitPro/devkitARM/bin/../lib/gcc/arm-none-eabi/14.2.0/../../../../arm-none-eabi/lib/armv6k/fpu\libg.a(libc_a-vfiprintf.o)
 .rodata._vfiprintf_r
                0x0011f544       0xb6 C:/devkitPro/devkitARM/bin/../lib/gcc/arm-none-eabi/14.2.0/../../../../arm-none-eabi/lib/armv6k/fpu\libg.a(libc_a-vfiprintf.o)
 *fill*         0x0011f5fa        0x2 
 .rodata.zeroes.0
                0x0011f5fc       0x10 C:/devkitPro/devkitARM/bin/../lib/gcc/arm-none-eabi/14.2.0/../../../../arm-none-eabi/lib/armv6k/fpu\libg.a(libc_a-vfiprintf.o)
 .rodata.blanks.1
                0x0011f60c       0x10 C:/devkitPro/devkitARM/bin/../lib/gcc/arm-none-eabi/14.2.0/../../../../arm-none-eabi/lib/armv6k/fpu\libg.a(libc_a-vfiprintf.o)
 .rodata.AddDevice.str1.4