Archive member included to satisfy reference by file (symbol)

C:/devkitPro/libctru/lib\libctru.a(console.o)
                              main.o (consoleSelect)
C:/devkitPro/libctru/lib\libctru.a(gfx.o)
                              C:/devkitPro/libctru/lib\libctru.a(console.o) (gfxIsWide)
C:/devkitPro/libctru/lib\libctru.a(apt.o)
                              main.o (aptMainLoop)
C:/devkitPro/libctru/lib\libctru.a(gspgpu.o)
                              C:/devkitPro/libctru/lib\libctru.a(gfx.o) (gspInit)
C:/devkitPro/libctru/lib\libctru.a(hid.o)
                              main.o (hidInit)
C:/devkitPro/libctru/lib\libctru.a(irrst.o)
                              C:/devkitPro/libctru/lib\libctru.a(hid.o) (irrstInit)
C:/devkitPro/libctru/lib\libctru.a(mcuhwc.o)
                              main.o (mcuHwcInit)
C:/devkitPro/libctru/lib\libctru.a(ctru_init.o)
                              C:/devkitPro/libctru/lib\libctru.a(apt.o) (__system_retAddr)
C:/devkitPro/libctru/lib\libctru.a(initArgv.o)
                              C:/devkitPro/libctru/lib\libctru.a(ctru_init.o) (__system_initArgv)
C:/devkitPro/libctru/lib\libctru.a(syscalls.o)
                              C:/devkitPro/libctru/lib\libctru.a(ctru_init.o) (__system_initSyscalls)
C:/devkitPro/libctru/lib\libctru.a(svc.o)
                              C:/devkitPro/libctru/lib\libctru.a(apt.o) (svcSleepThread)
C:/devkitPro/libctru/lib\libctru.a(stack_adjust.o)
                              C:/devkitPro/devkitARM/bin/../lib/gcc/arm-none-eabi/14.2.0/../../../../arm-none-eabi/lib/armv6k/fpu/3dsx_crt0.o (initSystem)
C:/devkitPro/libctru/lib\libctru.a(default_font.bin.o)
                              C:/devkitPro/libctru/lib\libctru.a(console.o) (default_font_bin)
C:/devkitPro/libctru/lib\libctru.a(linear.o)
                              C:/devkitPro/libctru/lib\libctru.a(gfx.o) (linearAlloc)
C:/devkitPro/libctru/lib\libctru.a(mem_pool.o)
                              C:/devkitPro/libctru/lib\libctru.a(linear.o) (MemPool::Allocate(MemChunk&, unsigned long, int))
C:/devkitPro/libctru/lib\libctru.a(vram.o)
                              C:/devkitPro/libctru/lib\libctru.a(gfx.o) (vramAlloc)
C:/devkitPro/libctru/lib\libctru.a(3dslink.o)
                              C:/devkitPro/libctru/lib\libctru.a(initArgv.o) (__3dslink_host)
C:/devkitPro/libctru/lib\libctru.a(env.o)
                              C:/devkitPro/libctru/lib\libctru.a(irrst.o) (envGetHandle)
C:/devkitPro/libctru/lib\libctru.a(os.o)
                              C:/devkitPro/libctru/lib\libctru.a(syscalls.o) (osGetTime)
C:/devkitPro/libctru/lib\libctru.a(srv.o)
                              C:/devkitPro/libctru/lib\libctru.a(apt.o) (srvInit)
C:/devkitPro/libctru/lib\libctru.a(synchronization.o)
                              C:/devkitPro/libctru/lib\libctru.a(ctru_init.o) (__sync_init)
C:/devkitPro/libctru/lib\libctru.a(thread.o)
                              C:/devkitPro/libctru/lib\libctru.a(apt.o) (threadCreate)
C:/devkitPro/libctru/lib\libctru.a(mappable.o)
                              C:/devkitPro/libctru/lib\libctru.a(apt.o) (mappableAlloc)
C:/devkitPro/libctru/lib\libctru.a(ptmsysm.o)
                              C:/devkitPro/libctru/lib\libctru.a(os.o) (ptmSysmInit)
C:/devkitPro/libctru/lib\libctru.a(srvpm.o)
                              C:/devkitPro/libctru/lib\libctru.a(srv.o) (srvPmGetSessionHandle)
C:/devkitPro/libctru/lib\libctru.a(soc_connect.o)
                              C:/devkitPro/libctru/lib\libctru.a(3dslink.o) (connect)
C:/devkitPro/libctru/lib\libctru.a(soc_socket.o)
                              C:/devkitPro/libctru/lib\libctru.a(3dslink.o) (socket)
C:/devkitPro/libctru/lib\libctru.a(rbtree_find.o)
                              C:/devkitPro/libctru/lib\libctru.a(linear.o) (rbtree_find)
C:/devkitPro/libctru/lib\libctru.a(rbtree_init.o)
                              C:/devkitPro/libctru/lib\libctru.a(linear.o) (rbtree_init)
C:/devkitPro/libctru/lib\libctru.a(rbtree_insert.o)
                              C:/devkitPro/libctru/lib\libctru.a(linear.o) (rbtree_insert)
C:/devkitPro/libctru/lib\libctru.a(rbtree_remove.o)
                              C:/devkitPro/libctru/lib\libctru.a(linear.o) (rbtree_remove)
C:/devkitPro/libctru/lib\libctru.a(rbtree_rotate.o)
                              C:/devkitPro/libctru/lib\libctru.a(rbtree_insert.o) (rbtree_rotate)
C:/devkitPro/libctru/lib\libctru.a(allocateHeaps.o)
                              C:/devkitPro/libctru/lib\libctru.a(ctru_init.o) (__system_allocateHeaps)
C:/devkitPro/libctru/lib\libctru.a(appExit.o)
                              C:/devkitPro/libctru/lib\libctru.a(stack_adjust.o) (__appExit)
C:/devkitPro/libctru/lib\libctru.a(appInit.o)
                              C:/devkitPro/libctru/lib\libctru.a(stack_adjust.o) (__appInit)
C:/devkitPro/libctru/lib\libctru.a(ctru_exit.o)
[...]
Memory Configuration

Name             Origin             Length             Attributes
*default*        0x00000000         0xffffffff

Linker script and memory map

                0x00000000                        __sync_synchronize = __sync_synchronize_dmb
                0x00100000                        PROVIDE (__start__ = 0x100000)
                0x00100000                        . = __start__

.text           0x00100000    0x172b0
 *(.crt0)
 .crt0          0x00100000       0x94 C:/devkitPro/devkitARM/bin/../lib/gcc/arm-none-eabi/14.2.0/../../../../arm-none-eabi/lib/armv6k/fpu/3dsx_crt0.o
                0x00100000                _start
                0x00100008                __service_ptr
                0x0010000c                __apt_appid
                0x00100010                __heap_size
                0x00100014                __linear_heap_size
                0x00100018                __system_arglist
                0x0010001c                __system_runflags
 *(.init)
 .init          0x00100094        0xc C:/devkitPro/devkitARM/bin/../lib/gcc/arm-none-eabi/14.2.0/armv6k/fpu/crti.o
                0x00100094                _init
 .init          0x001000a0        0xc C:/devkitPro/devkitARM/bin/../lib/gcc/arm-none-eabi/14.2.0/armv6k/fpu/crtn.o
                0x001000ac                        . = ALIGN (0x4)
 *(.text)
 .text          0x001000ac      0x240 C:/devkitPro/devkitARM/bin/../lib/gcc/arm-none-eabi/14.2.0/armv6k/fpu\libgcc.a(_divsi3.o)
                0x001000ac                __divsi3
                0x001000ac                __aeabi_idiv
                0x001002cc                __aeabi_idivmod
 .text          0x001002ec        0x4 C:/devkitPro/devkitARM/bin/../lib/gcc/arm-none-eabi/14.2.0/armv6k/fpu\libgcc.a(_dvmd_tls.o)
                0x001002ec                __aeabi_idiv0
                0x001002ec                __aeabi_ldiv0
 .text          0x001002f0       0x3c C:/devkitPro/devkitARM/bin/../lib/gcc/arm-none-eabi/14.2.0/armv6k/fpu\libgcc.a(_aeabi_uldivmod.o)
                0x001002f0                __aeabi_uldivmod
 *fill*         0x0010032c       0x14 
 .text          0x00100340      0x390 C:/devkitPro/devkitARM/bin/../lib/gcc/arm-none-eabi/14.2.0/../../../../arm-none-eabi/lib/armv6k/fpu\libg.a(libc_a-strcmp.o)
                0x00100348                strcmp
 .text          0x001006d0      0x20c C:/devkitPro/devkitARM/bin/../lib/gcc/arm-none-eabi/14.2.0/armv6k/fpu\libgcc.a(_udivsi3.o)
                0x001006d0                __aeabi_uidiv
                0x001006d0                __udivsi3
                0x001008bc                __aeabi_uidivmod
 *(.text.*)
 .text.__do_global_dtors_aux
                0x001008dc       0x40 C:/devkitPro/devkitARM/bin/../lib/gcc/arm-none-eabi/14.2.0/armv6k/fpu/crtbegin.o
 .text.frame_dummy
                0x0010091c       0x2c C:/devkitPro/devkitARM/bin/../lib/gcc/arm-none-eabi/14.2.0/armv6k/fpu/crtbegin.o
 .text.startup.main
                0x00100948      0x254 main.o
                0x00100948                main
 .text.consoleHandleColorEsc
                0x00100b9c      0x51c C:/devkitPro/libctru/lib\libctru.a(console.o)
 .text.consoleColorStateShift
                0x001010b8       0xb8 C:/devkitPro/libctru/lib\libctru.a(console.o)
 .text.consoleSelect
                0x00101170       0x18 C:/devkitPro/libctru/lib\libctru.a(console.o)
                0x00101170                consoleSelect
 .text.consoleDrawChar
                0x00101188      0x1ac C:/devkitPro/libctru/lib\libctru.a(console.o)
                0x00101188                consoleDrawChar
 .text.consolePrintChar
                0x00101334      0x124 C:/devkitPro/libctru/lib\libctru.a(console.o)
                0x00101334                consolePrintChar
 .text.con_write
                0x00101458      0x6f4 C:/devkitPro/libctru/lib\libctru.a(console.o)
                0x00101458                con_write
 .text.newRow   0x00101b4c       0xfc C:/devkitPro/libctru/lib\libctru.a(console.o)
 .text.consoleInit
                0x00101c48      0x18c C:/devkitPro/libctru/lib\libctru.a(console.o)
                0x00101c48                consoleInit
 .text.consoleClear
                0x00101dd4       0xb8 C:/devkitPro/libctru/lib\libctru.a(console.o)
                0x00101dd4                consoleClear
 .text.gfxPresentFramebuffer
                0x00101e8c       0xd0 C:/devkitPro/libctru/lib\libctru.a(gfx.o)
 .text.gfxIsWide
                0x00101f5c       0x1c C:/devkitPro/libctru/lib\libctru.a(gfx.o)
                0x00101f5c                gfxIsWide
 .text.gfxSetScreenFormat
                0x00101f78       0xec C:/devkitPro/libctru/lib\libctru.a(gfx.o)
                0x00101f78                gfxSetScreenFormat
 .text.gfxSetDoubleBuffering
                0x00102064       0x10 C:/devkitPro/libctru/lib\libctru.a(gfx.o)
                0x00102064                gfxSetDoubleBuffering
 .text.gfxInit  0x00102074       0xe0 C:/devkitPro/libctru/lib\libctru.a(gfx.o)
                0x00102074                gfxInit
 .text.gfxExit  0x00102154       0xb4 C:/devkitPro/libctru/lib\libctru.a(gfx.o)
                0x00102154                gfxExit
 .text.gfxGetFramebuffer
                0x00102208       0xa0 C:/devkitPro/libctru/lib\libctru.a(gfx.o)
                0x00102208                gfxGetFramebuffer
 .text.gfxFlushBuffers
                0x001022a8      0x104 C:/devkitPro/libctru/lib\libctru.a(gfx.o)
                0x001022a8                gfxFlushBuffers
 .text.gfxSwapBuffers
                0x001023ac       0x50 C:/devkitPro/libctru/lib\libctru.a(gfx.o)
                0x001023ac                gfxSwapBuffers
 .text.gfxSwapBuffersGpu
                0x001023fc       0x50 C:/devkitPro/libctru/lib\libctru.a(gfx.o)
                0x001023fc                gfxSwapBuffersGpu
 .text.aptConvertScreenForCapture
                0x0010244c      0x1ac C:/devkitPro/libctru/lib\libctru.a(apt.o)
 .text.aptDspSleep
                0x001025f8        0x8 C:/devkitPro/libctru/lib\libctru.a(apt.o)
                0x001025f8                aptDspSleep
 .text.aptDspWakeup
                0x00102600        0x4 C:/devkitPro/libctru/lib\libctru.a(apt.o)
                0x00102600                aptDspWakeup
 .text.aptDspCancel
                0x00102604        0x4 C:/devkitPro/libctru/lib\libctru.a(apt.o)
                0x00102604                aptDspCancel
 .text.aptSendCommand
                0x00102608      0x158 C:/devkitPro/libctru/lib\libctru.a(apt.o)
                0x00102608                aptSendCommand
 .text.aptExitProcess
                0x00102760       0x44 C:/devkitPro/libctru/lib\libctru.a(apt.o)
 .text.aptExit  0x001027a4      0x38c C:/devkitPro/libctru/lib\libctru.a(apt.o)
                0x001027a4                aptExit
 .text.aptHandleSleep
                0x00102b30       0xe0 C:/devkitPro/libctru/lib\libctru.a(apt.o)
                0x00102b30                aptHandleSleep
 .text.APT_SleepIfShellClosed
                0x00102c10       0x84 C:/devkitPro/libctru/lib\libctru.a(apt.o)
                0x00102c10                APT_SleepIfShellClosed
 .text.aptSetSleepAllowed
                0x00102c94       0x84 C:/devkitPro/libctru/lib\libctru.a(apt.o)
                0x00102c94                aptSetSleepAllowed
 .text.APT_UnlockTransition
                0x00102d18       0x84 C:/devkitPro/libctru/lib\libctru.a(apt.o)
                0x00102d18                APT_UnlockTransition
 *fill*         0x00102d9c        0x4 
 .text.aptEventHandler
                0x00102da0      0x4a4 C:/devkitPro/libctru/lib\libctru.a(apt.o)
 .text.APT_ReceiveParameter
                0x00103244       0xb0 C:/devkitPro/libctru/lib\libctru.a(apt.o)
                0x00103244                APT_ReceiveParameter
 .text.aptReceiveParameter.constprop.0
                0x001032f4       0xac C:/devkitPro/libctru/lib\libctru.a(apt.o)
 .text.aptScreenTransfer
                0x001033a0      0x2ac C:/devkitPro/libctru/lib\libctru.a(apt.o)
 .text.aptWaitForWakeUp.isra.0
                0x0010364c      0x320 C:/devkitPro/libctru/lib\libctru.a(apt.o)
 .text.aptJumpToHomeMenu
                0x0010396c       0xf8 C:/devkitPro/libctru/lib\libctru.a(apt.o)
                0x0010396c                aptJumpToHomeMenu
 .text.aptMainLoop
                0x00103a64       0x48 C:/devkitPro/libctru/lib\libctru.a(apt.o)
                0x00103a64                aptMainLoop
 .text.aptInit  0x00103aac      0x22c C:/devkitPro/libctru/lib\libctru.a(apt.o)
                0x00103aac                aptInit
 .text.APT_CheckNew3DS
                0x00103cd8       0x7c C:/devkitPro/libctru/lib\libctru.a(apt.o)
                0x00103cd8                APT_CheckNew3DS
 .text.gspHardwareInit
                0x00103d54      0xc64 C:/devkitPro/libctru/lib\libctru.a(gspgpu.o)
 .text.gspInit  0x001049b8      0x248 C:/devkitPro/libctru/lib\libctru.a(gspgpu.o)
                0x001049b8                gspInit
 .text.gspExit  0x00104c00       0xf0 C:/devkitPro/libctru/lib\libctru.a(gspgpu.o)
                0x00104c00                gspExit
 .text.gspHasGpuRight
                0x00104cf0       0x10 C:/devkitPro/libctru/lib\libctru.a(gspgpu.o)
                0x00104cf0                gspHasGpuRight
 .text.gspPresentBuffer
                0x00104d00       0xa0 C:/devkitPro/libctru/lib\libctru.a(gspgpu.o)
                0x00104d00                gspPresentBuffer
 .text.gspWaitForEvent
                0x00104da0       0x44 C:/devkitPro/libctru/lib\libctru.a(gspgpu.o)
                0x00104da0                gspWaitForEvent
 .text.gxCmdQueueInterrupt
                0x00104de4        0x4 C:/devkitPro/libctru/lib\libctru.a(gspgpu.o)
                0x00104de4                gxCmdQueueInterrupt
 .text.gspEventThreadMain
                0x00104de8      0x158 C:/devkitPro/libctru/lib\libctru.a(gspgpu.o)
 .text.GSPGPU_FlushDataCache
                0x00104f40       0x50 C:/devkitPro/libctru/lib\libctru.a(gspgpu.o)
                0x00104f40                GSPGPU_FlushDataCache
 .text.GSPGPU_SetLcdForceBlack
                0x00104f90       0x34 C:/devkitPro/libctru/lib\libctru.a(gspgpu.o)
                0x00104f90                GSPGPU_SetLcdForceBlack
 .text.GSPGPU_AcquireRight
                0x00104fc4       0x68 C:/devkitPro/libctru/lib\libctru.a(gspgpu.o)
                0x00104fc4                GSPGPU_AcquireRight
 .text.GSPGPU_ReleaseRight
                0x0010502c       0x48 C:/devkitPro/libctru/lib\libctru.a(gspgpu.o)
                0x0010502c                GSPGPU_ReleaseRight
 .text.GSPGPU_ImportDisplayCaptureInfo
                0x00105074       0x7c C:/devkitPro/libctru/lib\libctru.a(gspgpu.o)
                0x00105074                GSPGPU_ImportDisplayCaptureInfo
 .text.GSPGPU_SaveVramSysArea
                0x001050f0       0x2c C:/devkitPro/libctru/lib\libctru.a(gspgpu.o)
                0x001050f0                GSPGPU_SaveVramSysArea
 .text.GSPGPU_RestoreVramSysArea
                0x0010511c       0x2c C:/devkitPro/libctru/lib\libctru.a(gspgpu.o)
                0x0010511c                GSPGPU_RestoreVramSysArea
 .text.hidShouldUseIrrst
                0x00105148       0x24 C:/devkitPro/libctru/lib\libctru.a(hid.o)
                0x00105148                hidShouldUseIrrst
 .text.hidInit  0x0010516c      0x18c C:/devkitPro/libctru/lib\libctru.a(hid.o)
                0x0010516c                hidInit
 .text.hidExit  0x001052f8       0xe8 C:/devkitPro/libctru/lib\libctru.a(hid.o)
                0x001052f8                hidExit
 .text.hidScanInput
                0x001053e0      0x2a4 C:/devkitPro/libctru/lib\libctru.a(hid.o)
                0x001053e0                hidScanInput
 .text.hidKeysHeld
                0x00105684       0x10 C:/devkitPro/libctru/lib\libctru.a(hid.o)
                0x00105684                hidKeysHeld
 .text.hidKeysDown
                0x00105694       0x10 C:/devkitPro/libctru/lib\libctru.a(hid.o)
                0x00105694                hidKeysDown
 .text.hidTouchRead
                0x001056a4       0x18 C:/devkitPro/libctru/lib\libctru.a(hid.o)
                0x001056a4                hidTouchRead
 .text.irrstInit
                0x001056bc      0x160 C:/devkitPro/libctru/lib\libctru.a(irrst.o)
                0x001056bc                irrstInit
 .text.irrstExit
                0x0010581c       0xcc C:/devkitPro/libctru/lib\libctru.a(irrst.o)
                0x0010581c                irrstExit
 .text.irrstScanInput
                0x001058e8       0xb4 C:/devkitPro/libctru/lib\libctru.a(irrst.o)
                0x001058e8                irrstScanInput
 .text.irrstKeysHeld
                0x0010599c       0x24 C:/devkitPro/libctru/lib\libctru.a(irrst.o)
                0x0010599c                irrstKeysHeld
 .text.mcuHwcInit
                0x001059c0       0x74 C:/devkitPro/libctru/lib\libctru.a(mcuhwc.o)
                0x001059c0                mcuHwcInit
 .text.mcuHwcExit
                0x00105a34       0x3c C:/devkitPro/libctru/lib\libctru.a(mcuhwc.o)
                0x00105a34                mcuHwcExit
 .text.__libctru_init
                0x00105a70       0x38 C:/devkitPro/libctru/lib\libctru.a(ctru_init.o)
                0x00105a70                __libctru_init
 .text.__system_initArgv
                0x00105aa8      0x170 C:/devkitPro/libctru/lib\libctru.a(initArgv.o)
                0x00105aa8                __system_initArgv
 .text.__syscall_getreent
                0x00105c18       0x30 C:/devkitPro/libctru/lib\libctru.a(syscalls.o)
                0x00105c18                __syscall_getreent
 .text.__syscall_lock_acquire
                0x00105c48        0x4 C:/devkitPro/libctru/lib\libctru.a(syscalls.o)
                0x00105c48                __syscall_lock_acquire
 .text.__syscall_lock_release
                0x00105c4c        0x4 C:/devkitPro/libctru/lib\libctru.a(syscalls.o)
                0x00105c4c                __syscall_lock_release
 .text.__syscall_lock_acquire_recursive
                0x00105c50        0x4 C:/devkitPro/libctru/lib\libctru.a(syscalls.o)
                0x00105c50                __syscall_lock_acquire_recursive
 .text.__syscall_lock_release_recursive
                0x00105c54        0x4 C:/devkitPro/libctru/lib\libctru.a(syscalls.o)
                0x00105c54                __syscall_lock_release_recursive
 .text.__syscall_exit
                0x00105c58        0x4 C:/devkitPro/libctru/lib\libctru.a(syscalls.o)
                0x00105c58                __syscall_exit
 .text.initThreadVars
                0x00105c5c       0x50 C:/devkitPro/libctru/lib\libctru.a(syscalls.o)
                0x00105c5c                initThreadVars
 .text.__system_initSyscalls
                0x00105cac       0x80 C:/devkitPro/libctru/lib\libctru.a(syscalls.o)
                0x00105cac                __system_initSyscalls
 .text.svcControlMemory
                0x00105d2c       0x20 C:/devkitPro/libctru/lib\libctru.a(svc.o)
                0x00105d2c                svcControlMemory
 .text.svcQueryMemory
                0x00105d4c       0x30 C:/devkitPro/libctru/lib\libctru.a(svc.o)
                0x00105d4c                svcQueryMemory
 .text.svcExitProcess
                0x00105d7c        0x8 C:/devkitPro/libctru/lib\libctru.a(svc.o)
                0x00105d7c                svcExitProcess
 .text.svcCreateThread
                0x00105d84       0x20 C:/devkitPro/libctru/lib\libctru.a(svc.o)
                0x00105d84                svcCreateThread
 .text.svcExitThread
                0x00105da4        0x8 C:/devkitPro/libctru/lib\libctru.a(svc.o)
                0x00105da4                svcExitThread
 .text.svcSleepThread
                0x00105dac        0x8 C:/devkitPro/libctru/lib\libctru.a(svc.o)
                0x00105dac                svcSleepThread
 .text.svcReleaseMutex
                0x00105db4        0x8 C:/devkitPro/libctru/lib\libctru.a(svc.o)
                0x00105db4                svcReleaseMutex
 .text.svcCreateEvent
                0x00105dbc       0x14 C:/devkitPro/libctru/lib\libctru.a(svc.o)
                0x00105dbc                svcCreateEvent
 .text.svcSignalEvent
                0x00105dd0        0x8 C:/devkitPro/libctru/lib\libctru.a(svc.o)
                0x00105dd0                svcSignalEvent
 .text.svcClearEvent
                0x00105dd8        0x8 C:/devkitPro/libctru/lib\libctru.a(svc.o)
                0x00105dd8                svcClearEvent
 .text.svcMapMemoryBlock
                0x00105de0        0x8 C:/devkitPro/libctru/lib\libctru.a(svc.o)
                0x00105de0                svcMapMemoryBlock
 .text.svcUnmapMemoryBlock
                0x00105de8        0x8 C:/devkitPro/libctru/lib\libctru.a(svc.o)
                0x00105de8                svcUnmapMemoryBlock
 .text.svcCreateAddressArbiter
                0x00105df0       0x14 C:/devkitPro/libctru/lib\libctru.a(svc.o)
                0x00105df0                svcCreateAddressArbiter
 .text.svcArbitrateAddressNoTimeout
                0x00105e04        0x8 C:/devkitPro/libctru/lib\libctru.a(svc.o)
                0x00105e04                svcArbitrateAddressNoTimeout
 .text.svcCloseHandle
                0x00105e0c        0x8 C:/devkitPro/libctru/lib\libctru.a(svc.o)
                0x00105e0c                svcCloseHandle
 .text.svcWaitSynchronization
                0x00105e14        0x8 C:/devkitPro/libctru/lib\libctru.a(svc.o)
                0x00105e14                svcWaitSynchronization
 .text.svcWaitSynchronizationN
                0x00105e1c       0x28 C:/devkitPro/libctru/lib\libctru.a(svc.o)
                0x00105e1c                svcWaitSynchronizationN
 .text.svcDuplicateHandle
                0x00105e44       0x14 C:/devkitPro/libctru/lib\libctru.a(svc.o)
                0x00105e44                svcDuplicateHandle
 .text.svcConnectToPort
                0x00105e58       0x14 C:/devkitPro/libctru/lib\libctru.a(svc.o)
                0x00105e58                svcConnectToPort
 .text.svcSendSyncRequest
                0x00105e6c        0x8 C:/devkitPro/libctru/lib\libctru.a(svc.o)
                0x00105e6c                svcSendSyncRequest
 .text.svcGetResourceLimit
                0x00105e74       0x14 C:/devkitPro/libctru/lib\libctru.a(svc.o)
                0x00105e74                svcGetResourceLimit
 .text.svcGetResourceLimitLimitValues
                0x00105e88        0x8 C:/devkitPro/libctru/lib\libctru.a(svc.o)
                0x00105e88                svcGetResourceLimitLimitValues
 .text.svcGetResourceLimitCurrentValues
                0x00105e90        0x8 C:/devkitPro/libctru/lib\libctru.a(svc.o)
                0x00105e90                svcGetResourceLimitCurrentValues
 .text.svcBreak
                0x00105e98        0x8 C:/devkitPro/libctru/lib\libctru.a(svc.o)
                0x00105e98                svcBreak
 .text.initSystem
                0x00105ea0       0x50 C:/devkitPro/libctru/lib\libctru.a(stack_adjust.o)
                0x00105ea0                initSystem
 .text.__ctru_exit
                0x00105ef0       0x14 C:/devkitPro/libctru/lib\libctru.a(stack_adjust.o)
                0x00105ef0                __ctru_exit
 .text._ZL21addrMapNodeComparatorPK11rbtree_nodeS1_
                0x00105f04       0x24 C:/devkitPro/libctru/lib\libctru.a(linear.o)
 .text._ZL21addrMapNodeDestructorP11rbtree_node
                0x00105f28        0x4 C:/devkitPro/libctru/lib\libctru.a(linear.o)
 .text.linearMemAlign
                0x00105f2c      0x120 C:/devkitPro/libctru/lib\libctru.a(linear.o)
                0x00105f2c                linearMemAlign
 .text.linearAlloc
                0x0010604c        0x8 C:/devkitPro/libctru/lib\libctru.a(linear.o)
                0x0010604c                linearAlloc
 .text.linearFree
                0x00106054       0x5c C:/devkitPro/libctru/lib\libctru.a(linear.o)
                0x00106054                linearFree
 .text._ZN7MemPool13CoalesceRightEP8MemBlock
                0x001060b0       0x80 C:/devkitPro/libctru/lib\libctru.a(mem_pool.o)
                0x001060b0                MemPool::CoalesceRight(MemBlock*)
 .text._ZN7MemPool8AllocateER8MemChunkmi
                0x00106130      0x16c C:/devkitPro/libctru/lib\libctru.a(mem_pool.o)
                0x00106130                MemPool::Allocate(MemChunk&, unsigned long, int)
 .text._ZN7MemPool10DeallocateERK8MemChunk
                0x0010629c       0xfc C:/devkitPro/libctru/lib\libctru.a(mem_pool.o)
                0x0010629c                MemPool::Deallocate(MemChunk const&)
 .text._ZN7MemPool12GetFreeSpaceEv
                0x00106398       0x30 C:/devkitPro/libctru/lib\libctru.a(mem_pool.o)
                0x00106398                MemPool::GetFreeSpace()
 .text._ZL21addrMapNodeComparatorPK11rbtree_nodeS1_
                0x001063c8       0x24 C:/devkitPro/libctru/lib\libctru.a(vram.o)
 .text._ZL21addrMapNodeDestructorP11rbtree_node
                0x001063ec        0x4 C:/devkitPro/libctru/lib\libctru.a(vram.o)
 .text.vramMemAlignAt
                0x001063f0      0x24c C:/devkitPro/libctru/lib\libctru.a(vram.o)
                0x001063f0                vramMemAlignAt
 .text.vramAlloc
                0x0010663c        0xc C:/devkitPro/libctru/lib\libctru.a(vram.o)
                0x0010663c                vramAlloc
 .text.vramFree
                0x00106648       0x90 C:/devkitPro/libctru/lib\libctru.a(vram.o)
                0x00106648                vramFree
 .text.envGetHandle
                0x001066d8       0x84 C:/devkitPro/libctru/lib\libctru.a(env.o)
                0x001066d8                envGetHandle
 .text.envDestroyHandles
                0x0010675c       0x50 C:/devkitPro/libctru/lib\libctru.a(env.o)
                0x0010675c                envDestroyHandles
 .text.__ctru_speedup_config
                0x001067ac       0x34 C:/devkitPro/libctru/lib\libctru.a(os.o)
                0x001067ac                __ctru_speedup_config
 .text.srvInit  0x001067e0      0x12c C:/devkitPro/libctru/lib\libctru.a(srv.o)
                0x001067e0                srvInit
 .text.srvExit  0x0010690c       0x58 C:/devkitPro/libctru/lib\libctru.a(srv.o)
                0x0010690c                srvExit
 .text.srvEnableNotification
                0x00106964       0x60 C:/devkitPro/libctru/lib\libctru.a(srv.o)
                0x00106964                srvEnableNotification
 .text.srvGetServiceHandleDirect
                0x001069c4       0xa0 C:/devkitPro/libctru/lib\libctru.a(srv.o)
                0x001069c4                srvGetServiceHandleDirect
 .text.srvGetServiceHandle
                0x00106a64       0x38 C:/devkitPro/libctru/lib\libctru.a(srv.o)
                0x00106a64                srvGetServiceHandle
 .text.srvSubscribe
                0x00106a9c       0x34 C:/devkitPro/libctru/lib\libctru.a(srv.o)
                0x00106a9c                srvSubscribe
 .text.srvReceiveNotification
                0x00106ad0       0x60 C:/devkitPro/libctru/lib\libctru.a(srv.o)
                0x00106ad0                srvReceiveNotification
 .text.srvPublishToSubscriber
                0x00106b30       0x38 C:/devkitPro/libctru/lib\libctru.a(srv.o)
                0x00106b30                srvPublishToSubscriber
 .text.__sync_init
                0x00106b68        0xc C:/devkitPro/libctru/lib\libctru.a(synchronization.o)
                0x00106b68                __sync_init
 .text.__sync_fini
                0x00106b74       0x18 C:/devkitPro/libctru/lib\libctru.a(synchronization.o)
                0x00106b74                __sync_fini
 .text.syncArbitrateAddress
                0x00106b8c       0x2c C:/devkitPro/libctru/lib\libctru.a(synchronization.o)
                0x00106b8c                syncArbitrateAddress
 .text.LightLock_Lock
                0x00106bb8       0xac C:/devkitPro/libctru/lib\libctru.a(synchronization.o)
                0x00106bb8                LightLock_Lock
 .text.LightLock_Unlock
                0x00106c64       0x40 C:/devkitPro/libctru/lib\libctru.a(synchronization.o)
                0x00106c64                LightLock_Unlock
 .text.RecursiveLock_Lock
                0x00106ca4       0x30 C:/devkitPro/libctru/lib\libctru.a(synchronization.o)
                0x00106ca4                RecursiveLock_Lock
 .text.RecursiveLock_Unlock
                0x00106cd4       0x54 C:/devkitPro/libctru/lib\libctru.a(synchronization.o)
                0x00106cd4                RecursiveLock_Unlock
 .text.LightEvent_Init
                0x00106d28       0x40 C:/devkitPro/libctru/lib\libctru.a(synchronization.o)
                0x00106d28                LightEvent_Init
 .text.LightEvent_Clear
                0x00106d68       0xa4 C:/devkitPro/libctru/lib\libctru.a(synchronization.o)
                0x00106d68                LightEvent_Clear
 .text.LightEvent_Signal
                0x00106e0c       0xc8 C:/devkitPro/libctru/lib\libctru.a(synchronization.o)
                0x00106e0c                LightEvent_Signal
 .text.LightEvent_TryWait
                0x00106ed4       0x50 C:/devkitPro/libctru/lib\libctru.a(synchronization.o)
                0x00106ed4                LightEvent_TryWait
 .text.LightEvent_Wait
                0x00106f24       0xa0 C:/devkitPro/libctru/lib\libctru.a(synchronization.o)
                0x00106f24                LightEvent_Wait
 .text.threadCreate
                0x00106fc4      0x1d8 C:/devkitPro/libctru/lib\libctru.a(thread.o)
                0x00106fc4                threadCreate
 .text.threadFree
                0x0010719c       0x2c C:/devkitPro/libctru/lib\libctru.a(thread.o)
                0x0010719c                threadFree
 .text.threadJoin
                0x001071c8       0x24 C:/devkitPro/libctru/lib\libctru.a(thread.o)
                0x001071c8                threadJoin
 .text.threadGetCurrent
                0x001071ec       0x30 C:/devkitPro/libctru/lib\libctru.a(thread.o)
                0x001071ec                threadGetCurrent
 .text.threadExit
                0x0010721c       0x40 C:/devkitPro/libctru/lib\libctru.a(thread.o)
                0x0010721c                threadExit
 .text._thread_begin
                0x0010725c       0x20 C:/devkitPro/libctru/lib\libctru.a(thread.o)
 .text.mappableFindAddressWithin
                0x0010727c       0xb4 C:/devkitPro/libctru/lib\libctru.a(mappable.o)
 .text.mappableInit
                0x00107330       0x28 C:/devkitPro/libctru/lib\libctru.a(mappable.o)
                0x00107330                mappableInit
 .text.mappableAlloc
                0x00107358       0x80 C:/devkitPro/libctru/lib\libctru.a(mappable.o)
                0x00107358                mappableAlloc
 .text.mappableFree
                0x001073d8        0x4 C:/devkitPro/libctru/lib\libctru.a(mappable.o)
                0x001073d8                mappableFree
 .text.ptmSysmInit
                0x001073dc       0x74 C:/devkitPro/libctru/lib\libctru.a(ptmsysm.o)
                0x001073dc                ptmSysmInit
 .text.ptmSysmExit
                0x00107450       0x3c C:/devkitPro/libctru/lib\libctru.a(ptmsysm.o)
                0x00107450                ptmSysmExit
 .text.PTMSYSM_ConfigureNew3DSCPU
                0x0010748c       0x34 C:/devkitPro/libctru/lib\libctru.a(ptmsysm.o)
                0x0010748c                PTMSYSM_ConfigureNew3DSCPU
 .text.srvPmGetSessionHandle
                0x001074c0        0xc C:/devkitPro/libctru/lib\libctru.a(srvpm.o)
                0x001074c0                srvPmGetSessionHandle
 .text.rbtree_find
                0x001074cc       0x74 C:/devkitPro/libctru/lib\libctru.a(rbtree_find.o)
                0x001074cc                rbtree_find
 .text.rbtree_init
                0x00107540       0x10 C:/devkitPro/libctru/lib\libctru.a(rbtree_init.o)
                0x00107540                rbtree_init
 .text.do_insert
                0x00107550      0x1b0 C:/devkitPro/libctru/lib\libctru.a(rbtree_insert.o)
 .text.rbtree_insert
                0x00107700        0x8 C:/devkitPro/libctru/lib\libctru.a(rbtree_insert.o)
                0x00107700                rbtree_insert
 .text.rbtree_remove
                0x00107708      0x318 C:/devkitPro/libctru/lib\libctru.a(rbtree_remove.o)
                0x00107708                rbtree_remove
 .text.rbtree_rotate
                0x00107a20       0x90 C:/devkitPro/libctru/lib\libctru.a(rbtree_rotate.o)
                0x00107a20                rbtree_rotate
 .text.__system_allocateHeaps
                0x00107ab0      0x1e0 C:/devkitPro/libctru/lib\libctru.a(allocateHeaps.o)
                0x00107ab0                __system_allocateHeaps
 .text.__appExit
                0x00107c90       0x30 C:/devkitPro/libctru/lib\libctru.a(appExit.o)
                0x00107c90                __appExit
 .text.__appInit
                0x00107cc0       0x30 C:/devkitPro/libctru/lib\libctru.a(appInit.o)
                0x00107cc0                __appInit
 .text.__libctru_exit
                0x00107cf0       0x90 C:/devkitPro/libctru/lib\libctru.a(ctru_exit.o)
                0x00107cf0                __libctru_exit
 .text.archive_link
                0x00107d80       0x14 C:/devkitPro/libctru/lib\libctru.a(archive_dev.o)
 .text.archive_dirreset
                0x00107d94       0x14 C:/devkitPro/libctru/lib\libctru.a(archive_dev.o)
 .text.archive_chmod
                0x00107da8       0x14 C:/devkitPro/libctru/lib\libctru.a(archive_dev.o)
 .text.error_cmp
                0x00107dbc       0x24 C:/devkitPro/libctru/lib\libctru.a(archive_dev.o)
 .text.archive_translate_error
                0x00107de0       0x50 C:/devkitPro/libctru/lib\libctru.a(archive_dev.o)
 .text.archive_seek
                0x00107e30       0xc8 C:/devkitPro/libctru/lib\libctru.a(archive_dev.o)
 .text._archiveInit.part.0
                0x00107ef8       0x7c C:/devkitPro/libctru/lib\libctru.a(archive_dev.o)
 .text.archiveFindDevice.part.0
                0x00107f74       0xc4 C:/devkitPro/libctru/lib\libctru.a(archive_dev.o)
 .text.archive_utf16path
                0x00108038      0x280 C:/devkitPro/libctru/lib\libctru.a(archive_dev.o)
 .text._archiveUnmountDeviceStruct.part.0
                0x001082b8       0x9c C:/devkitPro/libctru/lib\libctru.a(archive_dev.o)
 .text.archive_fchmod
                0x00108354       0x14 C:/devkitPro/libctru/lib\libctru.a(archive_dev.o)
 .text.archive_statvfs
                0x00108368       0x14 C:/devkitPro/libctru/lib\libctru.a(archive_dev.o)
 .text._archiveMountDevice
                0x0010837c      0x164 C:/devkitPro/libctru/lib\libctru.a(archive_dev.o)
 .text.archive_diropen
                0x001084e0       0xe8 C:/devkitPro/libctru/lib\libctru.a(archive_dev.o)
 .text.archive_fstat
                0x001085c8       0xa4 C:/devkitPro/libctru/lib\libctru.a(archive_dev.o)
 .text.archive_fsync
                0x0010866c       0x6c C:/devkitPro/libctru/lib\libctru.a(archive_dev.o)
 .text.archive_close
                0x001086d8       0x6c C:/devkitPro/libctru/lib\libctru.a(archive_dev.o)
 .text.archive_dirclose
                0x00108744       0x70 C:/devkitPro/libctru/lib\libctru.a(archive_dev.o)
 .text.sdmc_statvfs
                0x001087b4       0xe8 C:/devkitPro/libctru/lib\libctru.a(archive_dev.o)
 .text.archive_chdir
                0x0010889c       0xec C:/devkitPro/libctru/lib\libctru.a(archive_dev.o)
 .text.archive_ftruncate
                0x00108988       0x7c C:/devkitPro/libctru/lib\libctru.a(archive_dev.o)
 .text.archive_read
                0x00108a04       0xac C:/devkitPro/libctru/lib\libctru.a(archive_dev.o)
 .text.archive_unlink
                0x00108ab0       0xa4 C:/devkitPro/libctru/lib\libctru.a(archive_dev.o)
 .text.archive_rmdir
                0x00108b54       0xbc C:/devkitPro/libctru/lib\libctru.a(archive_dev.o)
 .text.archive_mkdir
                0x00108c10       0xdc C:/devkitPro/libctru/lib\libctru.a(archive_dev.o)
 .text.archive_stat
                0x00108cec      0x194 C:/devkitPro/libctru/lib\libctru.a(archive_dev.o)
 .text.archive_dirnext
                0x00108e80      0x160 C:/devkitPro/libctru/lib\libctru.a(archive_dev.o)
 .text.archive_write
                0x00108fe0      0x124 C:/devkitPro/libctru/lib\libctru.a(archive_dev.o)
 .text.archive_open
                0x00109104      0x20c C:/devkitPro/libctru/lib\libctru.a(archive_dev.o)
 .text.archive_rename
                0x00109310      0x278 C:/devkitPro/libctru/lib\libctru.a(archive_dev.o)
 .text.archiveMountSdmc
                0x00109588      0x19c C:/devkitPro/libctru/lib\libctru.a(archive_dev.o)
                0x00109588                archiveMountSdmc
 .text.archiveUnmountAll
                0x00109724       0x54 C:/devkitPro/libctru/lib\libctru.a(archive_dev.o)
                0x00109724                archiveUnmountAll
 .text.fsInit   0x00109778       0xcc C:/devkitPro/libctru/lib\libctru.a(fs.o)
                0x00109778                fsInit
 .text.fsExit   0x00109844       0x3c C:/devkitPro/libctru/lib\libctru.a(fs.o)
                0x00109844                fsExit
 .text.fsExemptFromSession
                0x00109880       0x60 C:/devkitPro/libctru/lib\libctru.a(fs.o)
                0x00109880                fsExemptFromSession
 .text.fsUnexemptFromSession
                0x001098e0       0x50 C:/devkitPro/libctru/lib\libctru.a(fs.o)
                0x001098e0                fsUnexemptFromSession
 .text.FSUSER_OpenFile
                0x00109930       0xcc C:/devkitPro/libctru/lib\libctru.a(fs.o)
                0x00109930                FSUSER_OpenFile
 .text.FSUSER_DeleteFile
                0x001099fc       0xbc C:/devkitPro/libctru/lib\libctru.a(fs.o)
                0x001099fc                FSUSER_DeleteFile
 .text.FSUSER_RenameFile
                0x00109ab8       0xf8 C:/devkitPro/libctru/lib\libctru.a(fs.o)
                0x00109ab8                FSUSER_RenameFile
 .text.FSUSER_DeleteDirectory
                0x00109bb0       0xbc C:/devkitPro/libctru/lib\libctru.a(fs.o)
                0x00109bb0                FSUSER_DeleteDirectory
 .text.FSUSER_CreateFile
                0x00109c6c       0xd4 C:/devkitPro/libctru/lib\libctru.a(fs.o)
                0x00109c6c                FSUSER_CreateFile
 .text.FSUSER_CreateDirectory
                0x00109d40       0xc4 C:/devkitPro/libctru/lib\libctru.a(fs.o)
                0x00109d40                FSUSER_CreateDirectory
 .text.FSUSER_RenameDirectory
                0x00109e04       0xf8 C:/devkitPro/libctru/lib\libctru.a(fs.o)
                0x00109e04                FSUSER_RenameDirectory
 .text.FSUSER_OpenDirectory
                0x00109efc       0xb4 C:/devkitPro/libctru/lib\libctru.a(fs.o)
                0x00109efc                FSUSER_OpenDirectory
 .text.FSUSER_OpenArchive
                0x00109fb0       0x94 C:/devkitPro/libctru/lib\libctru.a(fs.o)
                0x00109fb0                FSUSER_OpenArchive
 .text.FSUSER_CloseArchive
                0x0010a044       0x8c C:/devkitPro/libctru/lib\libctru.a(fs.o)
                0x0010a044                FSUSER_CloseArchive
 .text.FSUSER_GetSdmcArchiveResource
                0x0010a0d0       0x74 C:/devkitPro/libctru/lib\libctru.a(fs.o)
                0x0010a0d0                FSUSER_GetSdmcArchiveResource
 .text.FSUSER_IsSdmcWritable
                0x0010a144       0x64 C:/devkitPro/libctru/lib\libctru.a(fs.o)
                0x0010a144                FSUSER_IsSdmcWritable
 .text.FSFILE_Read
                0x0010a1a8       0x58 C:/devkitPro/libctru/lib\libctru.a(fs.o)
                0x0010a1a8                FSFILE_Read
 .text.FSFILE_Write
                0x0010a200       0x60 C:/devkitPro/libctru/lib\libctru.a(fs.o)
                0x0010a200                FSFILE_Write
 .text.FSFILE_GetSize
                0x0010a260       0x38 C:/devkitPro/libctru/lib\libctru.a(fs.o)
                0x0010a260                FSFILE_GetSize
 .text.FSFILE_SetSize
                0x0010a298       0x28 C:/devkitPro/libctru/lib\libctru.a(fs.o)
                0x0010a298                FSFILE_SetSize
 .text.FSFILE_Close
                0x0010a2c0       0x3c C:/devkitPro/libctru/lib\libctru.a(fs.o)
                0x0010a2c0                FSFILE_Close
 .text.FSFILE_Flush
                0x0010a2fc       0x24 C:/devkitPro/libctru/lib\libctru.a(fs.o)
                0x0010a2fc                FSFILE_Flush
 .text.FSDIR_Read
                0x0010a320       0x50 C:/devkitPro/libctru/lib\libctru.a(fs.o)
                0x0010a320                FSDIR_Read
 .text.FSDIR_Close
                0x0010a370       0x3c C:/devkitPro/libctru/lib\libctru.a(fs.o)
                0x0010a370                FSDIR_Close
 .text.rbtree_node_next
                0x0010a3ac       0x5c C:/devkitPro/libctru/lib\libctru.a(rbtree_iterator.o)
                0x0010a3ac                rbtree_node_next
 .text.decode_utf8
                0x0010a408      0x13c C:/devkitPro/libctru/lib\libctru.a(decode_utf8.o)
                0x0010a408                decode_utf8
 .text.utf16_to_utf8
                0x0010a544       0xe8 C:/devkitPro/libctru/lib\libctru.a(utf16_to_utf8.o)
                0x0010a544                utf16_to_utf8
 .text.utf8_to_utf16
                0x0010a62c       0xc0 C:/devkitPro/libctru/lib\libctru.a(utf8_to_utf16.o)
                0x0010a62c                utf8_to_utf16
 .text.__aeabi_read_tp
                0x0010a6ec        0xc C:/devkitPro/libctru/lib\libctru.a(readtp.o)
                0x0010a6ec                __aeabi_read_tp
 .text.decode_utf16
                0x0010a6f8       0x64 C:/devkitPro/libctru/lib\libctru.a(decode_utf16.o)
                0x0010a6f8                decode_utf16
 .text.encode_utf16
                0x0010a75c       0x54 C:/devkitPro/libctru/lib\libctru.a(encode_utf16.o)
                0x0010a75c                encode_utf16
 .text.encode_utf8
                0x0010a7b0       0xe0 C:/devkitPro/libctru/lib\libctru.a(encode_utf8.o)
                0x0010a7b0                encode_utf8
 .text.__udivmoddi4
                0x0010a890      0x120 C:/devkitPro/devkitARM/bin/../lib/gcc/arm-none-eabi/14.2.0/armv6k/fpu\libgcc.a(_udivmoddi4.o)
                0x0010a890                __udivmoddi4
 .text.strncmp  0x0010a9b0       0xd8 C:/devkitPro/devkitARM/bin/../lib/gcc/arm-none-eabi/14.2.0/../../../../arm-none-eabi/lib/armv6k/fpu\libg.a(libc_a-strncmp.o)
                0x0010a9b0                strncmp
 .text.strlen   0x0010aa88       0x5c C:/devkitPro/devkitARM/bin/../lib/gcc/arm-none-eabi/14.2.0/../../../../arm-none-eabi/lib/armv6k/fpu\libg.a(libc_a-strlen-stub.o)
                0x0010aa88                strlen
 .text._strtoul_l.isra.0
                0x0010aae4      0x1e4 C:/devkitPro/devkitARM/bin/../lib/gcc/arm-none-eabi/14.2.0/../../../../arm-none-eabi/lib/armv6k/fpu\libg.a(libc_a-strtoul.o)
 .text.strtoul  0x0010acc8       0x34 C:/devkitPro/devkitARM/bin/../lib/gcc/arm-none-eabi/14.2.0/../../../../arm-none-eabi/lib/armv6k/fpu\libg.a(libc_a-strtoul.o)
                0x0010acc8                strtoul
 .text.strncat  0x0010acfc       0xe4 C:/devkitPro/devkitARM/bin/../lib/gcc/arm-none-eabi/14.2.0/../../../../arm-none-eabi/lib/armv6k/fpu\libg.a(libc_a-strncat.o)
                0x0010acfc                strncat
 .text.bsearch  0x0010ade0       0x78 C:/devkitPro/devkitARM/bin/../lib/gcc/arm-none-eabi/14.2.0/../../../../arm-none-eabi/lib/armv6k/fpu\libg.a(libc_a-bsearch.o)
                0x0010ade0                bsearch
 .text.memalign
                0x0010ae58       0x20 C:/devkitPro/devkitARM/bin/../lib/gcc/arm-none-eabi/14.2.0/../../../../arm-none-eabi/lib/armv6k/fpu\libg.a(libc_a-malign.o)
                0x0010ae58                memalign
 .text.stdio_exit_handler
                0x0010ae78       0x1c C:/devkitPro/devkitARM/bin/../lib/gcc/arm-none-eabi/14.2.0/../../../../arm-none-eabi/lib/armv6k/fpu\libg.a(libc_a-findfp.o)
 .text.cleanup_stdio
                0x0010ae94       0x5c C:/devkitPro/devkitARM/bin/../lib/gcc/arm-none-eabi/14.2.0/../../../../arm-none-eabi/lib/armv6k/fpu\libg.a(libc_a-findfp.o)
 .text.global_stdio_init.part.0
                0x0010aef0      0x154 C:/devkitPro/devkitARM/bin/../lib/gcc/arm-none-eabi/14.2.0/../../../../arm-none-eabi/lib/armv6k/fpu\libg.a(libc_a-findfp.o)
 .text.__sinit  0x0010b044       0x5c C:/devkitPro/devkitARM/bin/../lib/gcc/arm-none-eabi/14.2.0/../../../../arm-none-eabi/lib/armv6k/fpu\libg.a(libc_a-findfp.o)
                0x0010b044                __sinit
 .text.__sfp_lock_acquire
                0x0010b0a0        0xc C:/devkitPro/devkitARM/bin/../lib/gcc/arm-none-eabi/14.2.0/../../../../arm-none-eabi/lib/armv6k/fpu\libg.a(libc_a-findfp.o)
                0x0010b0a0                __sfp_lock_acquire
 .text.__sfp_lock_release
                0x0010b0ac        0xc C:/devkitPro/devkitARM/bin/../lib/gcc/arm-none-eabi/14.2.0/../../../../arm-none-eabi/lib/armv6k/fpu\libg.a(libc_a-findfp.o)
                0x0010b0ac                __sfp_lock_release
 .text._malloc_r
                0x0010b0b8      0x7e8 C:/devkitPro/devkitARM/bin/../lib/gcc/arm-none-eabi/14.2.0/../../../../arm-none-eabi/lib/armv6k/fpu\libg.a(libc_a-mallocr.o)
                0x0010b0b8                _malloc_r
 .text._malloc_trim_r
                0x0010b8a0       0xf8 C:/devkitPro/devkitARM/bin/../lib/gcc/arm-none-eabi/14.2.0/../../../../arm-none-eabi/lib/armv6k/fpu\libg.a(libc_a-freer.o)
                0x0010b8a0                _malloc_trim_r
 .text._free_r  0x0010b998      0x300 C:/devkitPro/devkitARM/bin/../lib/gcc/arm-none-eabi/14.2.0/../../../../arm-none-eabi/lib/armv6k/fpu\libg.a(libc_a-freer.o)
                0x0010b998                _free_r
 .text.setvbuf  0x0010bc98      0x294 C:/devkitPro/devkitARM/bin/../lib/gcc/arm-none-eabi/14.2.0/../../../../arm-none-eabi/lib/armv6k/fpu\libg.a(libc_a-setvbuf.o)
                0x0010bc98                setvbuf
 .text.strnlen  0x0010bf2c       0x4c C:/devkitPro/devkitARM/bin/../lib/gcc/arm-none-eabi/14.2.0/../../../../arm-none-eabi/lib/armv6k/fpu\libg.a(libc_a-strnlen.o)
                0x0010bf2c                strnlen
 .text.__errno  0x0010bf78        0xc C:/devkitPro/devkitARM/bin/../lib/gcc/arm-none-eabi/14.2.0/../../../../arm-none-eabi/lib/armv6k/fpu\libg.a(libc_a-errno.o)
                0x0010bf78                __errno
 .text.malloc   0x0010bf84       0x34 C:/devkitPro/devkitARM/bin/../lib/gcc/arm-none-eabi/14.2.0/../../../../arm-none-eabi/lib/armv6k/fpu\libg.a(libc_a-malloc.o)
                0x0010bf84                malloc
 .text.free     0x0010bfb8       0x18 C:/devkitPro/devkitARM/bin/../lib/gcc/arm-none-eabi/14.2.0/../../../../arm-none-eabi/lib/armv6k/fpu\libg.a(libc_a-malloc.o)
                0x0010bfb8                free
 .text.memcpy   0x0010bfd0      0x130 C:/devkitPro/devkitARM/bin/../lib/gcc/arm-none-eabi/14.2.0/../../../../arm-none-eabi/lib/armv6k/fpu\libg.a(libc_a-memcpy-stub.o)
                0x0010bfd0                memcpy
 .text.printf   0x0010c100       0x34 C:/devkitPro/devkitARM/bin/../lib/gcc/arm-none-eabi/14.2.0/../../../../arm-none-eabi/lib/armv6k/fpu\libg.a(libc_a-printf.o)
                0x0010c100                printf
 .text.memset   0x0010c134       0xe8 C:/devkitPro/devkitARM/bin/../lib/gcc/arm-none-eabi/14.2.0/../../../../arm-none-eabi/lib/armv6k/fpu\libg.a(libc_a-memset.o)
                0x0010c134                memset
 .text._fwalk_sglue
                0x0010c21c       0x70 C:/devkitPro/devkitARM/bin/../lib/gcc/arm-none-eabi/14.2.0/../../../../arm-none-eabi/lib/armv6k/fpu\libg.a(libc_a-fwalk.o)
                0x0010c21c                _fwalk_sglue
 .text.__malloc_lock
                0x0010c28c        0xc C:/devkitPro/devkitARM/bin/../lib/gcc/arm-none-eabi/14.2.0/../../../../arm-none-eabi/lib/armv6k/fpu\libg.a(libc_a-mlock.o)
                0x0010c28c                __malloc_lock
 .text.__malloc_unlock
                0x0010c298        0xc C:/devkitPro/devkitARM/bin/../lib/gcc/arm-none-eabi/14.2.0/../../../../arm-none-eabi/lib/armv6k/fpu\libg.a(libc_a-mlock.o)
                0x0010c298                __malloc_unlock
 .text.__call_exitprocs
                0x0010c2a4        0x4 C:/devkitPro/devkitARM/bin/../lib/gcc/arm-none-eabi/14.2.0/../../../../arm-none-eabi/lib/armv6k/fpu\libg.a(libc_a-exit.o)
                0x0010c2a4                __call_exitprocs
 .text.exit     0x0010c2a8       0x30 C:/devkitPro/devkitARM/bin/../lib/gcc/arm-none-eabi/14.2.0/../../../../arm-none-eabi/lib/armv6k/fpu\libg.a(libc_a-exit.o)
                0x0010c2a8                exit
 .text.strncpy  0x0010c2d8       0xc4 C:/devkitPro/devkitARM/bin/../lib/gcc/arm-none-eabi/14.2.0/../../../../arm-none-eabi/lib/armv6k/fpu\libg.a(libc_a-strncpy.o)
                0x0010c2d8                strncpy
 .text.__libc_init_array
                0x0010c39c       0x84 C:/devkitPro/devkitARM/bin/../lib/gcc/arm-none-eabi/14.2.0/../../../../arm-none-eabi/lib/armv6k/fpu\libg.a(libc_a-init.o)
                0x0010c39c                __libc_init_array
 .text.__sflush_r
                0x0010c420      0x228 C:/devkitPro/devkitARM/bin/../lib/gcc/arm-none-eabi/14.2.0/../../../../arm-none-eabi/lib/armv6k/fpu\libg.a(libc_a-fflush.o)
                0x0010c420                __sflush_r
 .text._fflush_r
                0x0010c648       0x94 C:/devkitPro/devkitARM/bin/../lib/gcc/arm-none-eabi/14.2.0/../../../../arm-none-eabi/lib/armv6k/fpu\libg.a(libc_a-fflush.o)
                0x0010c648                _fflush_r
 .text._memalign_r
                0x0010c6dc      0x150 C:/devkitPro/devkitARM/bin/../lib/gcc/arm-none-eabi/14.2.0/../../../../arm-none-eabi/lib/armv6k/fpu\libg.a(libc_a-malignr.o)
                0x0010c6dc                _memalign_r
 .text.__libc_fini_array
                0x0010c82c       0x3c C:/devkitPro/devkitARM/bin/../lib/gcc/arm-none-eabi/14.2.0/../../../../arm-none-eabi/lib/armv6k/fpu\libg.a(libc_a-fini.o)
                0x0010c82c                __libc_fini_array
 .text.__sread  0x0010c868       0x44 C:/devkitPro/devkitARM/bin/../lib/gcc/arm-none-eabi/14.2.0/../../../../arm-none-eabi/lib/armv6k/fpu\libg.a(libc_a-stdio.o)
                0x0010c868                __sread
 .text.__swrite
                0x0010c8ac       0x68 C:/devkitPro/devkitARM/bin/../lib/gcc/arm-none-eabi/14.2.0/../../../../arm-none-eabi/lib/armv6k/fpu\libg.a(libc_a-stdio.o)
                0x0010c8ac                __swrite
 .text.__sseek  0x0010c914       0x40 C:/devkitPro/devkitARM/bin/../lib/gcc/arm-none-eabi/14.2.0/../../../../arm-none-eabi/lib/armv6k/fpu\libg.a(libc_a-stdio.o)
                0x0010c914                __sseek
 .text.__sclose
                0x0010c954        0x8 C:/devkitPro/devkitARM/bin/../lib/gcc/arm-none-eabi/14.2.0/../../../../arm-none-eabi/lib/armv6k/fpu\libg.a(libc_a-stdio.o)
                0x0010c954                __sclose
 .text._fclose_r
                0x0010c95c      0x148 C:/devkitPro/devkitARM/bin/../lib/gcc/arm-none-eabi/14.2.0/../../../../arm-none-eabi/lib/armv6k/fpu\libg.a(libc_a-fclose.o)
                0x0010c95c                _fclose_r
 .text.get_arg  0x0010caa4      0x5e4 C:/devkitPro/devkitARM/bin/../lib/gcc/arm-none-eabi/14.2.0/../../../../arm-none-eabi/lib/armv6k/fpu\libg.a(libc_a-vfprintf.o)
 .text._vfprintf_r
                0x0010d088     0x342c C:/devkitPro/devkitARM/bin/../lib/gcc/arm-none-eabi/14.2.0/../../../../arm-none-eabi/lib/armv6k/fpu\libg.a(libc_a-vfprintf.o)
                0x0010d088                _vfprintf_r
 .text.__sbprintf
                0x001104b4       0xb8 C:/devkitPro/devkitARM/bin/../lib/gcc/arm-none-eabi/14.2.0/../../../../arm-none-eabi/lib/armv6k/fpu\libg.a(libc_a-vfprintf.o)
 .text.__smakebuf_r
                0x0011056c      0x144 C:/devkitPro/devkitARM/bin/../lib/gcc/arm-none-eabi/14.2.0/../../../../arm-none-eabi/lib/armv6k/fpu\libg.a(libc_a-makebuf.o)
                0x0011056c                __smakebuf_r
 .text.__swhatbuf_r
                0x001106b0       0x8c C:/devkitPro/devkitARM/bin/../lib/gcc/arm-none-eabi/14.2.0/../../../../arm-none-eabi/lib/armv6k/fpu\libg.a(libc_a-makebuf.o)
                0x001106b0                __swhatbuf_r
 .text.quorem   0x0011073c      0x1b4 C:/devkitPro/devkitARM/bin/../lib/gcc/arm-none-eabi/14.2.0/../../../../arm-none-eabi/lib/armv6k/fpu\libg.a(libc_a-dtoa.o)
 .text._dtoa_r  0x001108f0     0x1370 C:/devkitPro/devkitARM/bin/../lib/gcc/arm-none-eabi/14.2.0/../../../../arm-none-eabi/lib/armv6k/fpu\libg.a(libc_a-dtoa.o)
                0x001108f0                _dtoa_r
 .text._wcrtomb_r
                0x00111c60       0xa0 C:/devkitPro/devkitARM/bin/../lib/gcc/arm-none-eabi/14.2.0/../../../../arm-none-eabi/lib/armv6k/fpu\libg.a(libc_a-wcrtomb.o)
                0x00111c60                _wcrtomb_r
 .text._wcsrtombs_r
                0x00111d00       0x28 C:/devkitPro/devkitARM/bin/../lib/gcc/arm-none-eabi/14.2.0/../../../../arm-none-eabi/lib/armv6k/fpu\libg.a(libc_a-wcsrtombs.o)
                0x00111d00                _wcsrtombs_r
 .text.__swsetup_r
                0x00111d28      0x194 C:/devkitPro/devkitARM/bin/../lib/gcc/arm-none-eabi/14.2.0/../../../../arm-none-eabi/lib/armv6k/fpu\libg.a(libc_a-wsetup.o)
                0x00111d28                __swsetup_r
 *fill*         0x00111ebc        0x4 
 .text.frexp    0x00111ec0       0x88 C:/devkitPro/devkitARM/bin/../lib/gcc/arm-none-eabi/14.2.0/../../../../arm-none-eabi/lib/armv6k/fpu\libg.a(libm_a-s_frexp.o)
                0x00111ec0                frexp
 .text.__assert_func
                0x00111f48       0x5c C:/devkitPro/devkitARM/bin/../lib/gcc/arm-none-eabi/14.2.0/../../../../arm-none-eabi/lib/armv6k/fpu\libg.a(libc_a-assert.o)
                0x00111f48                __assert_func
 .text._Balloc  0x00111fa4       0x88 C:/devkitPro/devkitARM/bin/../lib/gcc/arm-none-eabi/14.2.0/../../../../arm-none-eabi/lib/armv6k/fpu\libg.a(libc_a-mprec.o)
                0x00111fa4                _Balloc
 .text._Bfree   0x0011202c       0x1c C:/devkitPro/devkitARM/bin/../lib/gcc/arm-none-eabi/14.2.0/../../../../arm-none-eabi/lib/armv6k/fpu\libg.a(libc_a-mprec.o)
                0x0011202c                _Bfree
 .text.__multadd
                0x00112048       0xf4 C:/devkitPro/devkitARM/bin/../lib/gcc/arm-none-eabi/14.2.0/../../../../arm-none-eabi/lib/armv6k/fpu\libg.a(libc_a-mprec.o)
                0x00112048                __multadd
 .text.__hi0bits
                0x0011213c       0x80 C:/devkitPro/devkitARM/bin/../lib/gcc/arm-none-eabi/14.2.0/../../../../arm-none-eabi/lib/armv6k/fpu\libg.a(libc_a-mprec.o)
                0x0011213c                __hi0bits
 .text.__lo0bits
                0x001121bc       0xf4 C:/devkitPro/devkitARM/bin/../lib/gcc/arm-none-eabi/14.2.0/../../../../arm-none-eabi/lib/armv6k/fpu\libg.a(libc_a-mprec.o)
                0x001121bc                __lo0bits
 .text.__i2b    0x001122b0       0xa4 C:/devkitPro/devkitARM/bin/../lib/gcc/arm-none-eabi/14.2.0/../../../../arm-none-eabi/lib/armv6k/fpu\libg.a(libc_a-mprec.o)
                0x001122b0                __i2b
 .text.__multiply
                0x00112354      0x208 C:/devkitPro/devkitARM/bin/../lib/gcc/arm-none-eabi/14.2.0/../../../../arm-none-eabi/lib/armv6k/fpu\libg.a(libc_a-mprec.o)
                0x00112354                __multiply
 .text.__pow5mult
                0x0011255c      0x130 C:/devkitPro/devkitARM/bin/../lib/gcc/arm-none-eabi/14.2.0/../../../../arm-none-eabi/lib/armv6k/fpu\libg.a(libc_a-mprec.o)
                0x0011255c                __pow5mult
 .text.__lshift
                0x0011268c      0x138 C:/devkitPro/devkitARM/bin/../lib/gcc/arm-none-eabi/14.2.0/../../../../arm-none-eabi/lib/armv6k/fpu\libg.a(libc_a-mprec.o)
                0x0011268c                __lshift
 .text.__mcmp   0x001127c4       0x58 C:/devkitPro/devkitARM/bin/../lib/gcc/arm-none-eabi/14.2.0/../../../../arm-none-eabi/lib/armv6k/fpu\libg.a(libc_a-mprec.o)
                0x001127c4                __mcmp
 .text.__mdiff  0x0011281c      0x1f0 C:/devkitPro/devkitARM/bin/../lib/gcc/arm-none-eabi/14.2.0/../../../../arm-none-eabi/lib/armv6k/fpu\libg.a(libc_a-mprec.o)
                0x0011281c                __mdiff
 .text.__d2b    0x00112a0c      0x120 C:/devkitPro/devkitARM/bin/../lib/gcc/arm-none-eabi/14.2.0/../../../../arm-none-eabi/lib/armv6k/fpu\libg.a(libc_a-mprec.o)
                0x00112a0c                __d2b
 .text.__locale_mb_cur_max
                0x00112b2c       0x24 C:/devkitPro/devkitARM/bin/../lib/gcc/arm-none-eabi/14.2.0/../../../../arm-none-eabi/lib/armv6k/fpu\libg.a(libc_a-locale.o)
                0x00112b2c                __locale_mb_cur_max
 .text.fiprintf
                0x00112b50       0x3c C:/devkitPro/devkitARM/bin/../lib/gcc/arm-none-eabi/14.2.0/../../../../arm-none-eabi/lib/armv6k/fpu\libg.a(libc_a-fiprintf.o)
                0x00112b50                fiprintf
 .text.memchr   0x00112b8c       0xe0 C:/devkitPro/devkitARM/bin/../lib/gcc/arm-none-eabi/14.2.0/../../../../arm-none-eabi/lib/armv6k/fpu\libg.a(libc_a-memchr-stub.o)
                0x00112b8c                memchr
 .text._wcsnrtombs_l
                0x00112c6c      0x160 C:/devkitPro/devkitARM/bin/../lib/gcc/arm-none-eabi/14.2.0/../../../../arm-none-eabi/lib/armv6k/fpu\libg.a(libc_a-wcsnrtombs.o)
                0x00112c6c                _wcsnrtombs_l
 .text._wcsnrtombs_r
                0x00112dcc       0x64 C:/devkitPro/devkitARM/bin/../lib/gcc/arm-none-eabi/14.2.0/../../../../arm-none-eabi/lib/armv6k/fpu\libg.a(libc_a-wcsnrtombs.o)
                0x00112dcc                _wcsnrtombs_r
 .text.__utf8_mbtowc
                0x00112e30      0x324 C:/devkitPro/devkitARM/bin/../lib/gcc/arm-none-eabi/14.2.0/../../../../arm-none-eabi/lib/armv6k/fpu\libg.a(libc_a-mbtowc_r.o)
                0x00112e30                __utf8_mbtowc
 .text.__sprint_r
                0x00113154       0x30 C:/devkitPro/devkitARM/bin/../lib/gcc/arm-none-eabi/14.2.0/../../../../arm-none-eabi/lib/armv6k/fpu\libg.a(libc_a-sprint_r.o)
                0x00113154                __sprint_r
 .text.abort    0x00113184       0x14 C:/devkitPro/devkitARM/bin/../lib/gcc/arm-none-eabi/14.2.0/../../../../arm-none-eabi/lib/armv6k/fpu\libg.a(libc_a-abort.o)
                0x00113184                abort
 .text._localeconv_r
                0x00113198       0x24 C:/devkitPro/devkitARM/bin/../lib/gcc/arm-none-eabi/14.2.0/../../../../arm-none-eabi/lib/armv6k/fpu\libg.a(libc_a-localeconv.o)
                0x00113198                _localeconv_r
 .text._calloc_r
                0x001131bc       0xc0 C:/devkitPro/devkitARM/bin/../lib/gcc/arm-none-eabi/14.2.0/../../../../arm-none-eabi/lib/armv6k/fpu\libg.a(libc_a-callocr.o)
                0x001131bc                _calloc_r
 .text.__utf8_wctomb
                0x0011327c       0xf0 C:/devkitPro/devkitARM/bin/../lib/gcc/arm-none-eabi/14.2.0/../../../../arm-none-eabi/lib/armv6k/fpu\libg.a(libc_a-wctomb_r.o)
                0x0011327c                __utf8_wctomb
 .text.strchr   0x0011336c      0x130 C:/devkitPro/devkitARM/bin/../lib/gcc/arm-none-eabi/14.2.0/../../../../arm-none-eabi/lib/armv6k/fpu\libg.a(libc_a-strchr.o)
                0x0011336c                strchr
 .text.memmove  0x0011349c      0x160 C:/devkitPro/devkitARM/bin/../lib/gcc/arm-none-eabi/14.2.0/../../../../arm-none-eabi/lib/armv6k/fpu\libg.a(libc_a-memmove.o)
                0x0011349c                memmove
 .text._raise_r
                0x001135fc       0x90 C:/devkitPro/devkitARM/bin/../lib/gcc/arm-none-eabi/14.2.0/../../../../arm-none-eabi/lib/armv6k/fpu\libg.a(libc_a-signal.o)
                0x001135fc                _raise_r
 .text.raise    0x0011368c       0x18 C:/devkitPro/devkitARM/bin/../lib/gcc/arm-none-eabi/14.2.0/../../../../arm-none-eabi/lib/armv6k/fpu\libg.a(libc_a-signal.o)
                0x0011368c                raise
 .text.__sfvwrite_r
                0x001136a4      0x480 C:/devkitPro/devkitARM/bin/../lib/gcc/arm-none-eabi/14.2.0/../../../../arm-none-eabi/lib/armv6k/fpu\libg.a(libc_a-fvwrite.o)
                0x001136a4                __sfvwrite_r
 .text.get_arg  0x00113b24      0x5e4 C:/devkitPro/devkitARM/bin/../lib/gcc/arm-none-eabi/14.2.0/../../../../arm-none-eabi/lib/armv6k/fpu\libg.a(libc_a-vfiprintf.o)
 .text._vfiprintf_r
                0x00114108     0x2264 C:/devkitPro/devkitARM/bin/../lib/gcc/arm-none-eabi/14.2.0/../../../../arm-none-eabi/lib/armv6k/fpu\libg.a(libc_a-vfiprintf.o)
                0x00114108                _vfiprintf_r
 .text.__sbprintf
                0x0011636c       0xb8 C:/devkitPro/devkitARM/bin/../lib/gcc/arm-none-eabi/14.2.0/../../../../arm-none-eabi/lib/armv6k/fpu\libg.a(libc_a-vfiprintf.o)
 .text._realloc_r
                0x00116424      0x4a4 C:/devkitPro/devkitARM/bin/../lib/gcc/arm-none-eabi/14.2.0/../../../../arm-none-eabi/lib/armv6k/fpu\libg.a(libc_a-reallocr.o)
                0x00116424                _realloc_r
 .text._exit    0x001168c8       0x20 C:/devkitPro/devkitARM/bin/../lib/gcc/arm-none-eabi/14.2.0/../../../../arm-none-eabi/lib/armv6k/fpu\libsysbase.a(libsysbase_libsysbase_a-_exit.o)
                0x001168c8                _exit
 .text.chdir    0x001168e8      0x13c C:/devkitPro/devkitARM/bin/../lib/gcc/arm-none-eabi/14.2.0/../../../../arm-none-eabi/lib/armv6k/fpu\libsysbase.a(libsysbase_libsysbase_a-chdir.o)
                0x001168e8                chdir
 .text._concatenate_path
                0x00116a24      0x1cc C:/devkitPro/devkitARM/bin/../lib/gcc/arm-none-eabi/14.2.0/../../../../arm-none-eabi/lib/armv6k/fpu\libsysbase.a(libsysbase_libsysbase_a-concatenate.o)
                0x00116a24                _concatenate_path
 .text._fstat_r
                0x00116bf0       0x88 C:/devkitPro/devkitARM/bin/../lib/gcc/arm-none-eabi/14.2.0/../../../../arm-none-eabi/lib/armv6k/fpu\libsysbase.a(libsysbase_libsysbase_a-fstat.o)
                0x00116bf0                _fstat_r
 .text._getpid_r
                0x00116c78       0x14 C:/devkitPro/devkitARM/bin/../lib/gcc/arm-none-eabi/14.2.0/../../../../arm-none-eabi/lib/armv6k/fpu\libsysbase.a(libsysbase_libsysbase_a-getpid.o)
                0x00116c78                _getpid_r
 .text.__getreent
                0x00116c8c       0x2c C:/devkitPro/devkitARM/bin/../lib/gcc/arm-none-eabi/14.2.0/../../../../arm-none-eabi/lib/armv6k/fpu\libsysbase.a(libsysbase_libsysbase_a-getreent.o)
                0x00116c8c                __getreent
 .text.__get_handle
                0x00116cb8       0x3c C:/devkitPro/devkitARM/bin/../lib/gcc/arm-none-eabi/14.2.0/../../../../arm-none-eabi/lib/armv6k/fpu\libsysbase.a(libsysbase_libsysbase_a-handle_manager.o)
                0x00116cb8                __get_handle
 .text._close_r
                0x00116cf4       0xf4 C:/devkitPro/devkitARM/bin/../lib/gcc/arm-none-eabi/14.2.0/../../../../arm-none-eabi/lib/armv6k/fpu\libsysbase.a(libsysbase_libsysbase_a-handle_manager.o)
                0x00116cf4                _close_r
 .text.null_write
                0x00116de8        0x8 C:/devkitPro/devkitARM/bin/../lib/gcc/arm-none-eabi/14.2.0/../../../../arm-none-eabi/lib/armv6k/fpu\libsysbase.a(libsysbase_libsysbase_a-iosupport.o)
 .text.setDefaultDevice
                0x00116df0       0x18 C:/devkitPro/devkitARM/bin/../lib/gcc/arm-none-eabi/14.2.0/../../../../arm-none-eabi/lib/armv6k/fpu\libsysbase.a(libsysbase_libsysbase_a-iosupport.o)
                0x00116df0                setDefaultDevice
 .text.FindDevice
                0x00116e08       0xc8 C:/devkitPro/devkitARM/bin/../lib/gcc/arm-none-eabi/14.2.0/../../../../arm-none-eabi/lib/armv6k/fpu\libsysbase.a(libsysbase_libsysbase_a-iosupport.o)
                0x00116e08                FindDevice
 .text.RemoveDevice
                0x00116ed0       0x28 C:/devkitPro/devkitARM/bin/../lib/gcc/arm-none-eabi/14.2.0/../../../../arm-none-eabi/lib/armv6k/fpu\libsysbase.a(libsysbase_libsysbase_a-iosupport.o)
                0x00116ed0                RemoveDevice
 .text.AddDevice
                0x00116ef8       0x98 C:/devkitPro/devkitARM/bin/../lib/gcc/arm-none-eabi/14.2.0/../../../../arm-none-eabi/lib/armv6k/fpu\libsysbase.a(libsysbase_libsysbase_a-iosupport.o)
                0x00116ef8                AddDevice
 .text.GetDeviceOpTab
                0x00116f90       0x20 C:/devkitPro/devkitARM/bin/../lib/gcc/arm-none-eabi/14.2.0/../../../../arm-none-eabi/lib/armv6k/fpu\libsysbase.a(libsysbase_libsysbase_a-iosupport.o)
                0x00116f90                GetDeviceOpTab
 .text._isatty_r
                0x00116fb0        0x8 C:/devkitPro/devkitARM/bin/../lib/gcc/arm-none-eabi/14.2.0/../../../../arm-none-eabi/lib/armv6k/fpu\libsysbase.a(libsysbase_libsysbase_a-isatty.o)
                0x00116fb0                _isatty_r
 .text._kill_r  0x00116fb8       0x14 C:/devkitPro/devkitARM/bin/../lib/gcc/arm-none-eabi/14.2.0/../../../../arm-none-eabi/lib/armv6k/fpu\libsysbase.a(libsysbase_libsysbase_a-kill.o)
                0x00116fb8                _kill_r
 .text._lseek_r
                0x00116fcc       0x8c C:/devkitPro/devkitARM/bin/../lib/gcc/arm-none-eabi/14.2.0/../../../../arm-none-eabi/lib/armv6k/fpu\libsysbase.a(libsysbase_libsysbase_a-lseek.o)
                0x00116fcc                _lseek_r
 .text._read_r  0x00117058       0x88 C:/devkitPro/devkitARM/bin/../lib/gcc/arm-none-eabi/14.2.0/../../../../arm-none-eabi/lib/armv6k/fpu\libsysbase.a(libsysbase_libsysbase_a-read.o)
                0x00117058                _read_r
 .text._sbrk_r  0x001170e0       0x78 C:/devkitPro/devkitARM/bin/../lib/gcc/arm-none-eabi/14.2.0/../../../../arm-none-eabi/lib/armv6k/fpu\libsysbase.a(libsysbase_libsysbase_a-sbrk.o)
                0x001170e0                _sbrk_r
 .text.__libc_lock_acquire
                0x00117158       0x1c C:/devkitPro/devkitARM/bin/../lib/gcc/arm-none-eabi/14.2.0/../../../../arm-none-eabi/lib/armv6k/fpu\libsysbase.a(libsysbase_libsysbase_a-syscall_support.o)
                0x00117158                __libc_lock_acquire
 .text.__libc_lock_release
                0x00117174       0x1c C:/devkitPro/devkitARM/bin/../lib/gcc/arm-none-eabi/14.2.0/../../../../arm-none-eabi/lib/armv6k/fpu\libsysbase.a(libsysbase_libsysbase_a-syscall_support.o)
                0x00117174                __libc_lock_release
 .text.__libc_lock_acquire_recursive
                0x00117190       0x1c C:/devkitPro/devkitARM/bin/../lib/gcc/arm-none-eabi/14.2.0/../../../../arm-none-eabi/lib/armv6k/fpu\libsysbase.a(libsysbase_libsysbase_a-syscall_support.o)
                0x00117190                __libc_lock_acquire_recursive
 .text.__libc_lock_release_recursive
                0x001171ac       0x1c C:/devkitPro/devkitARM/bin/../lib/gcc/arm-none-eabi/14.2.0/../../../../arm-none-eabi/lib/armv6k/fpu\libsysbase.a(libsysbase_libsysbase_a-syscall_support.o)
                0x001171ac                __libc_lock_release_recursive
 .text._write_r
                0x001171c8       0x88 C:/devkitPro/devkitARM/bin/../lib/gcc/arm-none-eabi/14.2.0/../../../../arm-none-eabi/lib/armv6k/fpu\libsysbase.a(libsysbase_libsysbase_a-write.o)
                0x001171c8                _write_r
 .text.strrchr  0x00117250       0x48 C:/devkitPro/devkitARM/bin/../lib/gcc/arm-none-eabi/14.2.0/../../../../arm-none-eabi/lib/armv6k/fpu\libg.a(libc_a-strrchr.o)
                0x00117250                strrchr
 *(.glue_7)
 .glue_7        0x00117298        0x0 linker stubs
 *(.glue_7t)
 .glue_7t       0x00117298        0x0 linker stubs
 *(.stub)
 *(.gnu.warning)
 *(.gnu.linkonce.t*)
                0x00117298                        . = ALIGN (0x4)
 *(.fini)
 .fini          0x00117298        0xc C:/devkitPro/devkitARM/bin/../lib/gcc/arm-none-eabi/14.2.0/armv6k/fpu/crti.o
                0x00117298                _fini
 .fini          0x001172a4        0xc C:/devkitPro/devkitARM/bin/../lib/gcc/arm-none-eabi/14.2.0/armv6k/fpu/crtn.o
                0x001172b0                        . = ALIGN (0x4)

.vfp11_veneer   0x001172b0        0x0
 .vfp11_veneer  0x001172b0        0x0 linker stubs

.v4_bx          0x001172b0        0x0
 .v4_bx         0x001172b0        0x0 linker stubs

.iplt           0x001172b0        0x0
 .iplt          0x001172b0        0x0 C:/devkitPro/devkitARM/bin/../lib/gcc/arm-none-eabi/14.2.0/../../../../arm-none-eabi/lib/armv6k/fpu/3dsx_crt0.o
                0x00118000                        . = ALIGN (0x1000)

.rodata         0x00118000     0x1398
 *(.rodata)
 .rodata        0x00118000        0xc C:/devkitPro/libctru/lib\libctru.a(archive_dev.o)
 *(.roda)
 *(.rodata.*)
 .rodata.str1.4
                0x0011800c      0x340 main.o
                                0x15e (size before relaxing)
 .rodata.str1.4
                0x0011834c       0x10 C:/devkitPro/libctru/lib\libctru.a(console.o)
 .rodata.dotab_stdout
                0x0011834c       0x80 C:/devkitPro/libctru/lib\libctru.a(console.o)
 .rodata.grayScale
                0x001183cc       0x18 C:/devkitPro/libctru/lib\libctru.a(console.o)
 .rodata.colorCube
                0x001183e4        0x6 C:/devkitPro/libctru/lib\libctru.a(console.o)
 *fill*         0x001183ea        0x2 
 .rodata.colorTable
                0x001183ec       0x30 C:/devkitPro/libctru/lib\libctru.a(console.o)
 .rodata.aptSendCommand.str1.4
                0x0011841c       0x16 C:/devkitPro/libctru/lib\libctru.a(apt.o)
 .rodata.morton_y.2
                0x0011841c        0x8 C:/devkitPro/libctru/lib\libctru.a(apt.o)
 .rodata.morton_x.3
                0x00118424        0x8 C:/devkitPro/libctru/lib\libctru.a(apt.o)
 .rodata.s_sleepWakeEvents.4
                0x0011842c        0x8 C:/devkitPro/libctru/lib\libctru.a(apt.o)
 .rodata.gspInit.str1.4
                0x00118434        0x9 C:/devkitPro/libctru/lib\libctru.a(gspgpu.o)
 .rodata.hidInit.str1.4
                0x00118434       0x15 C:/devkitPro/libctru/lib\libctru.a(hid.o)
 .rodata.irrstInit.str1.4
                0x00118434        0x7 C:/devkitPro/libctru/lib\libctru.a(irrst.o)
 .rodata.mcuHwcInit.str1.4
                0x00118434        0x9 C:/devkitPro/libctru/lib\libctru.a(mcuhwc.o)
 .rodata.__system_initArgv.str1.4
                0x00118434        0xa C:/devkitPro/libctru/lib\libctru.a(initArgv.o)
 .rodata.default_font_bin
                0x00118434      0x800 C:/devkitPro/libctru/lib\libctru.a(default_font.bin.o)
                0x00118434                default_font_bin
                0x00118c34                default_font_bin_end
 .rodata.srvInit.str1.4
                0x00118c34        0x5 C:/devkitPro/libctru/lib\libctru.a(srv.o)
 .rodata.ptmSysmInit.str1.4
                0x00118c34        0x9 C:/devkitPro/libctru/lib\libctru.a(ptmsysm.o)
 .rodata.archive_utf16path.str1.4
                0x00118c34        0x2 C:/devkitPro/libctru/lib\libctru.a(archive_dev.o)
 .rodata._archiveUnmountDeviceStruct.part.0.str1.4
                0x00118c34        0x2 C:/devkitPro/libctru/lib\libctru.a(archive_dev.o)
 .rodata._archiveMountDevice.str1.4
                0x00118c34        0xc C:/devkitPro/libctru/lib\libctru.a(archive_dev.o)
 .rodata.archiveMountSdmc.str1.4
                0x00118c34        0x5 C:/devkitPro/libctru/lib\libctru.a(archive_dev.o)
 .rodata.error_table
                0x00118c34       0x30 C:/devkitPro/libctru/lib\libctru.a(archive_dev.o)
 .rodata.str1.4
                0x00118c64        0x8 C:/devkitPro/libctru/lib\libctru.a(archive_dev.o)
 .rodata.archive_devoptab
                0x00118c64       0x80 C:/devkitPro/libctru/lib\libctru.a(archive_dev.o)
 .rodata.fsInit.str1.4
                0x00118ce4        0x8 C:/devkitPro/libctru/lib\libctru.a(fs.o)
 .rodata._ctype_
                0x00118ce4      0x101 C:/devkitPro/devkitARM/bin/../lib/gcc/arm-none-eabi/14.2.0/../../../../arm-none-eabi/lib/armv6k/fpu\libg.a(libc_a-ctype_.o)
                0x00118ce4                _ctype_
 *fill*         0x00118de5        0x1 
 .rodata.get_arg
                0x00118de6       0x34 C:/devkitPro/devkitARM/bin/../lib/gcc/arm-none-eabi/14.2.0/../../../../arm-none-eabi/lib/armv6k/fpu\libg.a(libc_a-vfprintf.o)
 .rodata._vfprintf_r.str1.1
                0x00118e1a       0x3b C:/devkitPro/devkitARM/bin/../lib/gcc/arm-none-eabi/14.2.0/../../../../arm-none-eabi/lib/armv6k/fpu\libg.a(libc_a-vfprintf.o)
 *fill*         0x00118e55        0x1 
 .rodata._vfprintf_r
                0x00118e56       0xb6 C:/devkitPro/devkitARM/bin/../lib/gcc/arm-none-eabi/14.2.0/../../../../arm-none-eabi/lib/armv6k/fpu\libg.a(libc_a-vfprintf.o)
 .rodata.zeroes.0
                0x00118f0c       0x10 C:/devkitPro/devkitARM/bin/../lib/gcc/arm-none-eabi/14.2.0/../../../../arm-none-eabi/lib/armv6k/fpu\libg.a(libc_a-vfprintf.o)
 .rodata.blanks.1
                0x00118f1c       0x10 C:/devkitPro/devkitARM/bin/../lib/gcc/arm-none-eabi/14.2.0/../../../../arm-none-eabi/lib/armv6k/fpu\libg.a(libc_a-vfprintf.o)
 .rodata._dtoa_r.str1.4
                0x00118f2c       0x6a C:/devkitPro/devkitARM/bin/../lib/gcc/arm-none-eabi/14.2.0/../../../../arm-none-eabi/lib/armv6k/fpu\libg.a(libc_a-dtoa.o)
 .rodata._dtoa_r
                0x00118f2c        0x8 C:/devkitPro/devkitARM/bin/../lib/gcc/arm-none-eabi/14.2.0/../../../../arm-none-eabi/lib/armv6k/fpu\libg.a(libc_a-dtoa.o)
 .rodata.__action_table
                0x00118f34       0x6c C:/devkitPro/devkitARM/bin/../lib/gcc/arm-none-eabi/14.2.0/../../../../arm-none-eabi/lib/armv6k/fpu\libg.a(libc_a-svfiprintf.o)
                0x00118f34                __action_table
 .rodata.__state_table
                0x00118fa0       0x6c C:/devkitPro/devkitARM/bin/../lib/gcc/arm-none-eabi/14.2.0/../../../../arm-none-eabi/lib/armv6k/fpu\libg.a(libc_a-svfiprintf.o)
                0x00118fa0                __state_table
 .rodata.__chclass
                0x0011900c      0x100 C:/devkitPro/devkitARM/bin/../lib/gcc/arm-none-eabi/14.2.0/../../../../arm-none-eabi/lib/armv6k/fpu\libg.a(libc_a-svfiprintf.o)
                0x0011900c                __chclass
 .rodata.__assert_func.str1.4
                0x0011910c       0x43 C:/devkitPro/devkitARM/bin/../lib/gcc/arm-none-eabi/14.2.0/../../../../arm-none-eabi/lib/armv6k/fpu\libg.a(libc_a-assert.o)
 .rodata.__multadd.str1.4
                0x0011910c       0x57 C:/devkitPro/devkitARM/bin/../lib/gcc/arm-none-eabi/14.2.0/../../../../arm-none-eabi/lib/armv6k/fpu\libg.a(libc_a-mprec.o)
 .rodata.p05.0  0x0011910c        0xc C:/devkitPro/devkitARM/bin/../lib/gcc/arm-none-eabi/14.2.0/../../../../arm-none-eabi/lib/armv6k/fpu\libg.a(libc_a-mprec.o)
 .rodata.__mprec_bigtens
                0x00119118       0x28 C:/devkitPro/devkitARM/bin/../lib/gcc/arm-none-eabi/14.2.0/../../../../arm-none-eabi/lib/armv6k/fpu\libg.a(libc_a-mprec.o)
                0x00119118                __mprec_bigtens
 .rodata.__mprec_tens
                0x00119140       0xc8 C:/devkitPro/devkitARM/bin/../lib/gcc/arm-none-eabi/14.2.0/../../../../arm-none-eabi/lib/armv6k/fpu\libg.a(libc_a-mprec.o)
                0x00119140                __mprec_tens
 .rodata.str1.4
                0x00119208       0x4c C:/devkitPro/devkitARM/bin/../lib/gcc/arm-none-eabi/14.2.0/../../../../arm-none-eabi/lib/armv6k/fpu\libg.a(libc_a-locale.o)
 .rodata.get_arg
                0x00119208       0x34 C:/devkitPro/devkitARM/bin/../lib/gcc/arm-none-eabi/14.2.0/../../../../arm-none-eabi/lib/armv6k/fpu\libg.a(libc_a-vfiprintf.o)
 .rodata._vfiprintf_r.str1.1
                0x0011923c       0x29 C:/devkitPro/devkitARM/bin/../lib/gcc/arm-none-eabi/14.2.0/../../../../arm-none-eabi/lib/armv6k/fpu\libg.a(libc_a-vfiprintf.o)
 .rodata._vfiprintf_r
                0x0011923c       0xb6 C:/devkitPro/devkitARM/bin/../lib/gcc/arm-none-eabi/14.2.0/../../../../arm-none-eabi/lib/armv6k/fpu\libg.a(libc_a-vfiprintf.o)
 *fill*         0x001192f2        0x2 
 .rodata.zeroes.0
                0x001192f4       0x10 C:/devkitPro/devkitARM/bin/../lib/gcc/arm-none-eabi/14.2.0/../../../../arm-none-eabi/lib/armv6k/fpu\libg.a(libc_a-vfiprintf.o)
 .rodata.blanks.1
                0x00119304       0x10 C:/devkitPro/devkitARM/bin/../lib/gcc/arm-none-eabi/14.2.0/../../../../arm-none-eabi/lib/armv6k/fpu\libg.a(libc_a-vfiprintf.o)
 .rodata.AddDevice.str1.4
                0x00119314        0x8 C:/devkitPro/devkitARM/bin/../lib/gcc/arm-none-eabi/14.2.0/../../../../arm-none-eabi/lib/armv6k/fpu\libsysbase.a(libsysbase_libsysbase_a-iosupport.o)
 .rodata.dotab_stdnull
                0x00119314       0x80 C:/devkitPro/devkitARM/bin/../lib/gcc/arm-none-eabi/14.2.0/../../../../arm-none-eabi/lib/armv6k/fpu\libsysbase.a(libsysbase_libsysbase_a-iosupport.o)
                0x00119314                dotab_stdnull
 *all.rodata*(*)
 *(.gnu.linkonce.r*)
                0x00119394                        . = ALIGN (0x4)
                0x00119394                        __tdata_align = .
                0x00119394        0x4 LONG 0x4 ALIGNOF (.tdata)
                0x00119398                        . = ALIGN (0x4)

.eh_frame       0x00119398        0x0
 .eh_frame      0x00119398        0x0 C:/devkitPro/devkitARM/bin/../lib/gcc/arm-none-eabi/14.2.0/armv6k/fpu/crtbegin.o

.rel.dyn        0x00119398        0x0
 .rel.iplt      0x00119398        0x0 C:/devkitPro/devkitARM/bin/../lib/gcc/arm-none-eabi/14.2.0/../../../../arm-none-eabi/lib/armv6k/fpu/3dsx_crt0.o
 .rel.got       0x00119398        0x0 C:/devkitPro/devkitARM/bin/../lib/gcc/arm-none-eabi/14.2.0/../../../../arm-none-eabi/lib/armv6k/fpu/3dsx_crt0.o

.ARM.extab
 *(.ARM.extab* .gnu.linkonce.armextab.*)
                0x00119398                        __exidx_start = .

.ARM.exidx
 *(.ARM.exidx* .gnu.linkonce.armexidx.*)
                0x00119398                        __exidx_end = .
                0x0011a000                        . = ALIGN (0x1000)

.data           0x0011a000     0x1bcc
 *(.data)
 *(.data.*)
 .data.firstConsoleInit.0
                0x0011a000        0x1 C:/devkitPro/libctru/lib\libctru.a(console.o)
 *fill*         0x0011a001        0x3 
 .data.currentConsole
                0x0011a004        0x4 C:/devkitPro/libctru/lib\libctru.a(console.o)
                0x0011a004                currentConsole
 .data.defaultConsole
                0x0011a008       0x48 C:/devkitPro/libctru/lib\libctru.a(console.o)
                0x0011a008                defaultConsole
 .data.aptChainloadDeliverArgSize
                0x0011a050        0x4 C:/devkitPro/libctru/lib\libctru.a(apt.o)
 .data.kCount   0x0011a054        0x4 C:/devkitPro/libctru/lib\libctru.a(hid.o)
 .data.kInterval
                0x0011a058        0x4 C:/devkitPro/libctru/lib\libctru.a(hid.o)
 .data.kDelay   0x0011a05c        0x4 C:/devkitPro/libctru/lib\libctru.a(hid.o)
 .data.__stacksize__
                0x0011a060        0x4 C:/devkitPro/libctru/lib\libctru.a(stack_adjust.o)
                0x0011a060                __stacksize__
 .data._impure_ptr
                0x0011a064        0x4 C:/devkitPro/devkitARM/bin/../lib/gcc/arm-none-eabi/14.2.0/../../../../arm-none-eabi/lib/armv6k/fpu\libg.a(libc_a-impure.o)
                0x0011a064                _impure_ptr
 .data._impure_data
                0x0011a068      0x120 C:/devkitPro/devkitARM/bin/../lib/gcc/arm-none-eabi/14.2.0/../../../../arm-none-eabi/lib/armv6k/fpu\libg.a(libc_a-impure.o)
                0x0011a068                _impure_data
 .data.__sglue  0x0011a188        0xc C:/devkitPro/devkitARM/bin/../lib/gcc/arm-none-eabi/14.2.0/../../../../arm-none-eabi/lib/armv6k/fpu\libg.a(libc_a-findfp.o)
                0x0011a188                __sglue
 .data.__malloc_sbrk_base
                0x0011a194        0x4 C:/devkitPro/devkitARM/bin/../lib/gcc/arm-none-eabi/14.2.0/../../../../arm-none-eabi/lib/armv6k/fpu\libg.a(libc_a-mallocr.o)
                0x0011a194                __malloc_sbrk_base
 .data.__malloc_trim_threshold
                0x0011a198        0x4 C:/devkitPro/devkitARM/bin/../lib/gcc/arm-none-eabi/14.2.0/../../../../arm-none-eabi/lib/armv6k/fpu\libg.a(libc_a-mallocr.o)
                0x0011a198                __malloc_trim_threshold
 *fill*         0x0011a19c        0x4 
 .data.__malloc_av_
                0x0011a1a0      0x408 C:/devkitPro/devkitARM/bin/../lib/gcc/arm-none-eabi/14.2.0/../../../../arm-none-eabi/lib/armv6k/fpu\libg.a(libc_a-mallocr.o)
                0x0011a1a0                __malloc_av_
 .data.__global_locale
                0x0011a5a8      0x16c C:/devkitPro/devkitARM/bin/../lib/gcc/arm-none-eabi/14.2.0/../../../../arm-none-eabi/lib/armv6k/fpu\libg.a(libc_a-locale.o)
                0x0011a5a8                __global_locale
 .data._current_working_directory
                0x0011a714      0x400 C:/devkitPro/devkitARM/bin/../lib/gcc/arm-none-eabi/14.2.0/../../../../arm-none-eabi/lib/armv6k/fpu\libsysbase.a(libsysbase_libsysbase_a-chdir.o)
 *fill*         0x0011ab14        0x4 
 .data.handles  0x0011ab18     0x1000 C:/devkitPro/devkitARM/bin/../lib/gcc/arm-none-eabi/14.2.0/../../../../arm-none-eabi/lib/armv6k/fpu\libsysbase.a(libsysbase_libsysbase_a-handle_manager.o)
 .data.__stderr_handle
                0x0011bb18        0xc C:/devkitPro/devkitARM/bin/../lib/gcc/arm-none-eabi/14.2.0/../../../../arm-none-eabi/lib/armv6k/fpu\libsysbase.a(libsysbase_libsysbase_a-handle_manager.o)
 .data.__stdout_handle
                0x0011bb24        0xc C:/devkitPro/devkitARM/bin/../lib/gcc/arm-none-eabi/14.2.0/../../../../arm-none-eabi/lib/armv6k/fpu\libsysbase.a(libsysbase_libsysbase_a-handle_manager.o)
 .data.__stdin_handle
                0x0011bb30        0xc C:/devkitPro/devkitARM/bin/../lib/gcc/arm-none-eabi/14.2.0/../../../../arm-none-eabi/lib/armv6k/fpu\libsysbase.a(libsysbase_libsysbase_a-handle_manager.o)
 .data.devoptab_list
                0x0011bb3c       0x8c C:/devkitPro/devkitARM/bin/../lib/gcc/arm-none-eabi/14.2.0/../../../../arm-none-eabi/lib/armv6k/fpu\libsysbase.a(libsysbase_libsysbase_a-iosupport.o)
                0x0011bb3c                devoptab_list
 .data.defaultDevice
                0x0011bbc8        0x4 C:/devkitPro/devkitARM/bin/../lib/gcc/arm-none-eabi/14.2.0/../../../../arm-none-eabi/lib/armv6k/fpu\libsysbase.a(libsysbase_libsysbase_a-iosupport.o)
 *(.gnu.linkonce.d*)
                0x0011bbcc                        . = ALIGN (0x4)

.igot.plt       0x0011bbcc        0x0
 .igot.plt      0x0011bbcc        0x0 C:/devkitPro/devkitARM/bin/../lib/gcc/arm-none-eabi/14.2.0/../../../../arm-none-eabi/lib/armv6k/fpu/3dsx_crt0.o

.got            0x0011bbcc        0x8
 .got           0x0011bbcc        0x8 C:/devkitPro/devkitARM/bin/../lib/gcc/arm-none-eabi/14.2.0/../../../../arm-none-eabi/lib/armv6k/fpu/3dsx_crt0.o

.got.plt        0x0011bbd4        0xc
 .got.plt       0x0011bbd4        0xc C:/devkitPro/devkitARM/bin/../lib/gcc/arm-none-eabi/14.2.0/../../../../arm-none-eabi/lib/armv6k/fpu/3dsx_crt0.o
                0x0011bbd4                _GLOBAL_OFFSET_TABLE_

.tdata          0x0011bbe0        0x0
                0x0011bbe0                        __tdata_lma = .
 *(.tdata)
 *(.tdata.*)
 *(.gnu.linkonce.td.*)
                0x0011bbe0                        . = ALIGN (0x4)
                0x0011bbe0                        __tdata_lma_end = .

.tbss           0x0011bbe0      0xc08
 *(.tbss)
 *(.tbss.*)
 .tbss.__ctru_dev_utf16_buf
                0x0011bbe0      0x802 C:/devkitPro/libctru/lib\libctru.a(path_buf.o)
                0x0011bbe0                __ctru_dev_utf16_buf
 *fill*         0x0011c3e2        0x2 
 .tbss.__ctru_dev_path_buf
                0x0011c3e4      0x401 C:/devkitPro/libctru/lib\libctru.a(path_buf.o)
                0x0011c3e4                __ctru_dev_path_buf
 *(.gnu.linkonce.tb.*)
 *(.tcommon)
                0x0011c7e8                        . = ALIGN (0x4)
 *fill*         0x0011c7e5        0x3 

.preinit_array  0x0011bbe0        0x0
                0x0011bbe0                        PROVIDE (__preinit_array_start = .)
 *(.preinit_array)
                0x0011bbe0                        PROVIDE (__preinit_array_end = .)

.init_array     0x0011bbe0        0x4
                0x0011bbe0                        PROVIDE (__init_array_start = .)
 *(SORT_BY_NAME(.init_array.*))
 *(.init_array)
 .init_array    0x0011bbe0        0x4 C:/devkitPro/devkitARM/bin/../lib/gcc/arm-none-eabi/14.2.0/armv6k/fpu/crtbegin.o
                0x0011bbe4                        PROVIDE (__init_array_end = .)

.fini_array     0x0011bbe4        0x4
                0x0011bbe4                        PROVIDE (__fini_array_start = .)
 *(.fini_array)
 .fini_array    0x0011bbe4        0x4 C:/devkitPro/devkitARM/bin/../lib/gcc/arm-none-eabi/14.2.0/armv6k/fpu/crtbegin.o
 *(SORT_BY_NAME(.fini_array.*))
                0x0011bbe8                        PROVIDE (__fini_array_end = .)

.ctors
 *crtbegin.o(.ctors)
 *(EXCLUDE_FILE(*crtend.o) .ctors)
 *(SORT_BY_NAME(.ctors.*))
 *(.ctors)

.dtors
 *crtbegin.o(.dtors)
 *(EXCLUDE_FILE(*crtend.o) .dtors)
 *(SORT_BY_NAME(.dtors.*))
 *(.dtors)
                0x0011bbe8                        __bss_start__ = .

.bss            0x0011bbe8     0x2dec
 *(.dynbss)
 *(.bss)
 *(.bss.*)
 .bss.completed.1
                0x0011bbe8        0x1 C:/devkitPro/devkitARM/bin/../lib/gcc/arm-none-eabi/14.2.0/armv6k/fpu/crtbegin.o
 *fill*         0x0011bbe9        0x3 
 .bss.object.0  0x0011bbec       0x18 C:/devkitPro/devkitARM/bin/../lib/gcc/arm-none-eabi/14.2.0/armv6k/fpu/crtbegin.o
 .bss.escapeSeq
                0x0011bc04       0x1c C:/devkitPro/libctru/lib\libctru.a(console.o)
 .bss.currentCopy
                0x0011bc20       0x48 C:/devkitPro/libctru/lib\libctru.a(console.o)
                0x0011bc20                currentCopy
 .bss.screenAlloc
                0x0011bc68        0x4 C:/devkitPro/libctru/lib\libctru.a(gfx.o)
 .bss.screenFree
                0x0011bc6c        0x4 C:/devkitPro/libctru/lib\libctru.a(gfx.o)
 .bss.gfxIsDoubleBuf
                0x0011bc70        0x2 C:/devkitPro/libctru/lib\libctru.a(gfx.o)
 *fill*         0x0011bc72        0x2 
 .bss.gfxCurBuf
                0x0011bc74        0x2 C:/devkitPro/libctru/lib\libctru.a(gfx.o)
 .bss.gfxIsVram
                0x0011bc76        0x1 C:/devkitPro/libctru/lib\libctru.a(gfx.o)
 .bss.gfxTopMode
                0x0011bc77        0x1 C:/devkitPro/libctru/lib\libctru.a(gfx.o)
 .bss.gfxFramebufferFormats
                0x0011bc78        0x2 C:/devkitPro/libctru/lib\libctru.a(gfx.o)
 *fill*         0x0011bc7a        0x2 
 .bss.gfxBottomFramebufferMaxSize
                0x0011bc7c        0x4 C:/devkitPro/libctru/lib\libctru.a(gfx.o)
 .bss.gfxTopFramebufferMaxSize
                0x0011bc80        0x4 C:/devkitPro/libctru/lib\libctru.a(gfx.o)
 *fill*         0x0011bc84        0x4 
 .bss.gfxBottomFramebuffers
                0x0011bc88        0x8 C:/devkitPro/libctru/lib\libctru.a(gfx.o)
 .bss.gfxTopFramebuffers
                0x0011bc90        0x8 C:/devkitPro/libctru/lib\libctru.a(gfx.o)
 .bss.flagValue.0
                0x0011bc98        0x1 C:/devkitPro/libctru/lib\libctru.a(apt.o)
 .bss.flagInit.1
                0x0011bc99        0x1 C:/devkitPro/libctru/lib\libctru.a(apt.o)
 *fill*         0x0011bc9a        0x2 
 .bss.serviceName.6
                0x0011bc9c        0x4 C:/devkitPro/libctru/lib\libctru.a(apt.o)
 .bss.aptChainloadFlags
                0x0011bca0        0x1 C:/devkitPro/libctru/lib\libctru.a(apt.o)
 .bss.aptChainloadMediatype
                0x0011bca1        0x1 C:/devkitPro/libctru/lib\libctru.a(apt.o)
 *fill*         0x0011bca2        0x2 
 .bss.aptChainloadHmac
                0x0011bca4       0x20 C:/devkitPro/libctru/lib\libctru.a(apt.o)
 .bss.aptChainloadDeliverArg
                0x0011bcc4      0x300 C:/devkitPro/libctru/lib\libctru.a(apt.o)
 *fill*         0x0011bfc4        0x4 
 .bss.aptChainloadTid
                0x0011bfc8        0x8 C:/devkitPro/libctru/lib\libctru.a(apt.o)
 .bss.aptParameters
                0x0011bfd0     0x1000 C:/devkitPro/libctru/lib\libctru.a(apt.o)
 .bss.aptFlags  0x0011cfd0        0x4 C:/devkitPro/libctru/lib\libctru.a(apt.o)
 .bss.aptHomeButtonState
                0x0011cfd4        0x1 C:/devkitPro/libctru/lib\libctru.a(apt.o)
 *fill*         0x0011cfd5        0x3 
 .bss.aptMessageFuncData
                0x0011cfd8        0x4 C:/devkitPro/libctru/lib\libctru.a(apt.o)
 .bss.aptMessageFunc
                0x0011cfdc        0x4 C:/devkitPro/libctru/lib\libctru.a(apt.o)
 .bss.aptFirstHook
                0x0011cfe0        0xc C:/devkitPro/libctru/lib\libctru.a(apt.o)
 .bss.aptEventHandlerThreadQuit
                0x0011cfec        0x1 C:/devkitPro/libctru/lib\libctru.a(apt.o)
 *fill*         0x0011cfed        0x3 
 .bss.aptEventHandlerThread
                0x0011cff0        0x4 C:/devkitPro/libctru/lib\libctru.a(apt.o)
 .bss.aptSleepEvent
                0x0011cff4        0x8 C:/devkitPro/libctru/lib\libctru.a(apt.o)
 .bss.aptReceiveEvent
                0x0011cffc        0x8 C:/devkitPro/libctru/lib\libctru.a(apt.o)
 .bss.aptEvents
                0x0011d004        0x8 C:/devkitPro/libctru/lib\libctru.a(apt.o)
 .bss.aptLockHandle
                0x0011d00c        0x4 C:/devkitPro/libctru/lib\libctru.a(apt.o)
 .bss.aptRefCount
                0x0011d010        0x4 C:/devkitPro/libctru/lib\libctru.a(apt.o)
 .bss.gspEventCbOneShot
                0x0011d014        0x7 C:/devkitPro/libctru/lib\libctru.a(gspgpu.o)
 *fill*         0x0011d01b        0x1 
 .bss.gspEventCbData
                0x0011d01c       0x1c C:/devkitPro/libctru/lib\libctru.a(gspgpu.o)
 .bss.gspEventCb
                0x0011d038       0x1c C:/devkitPro/libctru/lib\libctru.a(gspgpu.o)
 .bss.gspEvents
                0x0011d054       0x38 C:/devkitPro/libctru/lib\libctru.a(gspgpu.o)
 .bss.gspLastEvent
                0x0011d08c        0x4 C:/devkitPro/libctru/lib\libctru.a(gspgpu.o)
 .bss.gspRunEvents
                0x0011d090        0x1 C:/devkitPro/libctru/lib\libctru.a(gspgpu.o)
 *fill*         0x0011d091        0x3 
 .bss.gspEventThread
                0x0011d094        0x4 C:/devkitPro/libctru/lib\libctru.a(gspgpu.o)
 .bss.gspEvent  0x0011d098        0x4 C:/devkitPro/libctru/lib\libctru.a(gspgpu.o)
 .bss.gspGpuRight
                0x0011d09c        0x1 C:/devkitPro/libctru/lib\libctru.a(gspgpu.o)
 .bss.gspThreadId
                0x0011d09d        0x1 C:/devkitPro/libctru/lib\libctru.a(gspgpu.o)
 *fill*         0x0011d09e        0x2 
 .bss.gspSharedMem
                0x0011d0a0        0x4 C:/devkitPro/libctru/lib\libctru.a(gspgpu.o)
 .bss.gspSharedMemHandle
                0x0011d0a4        0x4 C:/devkitPro/libctru/lib\libctru.a(gspgpu.o)
 .bss.gspRefCount
                0x0011d0a8        0x4 C:/devkitPro/libctru/lib\libctru.a(gspgpu.o)
 .bss.gspGpuHandle
                0x0011d0ac        0x4 C:/devkitPro/libctru/lib\libctru.a(gspgpu.o)
 .bss.usingIrrst
                0x0011d0b0        0x1 C:/devkitPro/libctru/lib\libctru.a(hid.o)
 *fill*         0x0011d0b1        0x3 
 .bss.hidRefCount
                0x0011d0b4        0x4 C:/devkitPro/libctru/lib\libctru.a(hid.o)
 .bss.gRate     0x0011d0b8        0x6 C:/devkitPro/libctru/lib\libctru.a(hid.o)
 *fill*         0x0011d0be        0x2 
 .bss.aVec      0x0011d0c0        0x6 C:/devkitPro/libctru/lib\libctru.a(hid.o)
 *fill*         0x0011d0c6        0x2 
 .bss.cPos      0x0011d0c8        0x4 C:/devkitPro/libctru/lib\libctru.a(hid.o)
 .bss.tPos      0x0011d0cc        0x4 C:/devkitPro/libctru/lib\libctru.a(hid.o)
 .bss.kRepeat   0x0011d0d0        0x4 C:/devkitPro/libctru/lib\libctru.a(hid.o)
 .bss.kUp       0x0011d0d4        0x4 C:/devkitPro/libctru/lib\libctru.a(hid.o)
 .bss.kDown     0x0011d0d8        0x4 C:/devkitPro/libctru/lib\libctru.a(hid.o)
 .bss.kHeld     0x0011d0dc        0x4 C:/devkitPro/libctru/lib\libctru.a(hid.o)
 .bss.kOld      0x0011d0e0        0x4 C:/devkitPro/libctru/lib\libctru.a(hid.o)
 .bss.hidSharedMem
                0x0011d0e4        0x4 C:/devkitPro/libctru/lib\libctru.a(hid.o)
                0x0011d0e4                hidSharedMem
 .bss.hidEvents
                0x0011d0e8       0x14 C:/devkitPro/libctru/lib\libctru.a(hid.o)
                0x0011d0e8                hidEvents
 .bss.hidMemHandle
                0x0011d0fc        0x4 C:/devkitPro/libctru/lib\libctru.a(hid.o)
                0x0011d0fc                hidMemHandle
 .bss.hidHandle
                0x0011d100        0x4 C:/devkitPro/libctru/lib\libctru.a(hid.o)
                0x0011d100                hidHandle
 .bss.irrstRefCount
                0x0011d104        0x4 C:/devkitPro/libctru/lib\libctru.a(irrst.o)
 .bss.csPos     0x0011d108        0x4 C:/devkitPro/libctru/lib\libctru.a(irrst.o)
 .bss.kHeld     0x0011d10c        0x4 C:/devkitPro/libctru/lib\libctru.a(irrst.o)
 .bss.irrstSharedMem
                0x0011d110        0x4 C:/devkitPro/libctru/lib\libctru.a(irrst.o)
                0x0011d110                irrstSharedMem
 .bss.irrstEvent
                0x0011d114        0x4 C:/devkitPro/libctru/lib\libctru.a(irrst.o)
                0x0011d114                irrstEvent
 .bss.irrstMemHandle
                0x0011d118        0x4 C:/devkitPro/libctru/lib\libctru.a(irrst.o)
                0x0011d118                irrstMemHandle
 .bss.irrstHandle
                0x0011d11c        0x4 C:/devkitPro/libctru/lib\libctru.a(irrst.o)
                0x0011d11c                irrstHandle
 .bss.mcuHwcRefCount
                0x0011d120        0x4 C:/devkitPro/libctru/lib\libctru.a(mcuhwc.o)
 .bss.mcuHwcHandle
                0x0011d124        0x4 C:/devkitPro/libctru/lib\libctru.a(mcuhwc.o)
 .bss.__system_retAddr
                0x0011d128        0x4 C:/devkitPro/libctru/lib\libctru.a(ctru_init.o)
                0x0011d128                __system_retAddr
 .bss.__system_argv
                0x0011d12c        0x4 C:/devkitPro/libctru/lib\libctru.a(initArgv.o)
                0x0011d12c                __system_argv
 .bss.__system_argc
                0x0011d130        0x4 C:/devkitPro/libctru/lib\libctru.a(initArgv.o)
                0x0011d130                __system_argc
 .bss.saved_stack.42
                0x0011d134        0x8 C:/devkitPro/libctru/lib\libctru.a(stack_adjust.o)
 *fill*         0x0011d13c        0x4 
 .bss._ZL11sLinearPool
                0x0011d140        0x8 C:/devkitPro/libctru/lib\libctru.a(linear.o)
 .bss._ZL8sAddrMap
                0x0011d148        0xc C:/devkitPro/libctru/lib\libctru.a(linear.o)
 *fill*         0x0011d154        0x4 
 .bss._ZL10sVramPoolB
                0x0011d158        0x8 C:/devkitPro/libctru/lib\libctru.a(vram.o)
 .bss._ZL10sVramPoolA
                0x0011d160        0x8 C:/devkitPro/libctru/lib\libctru.a(vram.o)
 .bss._ZL8sAddrMap
                0x0011d168        0xc C:/devkitPro/libctru/lib\libctru.a(vram.o)
 .bss.__3dslink_host
                0x0011d174        0x4 C:/devkitPro/libctru/lib\libctru.a(3dslink.o)
                0x0011d174                __3dslink_host
 .bss.__ctru_speedup
                0x0011d178        0x1 C:/devkitPro/libctru/lib\libctru.a(os.o)
                0x0011d178                __ctru_speedup
 *fill*         0x0011d179        0x3 
 .bss.srvRefCount
                0x0011d17c        0x4 C:/devkitPro/libctru/lib\libctru.a(srv.o)
 .bss.srvHandle
                0x0011d180        0x4 C:/devkitPro/libctru/lib\libctru.a(srv.o)
 .bss.arbiter   0x0011d184        0x4 C:/devkitPro/libctru/lib\libctru.a(synchronization.o)
 .bss.currentAddr
                0x0011d188        0x4 C:/devkitPro/libctru/lib\libctru.a(mappable.o)
 .bss.maxAddr   0x0011d18c        0x4 C:/devkitPro/libctru/lib\libctru.a(mappable.o)
 .bss.minAddr   0x0011d190        0x4 C:/devkitPro/libctru/lib\libctru.a(mappable.o)
 .bss.ptmSysmRefCount
                0x0011d194        0x4 C:/devkitPro/libctru/lib\libctru.a(ptmsysm.o)
 .bss.ptmSysmHandle
                0x0011d198        0x4 C:/devkitPro/libctru/lib\libctru.a(ptmsysm.o)
 .bss.srvPmHandle
                0x0011d19c        0x4 C:/devkitPro/libctru/lib\libctru.a(srvpm.o)
 .bss.__ctru_linear_heap_size
                0x0011d1a0        0x4 C:/devkitPro/libctru/lib\libctru.a(allocateHeaps.o)
                0x0011d1a0                __ctru_linear_heap_size
 .bss.__ctru_heap_size
                0x0011d1a4        0x4 C:/devkitPro/libctru/lib\libctru.a(allocateHeaps.o)
                0x0011d1a4                __ctru_heap_size
 .bss.__ctru_linear_heap
                0x0011d1a8        0x4 C:/devkitPro/libctru/lib\libctru.a(allocateHeaps.o)
                0x0011d1a8                __ctru_linear_heap
 .bss.__ctru_heap
                0x0011d1ac        0x4 C:/devkitPro/libctru/lib\libctru.a(allocateHeaps.o)
                0x0011d1ac                __ctru_heap
 .bss.archive_devices
                0x0011d1b0      0x5c0 C:/devkitPro/libctru/lib\libctru.a(archive_dev.o)
 .bss.archive_device_cwd
                0x0011d770        0x4 C:/devkitPro/libctru/lib\libctru.a(archive_dev.o)
 .bss.archive_initialized
                0x0011d774        0x1 C:/devkitPro/libctru/lib\libctru.a(archive_dev.o)
 *fill*         0x0011d775        0x3 
 .bss.fsExemptArchives
                0x0011d778       0x80 C:/devkitPro/libctru/lib\libctru.a(fs.o)
 .bss.fsuRefCount
                0x0011d7f8        0x4 C:/devkitPro/libctru/lib\libctru.a(fs.o)
 .bss.fsuHandle
                0x0011d7fc        0x4 C:/devkitPro/libctru/lib\libctru.a(fs.o)
 .bss.__sfp_recursive_mutex
                0x0011d800        0xc C:/devkitPro/devkitARM/bin/../lib/gcc/arm-none-eabi/14.2.0/../../../../arm-none-eabi/lib/armv6k/fpu\libg.a(libc_a-findfp.o)
 *fill*         0x0011d80c        0x4 
 .bss.__sf      0x0011d810      0x168 C:/devkitPro/devkitARM/bin/../lib/gcc/arm-none-eabi/14.2.0/../../../../arm-none-eabi/lib/armv6k/fpu\libg.a(libc_a-findfp.o)
                0x0011d810                __sf
 .bss.__stdio_exit_handler